<html>
<body>
<pre>
<h1>µVision Build Log</h1>
<h2>Tool Versions:</h2>
IDE-Version: ¦ÌVision V5.40.0.0
Copyright (C) 2024 ARM Ltd and ARM Germany GmbH. All rights reserved.
License Information: 1 ASUS, 1, LIC=585FJ-USPZ3-012P1-CD1YM-L02QQ-A2N0B
 
Tool Versions:
Toolchain:       MDK-ARM Plus  Version: 5.40.0.3
Toolchain Path:  D:\Keil5\ARM\ARMCC\Bin
C Compiler:      Armcc.exe V5.05 update 1 (build 106)
Assembler:       Armasm.exe V5.05 update 1 (build 106)
Linker/Locator:  ArmLink.exe V5.05 update 1 (build 106)
Library Manager: ArmAr.exe V5.05 update 1 (build 106)
Hex Converter:   FromElf.exe V5.05 update 1 (build 106)
CPU DLL:         SARMCM3.DLL V5.40.0.3
Dialog DLL:      DCM.DLL V1.17.5.0
Target DLL:      CMSIS_AGDI.dll V1.33.18.0
Dialog DLL:      TCM.DLL V1.56.4.0
 
<h2>Project:</h2>
C:\Users\ASUS\Desktop\DianSai_Git\EleRace2025\DianSai111\MDK-ARM\DianSai111.uvprojx
Project File Date:  07/30/2025

<h2>Output:</h2>
*** Using Compiler 'V5.05 update 1 (build 106)', folder: 'D:\Keil5\ARM\ARMCC\Bin'
Build target 'DianSai111'
compiling main.c...
../Core/Src/main.c(90): warning:  #223-D: function "decode_uart" declared implicitly
          int decode_status = decode_uart(UART_data_buf, Size, &current_freq, &current_amp);
../Core/Src/main.c(110): warning:  #223-D: function "check_start_study_command" declared implicitly
          start_study = check_start_study_command(UART_data_buf, Size);
../Core/Src/main.c(117): warning:  #223-D: function "memset" declared implicitly
          memset(UART_data_buf, 0, 100);
../Core/Src/main.c(118): warning:  #167-D: argument of type "volatile uint8_t *" is incompatible with parameter of type "uint8_t *"
          HAL_UARTEx_ReceiveToIdle_DMA(&huart1, UART_data_buf, 100);
../Core/Src/main.c(122): warning:  #159-D: declaration is incompatible with previous "check_start_study_command" (declared at line 110)
  bool check_start_study_command(uint8_t *uart_buf, uint16_t buf_len) {
../Core/Src/main.c(151): warning:  #223-D: function "memcmp" declared implicitly
              if (memcmp(&uart_buf[i], ac_header, 4) == 0) {
../Core/Src/main.c(154): warning:  #223-D: function "memcpy" declared implicitly
                  memcpy(data, &uart_buf[i+4], 8);
../Core/Src/main.c(187): warning:  #223-D: function "memcmp" declared implicitly
              if (memcmp(&uart_buf[i], ad_header, 4) == 0) {
../Core/Src/main.c(307): warning:  #167-D: argument of type "volatile uint8_t *" is incompatible with parameter of type "uint8_t *"
  	HAL_UARTEx_ReceiveToIdle_DMA(&huart1,UART_data_buf,100);
../Core/Src/main.c(326): warning:  #167-D: argument of type "char *" is incompatible with parameter of type "const uint8_t *"
          HAL_UART_Transmit(&huart1,studying_string,sizeof(studying_string)-1,10);
../Core/Src/main.c(331): warning:  #167-D: argument of type "char *" is incompatible with parameter of type "const uint8_t *"
  				HAL_UART_Transmit(&huart1,study_funished_string,sizeof(study_funished_string)-1,10);
../Core/Src/main.c: 11 warnings, 0 errors
linking...
Program Size: Code=20258 RO-data=762 RW-data=44 ZI-data=2124  
FromELF: creating hex file...
"DianSai111\DianSai111.axf" - 0 Error(s), 11 Warning(s).

<h2>Software Packages used:</h2>

Package Vendor: ARM
                https://www.keil.com/pack/ARM.CMSIS.6.1.0.pack
                ARM::CMSIS@6.1.0
                CMSIS (Common Microcontroller Software Interface Standard)
   * Component: CORE Version: 6.1.0

Package Vendor: Keil
                https://www.keil.com/pack/Keil.STM32H7xx_DFP.4.0.0.pack
                Keil::STM32H7xx_DFP@4.0.0
                STMicroelectronics STM32H7 Series Device Support

<h2>Collection of Component include folders:</h2>
  ./RTE/_DianSai111
  D:/Keil5/ARM/Pack/ARM/CMSIS/6.1.0/CMSIS/Core/Include

<h2>Collection of Component Files used:</h2>

   * Component: ARM::CMSIS:CORE@6.1.0
      Include file:  CMSIS/Core/Include/tz_context.h
Build Time Elapsed:  00:00:02
</pre>
</body>
</html>
