Component: ARM Compiler 5.06 update 5 (build 528) Tool: armlink [4d35e2]

==============================================================================

Section Cross References

    startup_stm32h750xx.o(STACK) refers (Special) to heapauxi.o(.text) for __use_two_region_memory
    startup_stm32h750xx.o(HEAP) refers (Special) to heapauxi.o(.text) for __use_two_region_memory
    startup_stm32h750xx.o(RESET) refers (Special) to heapauxi.o(.text) for __use_two_region_memory
    startup_stm32h750xx.o(RESET) refers to startup_stm32h750xx.o(STACK) for __initial_sp
    startup_stm32h750xx.o(RESET) refers to startup_stm32h750xx.o(.text) for Reset_Handler
    startup_stm32h750xx.o(RESET) refers to stm32h7xx_it.o(i.NMI_Handler) for NMI_Handler
    startup_stm32h750xx.o(RESET) refers to stm32h7xx_it.o(i.HardFault_Handler) for HardFault_Handler
    startup_stm32h750xx.o(RESET) refers to stm32h7xx_it.o(i.MemManage_Handler) for MemManage_Handler
    startup_stm32h750xx.o(RESET) refers to stm32h7xx_it.o(i.BusFault_Handler) for BusFault_Handler
    startup_stm32h750xx.o(RESET) refers to stm32h7xx_it.o(i.UsageFault_Handler) for UsageFault_Handler
    startup_stm32h750xx.o(RESET) refers to stm32h7xx_it.o(i.SVC_Handler) for SVC_Handler
    startup_stm32h750xx.o(RESET) refers to stm32h7xx_it.o(i.DebugMon_Handler) for DebugMon_Handler
    startup_stm32h750xx.o(RESET) refers to stm32h7xx_it.o(i.PendSV_Handler) for PendSV_Handler
    startup_stm32h750xx.o(RESET) refers to stm32h7xx_it.o(i.SysTick_Handler) for SysTick_Handler
    startup_stm32h750xx.o(RESET) refers to stm32h7xx_it.o(i.DMA1_Stream0_IRQHandler) for DMA1_Stream0_IRQHandler
    startup_stm32h750xx.o(RESET) refers to stm32h7xx_it.o(i.DMA1_Stream1_IRQHandler) for DMA1_Stream1_IRQHandler
    startup_stm32h750xx.o(RESET) refers to stm32h7xx_it.o(i.USART1_IRQHandler) for USART1_IRQHandler
    startup_stm32h750xx.o(.text) refers (Special) to heapauxi.o(.text) for __use_two_region_memory
    startup_stm32h750xx.o(.text) refers to system_stm32h7xx.o(i.ExitRun0Mode) for ExitRun0Mode
    startup_stm32h750xx.o(.text) refers to system_stm32h7xx.o(i.SystemInit) for SystemInit
    startup_stm32h750xx.o(.text) refers to __main.o(!!!main) for __main
    startup_stm32h750xx.o(.text) refers to startup_stm32h750xx.o(HEAP) for Heap_Mem
    startup_stm32h750xx.o(.text) refers to startup_stm32h750xx.o(STACK) for Stack_Mem
    main.o(i.HAL_UARTEx_RxEventCallback) refers to rt_memclr_w.o(.text) for __aeabi_memclr4
    main.o(i.HAL_UARTEx_RxEventCallback) refers to stm32h7xx_hal_uart_ex.o(i.HAL_UARTEx_ReceiveToIdle_DMA) for HAL_UARTEx_ReceiveToIdle_DMA
    main.o(i.HAL_UARTEx_RxEventCallback) refers to main.o(i.decode_uart) for decode_uart
    main.o(i.HAL_UARTEx_RxEventCallback) refers to main.o(.bss) for .bss
    main.o(i.HAL_UARTEx_RxEventCallback) refers to main.o(.data) for .data
    main.o(i.MX_DMA_Init) refers to stm32h7xx_hal_cortex.o(i.HAL_NVIC_SetPriority) for HAL_NVIC_SetPriority
    main.o(i.MX_DMA_Init) refers to stm32h7xx_hal_cortex.o(i.HAL_NVIC_EnableIRQ) for HAL_NVIC_EnableIRQ
    main.o(i.MX_GPIO_Init) refers to rt_memclr_w.o(.text) for __aeabi_memclr4
    main.o(i.MX_GPIO_Init) refers to stm32h7xx_hal_gpio.o(i.HAL_GPIO_WritePin) for HAL_GPIO_WritePin
    main.o(i.MX_GPIO_Init) refers to stm32h7xx_hal_gpio.o(i.HAL_GPIO_Init) for HAL_GPIO_Init
    main.o(i.MX_SPI1_Init) refers to stm32h7xx_hal_spi.o(i.HAL_SPI_Init) for HAL_SPI_Init
    main.o(i.MX_SPI1_Init) refers to main.o(i.Error_Handler) for Error_Handler
    main.o(i.MX_SPI1_Init) refers to main.o(.bss) for .bss
    main.o(i.MX_USART1_UART_Init) refers to stm32h7xx_hal_uart.o(i.HAL_UART_Init) for HAL_UART_Init
    main.o(i.MX_USART1_UART_Init) refers to main.o(i.Error_Handler) for Error_Handler
    main.o(i.MX_USART1_UART_Init) refers to stm32h7xx_hal_uart_ex.o(i.HAL_UARTEx_SetTxFifoThreshold) for HAL_UARTEx_SetTxFifoThreshold
    main.o(i.MX_USART1_UART_Init) refers to stm32h7xx_hal_uart_ex.o(i.HAL_UARTEx_SetRxFifoThreshold) for HAL_UARTEx_SetRxFifoThreshold
    main.o(i.MX_USART1_UART_Init) refers to stm32h7xx_hal_uart_ex.o(i.HAL_UARTEx_DisableFifoMode) for HAL_UARTEx_DisableFifoMode
    main.o(i.MX_USART1_UART_Init) refers to main.o(.bss) for .bss
    main.o(i.SystemClock_Config) refers to rt_memclr_w.o(.text) for __aeabi_memclr4
    main.o(i.SystemClock_Config) refers to stm32h7xx_hal_pwr_ex.o(i.HAL_PWREx_ConfigSupply) for HAL_PWREx_ConfigSupply
    main.o(i.SystemClock_Config) refers to stm32h7xx_hal_rcc.o(i.HAL_RCC_OscConfig) for HAL_RCC_OscConfig
    main.o(i.SystemClock_Config) refers to main.o(i.Error_Handler) for Error_Handler
    main.o(i.SystemClock_Config) refers to stm32h7xx_hal_rcc.o(i.HAL_RCC_ClockConfig) for HAL_RCC_ClockConfig
    main.o(i.complex_div) refers to main.o(.constdata) for .constdata
    main.o(i.complex_matrix_invert_gauss_jordan) refers to main.o(i.complex_abs_sq) for complex_abs_sq
    main.o(i.complex_matrix_invert_gauss_jordan) refers to main.o(i.complex_div) for complex_div
[...]
    i.HAL_UART_ErrorCallback                 0x080056e2   Section        0  stm32h7xx_hal_uart.o(i.HAL_UART_ErrorCallback)
    i.HAL_UART_IRQHandler                    0x080056e4   Section        0  stm32h7xx_hal_uart.o(i.HAL_UART_IRQHandler)
    i.HAL_UART_Init                          0x08005a90   Section        0  stm32h7xx_hal_uart.o(i.HAL_UART_Init)
    i.HAL_UART_MspInit                       0x08005b00   Section        0  stm32h7xx_hal_msp.o(i.HAL_UART_MspInit)
    i.HAL_UART_RxCpltCallback                0x08005c00   Section        0  stm32h7xx_hal_uart.o(i.HAL_UART_RxCpltCallback)
    i.HAL_UART_RxHalfCpltCallback            0x08005c02   Section        0  stm32h7xx_hal_uart.o(i.HAL_UART_RxHalfCpltCallback)
    i.HAL_UART_Transmit                      0x08005c04   Section        0  stm32h7xx_hal_uart.o(i.HAL_UART_Transmit)
    i.HAL_UART_TxCpltCallback                0x08005cbc   Section        0  stm32h7xx_hal_uart.o(i.HAL_UART_TxCpltCallback)
    i.HardFault_Handler                      0x08005cbe   Section        0  stm32h7xx_it.o(i.HardFault_Handler)
    i.MX_DMA_Init                            0x08005cc0   Section        0  main.o(i.MX_DMA_Init)
    MX_DMA_Init                              0x08005cc1   Thumb Code    56  main.o(i.MX_DMA_Init)
    i.MX_GPIO_Init                           0x08005cfc   Section        0  main.o(i.MX_GPIO_Init)
    MX_GPIO_Init                             0x08005cfd   Thumb Code   100  main.o(i.MX_GPIO_Init)
    i.MX_SPI1_Init                           0x08005d68   Section        0  main.o(i.MX_SPI1_Init)
    MX_SPI1_Init                             0x08005d69   Thumb Code    82  main.o(i.MX_SPI1_Init)
    i.MX_USART1_UART_Init                    0x08005dc4   Section        0  main.o(i.MX_USART1_UART_Init)
    MX_USART1_UART_Init                      0x08005dc5   Thumb Code    90  main.o(i.MX_USART1_UART_Init)
    i.MemManage_Handler                      0x08005e28   Section        0  stm32h7xx_it.o(i.MemManage_Handler)
    i.NMI_Handler                            0x08005e2a   Section        0  stm32h7xx_it.o(i.NMI_Handler)
    i.PendSV_Handler                         0x08005e2c   Section        0  stm32h7xx_it.o(i.PendSV_Handler)
    i.RCCEx_PLL2_Config                      0x08005e30   Section        0  stm32h7xx_hal_rcc_ex.o(i.RCCEx_PLL2_Config)
    RCCEx_PLL2_Config                        0x08005e31   Thumb Code   286  stm32h7xx_hal_rcc_ex.o(i.RCCEx_PLL2_Config)
    i.RCCEx_PLL3_Config                      0x08005f54   Section        0  stm32h7xx_hal_rcc_ex.o(i.RCCEx_PLL3_Config)
    RCCEx_PLL3_Config                        0x08005f55   Thumb Code   286  stm32h7xx_hal_rcc_ex.o(i.RCCEx_PLL3_Config)
    i.SPI_CloseTransfer                      0x08006078   Section        0  stm32h7xx_hal_spi.o(i.SPI_CloseTransfer)
    SPI_CloseTransfer                        0x08006079   Thumb Code   186  stm32h7xx_hal_spi.o(i.SPI_CloseTransfer)
    i.SPI_GetPacketSize                      0x08006132   Section        0  stm32h7xx_hal_spi.o(i.SPI_GetPacketSize)
    SPI_GetPacketSize                        0x08006133   Thumb Code    20  stm32h7xx_hal_spi.o(i.SPI_GetPacketSize)
    i.SPI_WaitOnFlagUntilTimeout             0x08006146   Section        0  stm32h7xx_hal_spi.o(i.SPI_WaitOnFlagUntilTimeout)
    SPI_WaitOnFlagUntilTimeout               0x08006147   Thumb Code    66  stm32h7xx_hal_spi.o(i.SPI_WaitOnFlagUntilTimeout)
    i.SVC_Handler                            0x08006188   Section        0  stm32h7xx_it.o(i.SVC_Handler)
    i.SysTick_Handler                        0x0800618a   Section        0  stm32h7xx_it.o(i.SysTick_Handler)
    i.SystemClock_Config                     0x08006190   Section        0  main.o(i.SystemClock_Config)
    i.SystemInit                             0x08006234   Section        0  system_stm32h7xx.o(i.SystemInit)
    i.UARTEx_SetNbDataToProcess              0x08006328   Section        0  stm32h7xx_hal_uart_ex.o(i.UARTEx_SetNbDataToProcess)
    UARTEx_SetNbDataToProcess                0x08006329   Thumb Code    66  stm32h7xx_hal_uart_ex.o(i.UARTEx_SetNbDataToProcess)
    i.UART_AdvFeatureConfig                  0x08006370   Section        0  stm32h7xx_hal_uart.o(i.UART_AdvFeatureConfig)
    i.UART_CheckIdleState                    0x08006438   Section        0  stm32h7xx_hal_uart.o(i.UART_CheckIdleState)
    i.UART_DMAAbortOnError                   0x080064e2   Section        0  stm32h7xx_hal_uart.o(i.UART_DMAAbortOnError)
    UART_DMAAbortOnError                     0x080064e3   Thumb Code    16  stm32h7xx_hal_uart.o(i.UART_DMAAbortOnError)
    i.UART_DMAError                          0x080064f2   Section        0  stm32h7xx_hal_uart.o(i.UART_DMAError)
    UART_DMAError                            0x080064f3   Thumb Code    80  stm32h7xx_hal_uart.o(i.UART_DMAError)
    i.UART_DMAReceiveCplt                    0x08006542   Section        0  stm32h7xx_hal_uart.o(i.UART_DMAReceiveCplt)
    UART_DMAReceiveCplt                      0x08006543   Thumb Code   132  stm32h7xx_hal_uart.o(i.UART_DMAReceiveCplt)
    i.UART_DMARxHalfCplt                     0x080065c6   Section        0  stm32h7xx_hal_uart.o(i.UART_DMARxHalfCplt)
    UART_DMARxHalfCplt                       0x080065c7   Thumb Code    32  stm32h7xx_hal_uart.o(i.UART_DMARxHalfCplt)
    i.UART_EndRxTransfer                     0x080065e8   Section        0  stm32h7xx_hal_uart.o(i.UART_EndRxTransfer)
    UART_EndRxTransfer                       0x080065e9   Thumb Code    78  stm32h7xx_hal_uart.o(i.UART_EndRxTransfer)
    i.UART_EndTransmit_IT                    0x0800663c   Section        0  stm32h7xx_hal_uart.o(i.UART_EndTransmit_IT)
    UART_EndTransmit_IT                      0x0800663d   Thumb Code    36  stm32h7xx_hal_uart.o(i.UART_EndTransmit_IT)
    i.UART_EndTxTransfer                     0x08006660   Section        0  stm32h7xx_hal_uart.o(i.UART_EndTxTransfer)
    UART_EndTxTransfer                       0x08006661   Thumb Code    46  stm32h7xx_hal_uart.o(i.UART_EndTxTransfer)
    i.UART_SetConfig                         0x08006690   Section        0  stm32h7xx_hal_uart.o(i.UART_SetConfig)
    i.UART_Start_Receive_DMA                 0x08006b20   Section        0  stm32h7xx_hal_uart.o(i.UART_Start_Receive_DMA)
    i.UART_WaitOnFlagUntilTimeout            0x08006bc4   Section        0  stm32h7xx_hal_uart.o(i.UART_WaitOnFlagUntilTimeout)
    i.USART1_IRQHandler                      0x08006c5c   Section        0  stm32h7xx_it.o(i.USART1_IRQHandler)
    i.UsageFault_Handler                     0x08006c68   Section        0  stm32h7xx_it.o(i.UsageFault_Handler)
    i.__ARM_fpclassify                       0x08006c6a   Section        0  fpclassify.o(i.__ARM_fpclassify)
    i.__NVIC_SetPriority                     0x08006c9a   Section        0  stm32h7xx_hal_cortex.o(i.__NVIC_SetPriority)
    __NVIC_SetPriority                       0x08006c9b   Thumb Code    32  stm32h7xx_hal_cortex.o(i.__NVIC_SetPriority)
    i.__hardfp_cos                           0x08006cc0   Section        0  cos.o(i.__hardfp_cos)
    i.__hardfp_roundf                        0x08006d70   Section        0  roundf.o(i.__hardfp_roundf)
    i.__hardfp_sin                           0x08006e10   Section        0  sin.o(i.__hardfp_sin)
    i.__ieee754_rem_pio2                     0x08006ec0   Section        0  rred.o(i.__ieee754_rem_pio2)
    i.__kernel_cos                           0x080071d0   Section        0  cos_i.o(i.__kernel_cos)
    i.__kernel_poly                          0x080072b0   Section        0  poly.o(i.__kernel_poly)
    i.__kernel_sin                           0x08007320   Section        0  sin_i.o(i.__kernel_sin)
    i.__mathlib_dbl_invalid                  0x080073c8   Section        0  dunder.o(i.__mathlib_dbl_invalid)
    i.__mathlib_dbl_underflow                0x080073e0   Section        0  dunder.o(i.__mathlib_dbl_underflow)
    i._is_digit                              0x080073f8   Section        0  __printf_wp.o(i._is_digit)
    i.complex_abs_sq                         0x08007406   Section        0  main.o(i.complex_abs_sq)
    complex_abs_sq                           0x08007407   Thumb Code    24  main.o(i.complex_abs_sq)
    i.complex_add                            0x0800741e   Section        0  main.o(i.complex_add)
    complex_add                              0x0800741f   Thumb Code    50  main.o(i.complex_add)
    i.complex_conj                           0x08007450   Section        0  main.o(i.complex_conj)
    complex_conj                             0x08007451   Thumb Code    30  main.o(i.complex_conj)
    i.complex_div                            0x08007470   Section        0  main.o(i.complex_div)
    complex_div                              0x08007471   Thumb Code    96  main.o(i.complex_div)
    i.complex_matrix_invert_gauss_jordan     0x080074d4   Section        0  main.o(i.complex_matrix_invert_gauss_jordan)
    complex_matrix_invert_gauss_jordan       0x080074d5   Thumb Code   556  main.o(i.complex_matrix_invert_gauss_jordan)
    i.complex_mul                            0x08007710   Section        0  main.o(i.complex_mul)
    complex_mul                              0x08007711   Thumb Code    58  main.o(i.complex_mul)
    i.complex_sub                            0x0800774a   Section        0  main.o(i.complex_sub)
    complex_sub                              0x0800774b   Thumb Code    50  main.o(i.complex_sub)
    i.decode_uart                            0x0800777c   Section        0  main.o(i.decode_uart)
    i.fabs                                   0x08007808   Section        0  fabs.o(i.fabs)
    i.invfreqs_stm32                         0x08007820   Section        0  main.o(i.invfreqs_stm32)
    i.main                                   0x08007b84   Section        0  main.o(i.main)
    i.send_data                              0x08008020   Section        0  main.o(i.send_data)
    locale$$code                             0x080081a8   Section       44  lc_numeric_c.o(locale$$code)
    x$fpl$fnaninf                            0x080081d4   Section      140  fnaninf.o(x$fpl$fnaninf)
    $v0                                      0x080081d4   Number         0  fnaninf.o(x$fpl$fnaninf)
    x$fpl$fpinit                             0x08008260   Section       10  fpinit.o(x$fpl$fpinit)
    $v0                                      0x08008260   Number         0  fpinit.o(x$fpl$fpinit)
    x$fpl$frnd                               0x0800826c   Section       96  frnd.o(x$fpl$frnd)
    $v0                                      0x0800826c   Number         0  frnd.o(x$fpl$frnd)
    x$fpl$printf1                            0x080082cc   Section        4  printf1.o(x$fpl$printf1)
    $v0                                      0x080082cc   Number         0  printf1.o(x$fpl$printf1)
    .constdata                               0x080082d0   Section       32  main.o(.constdata)
    x$fpl$usenofp                            0x080082d0   Section        0  usenofp.o(x$fpl$usenofp)
    ONE_COMPLEX                              0x080082d0   Data          16  main.o(.constdata)
    ZERO_COMPLEX                             0x080082e0   Data          16  main.o(.constdata)
    .constdata                               0x080082f0   Section        8  stm32h7xx_hal_dma.o(.constdata)
    flagBitshiftOffset                       0x080082f0   Data           8  stm32h7xx_hal_dma.o(.constdata)
    .constdata                               0x080082f8   Section       24  stm32h7xx_hal_uart.o(.constdata)
    .constdata                               0x08008310   Section       16  stm32h7xx_hal_uart_ex.o(.constdata)
    numerator                                0x08008310   Data           8  stm32h7xx_hal_uart_ex.o(.constdata)
    denominator                              0x08008318   Data           8  stm32h7xx_hal_uart_ex.o(.constdata)
    .constdata                               0x08008320   Section       16  system_stm32h7xx.o(.constdata)
    .constdata                               0x08008330   Section       48  cos_i.o(.constdata)
    C                                        0x08008330   Data          48  cos_i.o(.constdata)
    .constdata                               0x08008360   Section      200  rred.o(.constdata)
    pio2s                                    0x08008360   Data          48  rred.o(.constdata)
    twooverpi                                0x08008390   Data         152  rred.o(.constdata)
    .constdata                               0x08008428   Section       40  sin_i.o(.constdata)
    S                                        0x08008428   Data          40  sin_i.o(.constdata)
    .constdata                               0x08008450   Section      148  bigflt0.o(.constdata)
    tenpwrs_x                                0x08008450   Data          60  bigflt0.o(.constdata)
    tenpwrs_i                                0x0800848c   Data          64  bigflt0.o(.constdata)
    locale$$data                             0x08008504   Section       28  lc_numeric_c.o(locale$$data)
    __lcnum_c_name                           0x08008508   Data           2  lc_numeric_c.o(locale$$data)
    __lcnum_c_start                          0x08008510   Data           0  lc_numeric_c.o(locale$$data)
    __lcnum_c_point                          0x0800851c   Data           0  lc_numeric_c.o(locale$$data)
    __lcnum_c_thousands                      0x0800851e   Data           0  lc_numeric_c.o(locale$$data)
    __lcnum_c_grouping                       0x0800851f   Data           0  lc_numeric_c.o(locale$$data)
    __lcnum_c_end                            0x08008520   Data           0  lc_numeric_c.o(locale$$data)
    .data                                    0x24000000   Section       32  main.o(.data)
    last_freq                                0x24000018   Data           4  main.o(.data)
    last_amp                                 0x2400001c   Data           4  main.o(.data)
    .data                                    0x24000020   Section       12  stm32h7xx_hal.o(.data)
    .data                                    0x2400002c   Section        8  system_stm32h7xx.o(.data)
    .bss                                     0x24000038   Section    12948  main.o(.bss)
    augmented_matrix                         0x24000038   Data         800  main.o(.bss)
    A                                        0x24000358   Data        4000  main.o(.bss)
    B_vec                                    0x240012f8   Data         800  main.o(.bss)
    A_H                                      0x24001618   Data        4000  main.o(.bss)
    M                                        0x240025b8   Data         400  main.o(.bss)
    V                                        0x24002748   Data          80  main.o(.bss)
    M_inv                                    0x24002798   Data         400  main.o(.bss)
    x                                        0x24002928   Data          80  main.o(.bss)
    .bss                                     0x240032cc   Section      120  main.o(.bss)
    .bss                                     0x24003344   Section      120  main.o(.bss)
    .bss                                     0x240033bc   Section       96  libspace.o(.bss)
    HEAP                                     0x24003420   Section      512  startup_stm32h750xx.o(HEAP)
    Heap_Mem                                 0x24003420   Data         512  startup_stm32h750xx.o(HEAP)
    STACK                                    0x24003620   Section     1024  startup_stm32h750xx.o(STACK)
    Stack_Mem                                0x24003620   Data        1024  startup_stm32h750xx.o(STACK)
    __initial_sp                             0x24003a20   Data           0  startup_stm32h750xx.o(STACK)

    Global Symbols

    Symbol Name                              Value     Ov Type        Size  Object(Section)

    BuildAttributes$$THM_ISAv4$E$P$D$K$B$S$7EM$VFPv5_D16$PE$PLD8$A:L22UL41UL21$X:L11$S22US41US21$IEEE1$IW$USESV6$~STKCKD$USESV7$~SHL$OTIME$ROPI$IEEEX$EBA8$UX$STANDARDLIB$REQ8$PRES8$EABIv2 0x00000000   Number         0  anon$$obj.o ABSOLUTE
    __ARM_use_no_argv                        0x00000000   Number         0  main.o ABSOLUTE
    _printf_flags                            0x00000000   Number         0  printf_stubs.o ABSOLUTE
    _printf_return_value                     0x00000000   Number         0  printf_stubs.o ABSOLUTE
    _printf_sizespec                         0x00000000   Number         0  printf_stubs.o ABSOLUTE
    _printf_widthprec                        0x00000000   Number         0  printf_stubs.o ABSOLUTE
    __ARM_exceptions_init                     - Undefined Weak Reference
    __alloca_initialize                       - Undefined Weak Reference
    __arm_preinit_                            - Undefined Weak Reference
    __cpp_initialize__aeabi_                  - Undefined Weak Reference
    __cxa_finalize                            - Undefined Weak Reference
    __sigvec_lookup                           - Undefined Weak Reference
    _atexit_init                              - Undefined Weak Reference
    _call_atexit_fns                          - Undefined Weak Reference
    _clock_init                               - Undefined Weak Reference
    _fp_trap_init                             - Undefined Weak Reference
    _fp_trap_shutdown                         - Undefined Weak Reference
    _get_lc_collate                           - Undefined Weak Reference
    _get_lc_ctype                             - Undefined Weak Reference
    _get_lc_monetary                          - Undefined Weak Reference
    _get_lc_time                              - Undefined Weak Reference
    _getenv_init                              - Undefined Weak Reference
    _handle_redirection                       - Undefined Weak Reference
    _init_alloc                               - Undefined Weak Reference
    _init_user_alloc                          - Undefined Weak Reference
    _initio                                   - Undefined Weak Reference
    _printf_mbtowc                            - Undefined Weak Reference
    _printf_post_padding                      - Undefined Weak Reference
    _printf_pre_padding                       - Undefined Weak Reference
    _rand_init                                - Undefined Weak Reference
    _signal_finish                            - Undefined Weak Reference
    _signal_init                              - Undefined Weak Reference
    _terminate_alloc                          - Undefined Weak Reference
    _terminate_user_alloc                     - Undefined Weak Reference
    _terminateio                              - Undefined Weak Reference
    __Vectors_Size                           0x00000298   Number         0  startup_stm32h750xx.o ABSOLUTE
    __Vectors                                0x08000000   Data           4  startup_stm32h750xx.o(RESET)
    __Vectors_End                            0x08000298   Data           0  startup_stm32h750xx.o(RESET)
    __main                                   0x08000299   Thumb Code     8  __main.o(!!!main)
    __scatterload                            0x080002a1   Thumb Code     0  __scatter.o(!!!scatter)
    __scatterload_rt2                        0x080002a1   Thumb Code    44  __scatter.o(!!!scatter)
    __scatterload_rt2_thumb_only             0x080002a1   Thumb Code     0  __scatter.o(!!!scatter)
    __scatterload_null                       0x080002af   Thumb Code     0  __scatter.o(!!!scatter)
    __scatterload_copy                       0x080002d5   Thumb Code    26  __scatter_copy.o(!!handler_copy)
    __scatterload_zeroinit                   0x080002f1   Thumb Code    28  __scatter_zi.o(!!handler_zi)
    _printf_e                                0x0800030d   Thumb Code     0  _printf_e.o(.ARM.Collect$$_printf_percent$$00000004)
    _printf_percent                          0x0800030d   Thumb Code     0  _printf_percent.o(.ARM.Collect$$_printf_percent$$00000000)
    _printf_s                                0x08000313   Thumb Code     0  _printf_s.o(.ARM.Collect$$_printf_percent$$00000014)
    _printf_percent_end                      0x08000319   Thumb Code     0  _printf_percent_end.o(.ARM.Collect$$_printf_percent$$00000017)
    __rt_lib_init                            0x0800031d   Thumb Code     0  libinit.o(.ARM.Collect$$libinit$$00000000)
    __rt_lib_init_fp_1                       0x0800031f   Thumb Code     0  libinit2.o(.ARM.Collect$$libinit$$00000001)
    __rt_lib_init_heap_1                     0x08000323   Thumb Code     0  libinit2.o(.ARM.Collect$$libinit$$0000000A)
    __rt_lib_init_lc_common                  0x08000323   Thumb Code     0  libinit2.o(.ARM.Collect$$libinit$$0000000F)
    __rt_lib_init_preinit_1                  0x08000323   Thumb Code     0  libinit2.o(.ARM.Collect$$libinit$$00000004)
    __rt_lib_init_rand_1                     0x08000323   Thumb Code     0  libinit2.o(.ARM.Collect$$libinit$$0000000E)
    __rt_lib_init_user_alloc_1               0x08000323   Thumb Code     0  libinit2.o(.ARM.Collect$$libinit$$0000000C)
    __rt_lib_init_lc_collate_1               0x08000329   Thumb Code     0  libinit2.o(.ARM.Collect$$libinit$$00000011)
    __rt_lib_init_lc_ctype_1                 0x08000329   Thumb Code     0  libinit2.o(.ARM.Collect$$libinit$$00000013)
    __rt_lib_init_lc_monetary_1              0x08000329   Thumb Code     0  libinit2.o(.ARM.Collect$$libinit$$00000015)
    __rt_lib_init_lc_numeric_2               0x08000329   Thumb Code     0  libinit2.o(.ARM.Collect$$libinit$$00000016)
    __rt_lib_init_alloca_1                   0x08000333   Thumb Code     0  libinit2.o(.ARM.Collect$$libinit$$0000002E)
    __rt_lib_init_argv_1                     0x08000333   Thumb Code     0  libinit2.o(.ARM.Collect$$libinit$$0000002C)
    __rt_lib_init_atexit_1                   0x08000333   Thumb Code     0  libinit2.o(.ARM.Collect$$libinit$$0000001B)
    __rt_lib_init_clock_1                    0x08000333   Thumb Code     0  libinit2.o(.ARM.Collect$$libinit$$00000021)
    __rt_lib_init_cpp_1                      0x08000333   Thumb Code     0  libinit2.o(.ARM.Collect$$libinit$$00000032)
    __rt_lib_init_exceptions_1               0x08000333   Thumb Code     0  libinit2.o(.ARM.Collect$$libinit$$00000030)
    __rt_lib_init_fp_trap_1                  0x08000333   Thumb Code     0  libinit2.o(.ARM.Collect$$libinit$$0000001F)
    __rt_lib_init_getenv_1                   0x08000333   Thumb Code     0  libinit2.o(.ARM.Collect$$libinit$$00000023)
    __rt_lib_init_lc_numeric_1               0x08000333   Thumb Code     0  libinit2.o(.ARM.Collect$$libinit$$00000017)
    __rt_lib_init_lc_time_1                  0x08000333   Thumb Code     0  libinit2.o(.ARM.Collect$$libinit$$00000019)
    __rt_lib_init_return                     0x08000333   Thumb Code     0  libinit2.o(.ARM.Collect$$libinit$$00000033)
    __rt_lib_init_signal_1                   0x08000333   Thumb Code     0  libinit2.o(.ARM.Collect$$libinit$$0000001D)
    __rt_lib_init_stdio_1                    0x08000333   Thumb Code     0  libinit2.o(.ARM.Collect$$libinit$$00000025)
    __rt_lib_shutdown                        0x08000335   Thumb Code     0  libshutdown.o(.ARM.Collect$$libshutdown$$00000000)
    __rt_lib_shutdown_cpp_1                  0x08000337   Thumb Code     0  libshutdown2.o(.ARM.Collect$$libshutdown$$00000002)
    __rt_lib_shutdown_fp_trap_1              0x08000337   Thumb Code     0  libshutdown2.o(.ARM.Collect$$libshutdown$$00000007)
    __rt_lib_shutdown_heap_1                 0x08000337   Thumb Code     0  libshutdown2.o(.ARM.Collect$$libshutdown$$0000000F)
    __rt_lib_shutdown_return                 0x08000337   Thumb Code     0  libshutdown2.o(.ARM.Collect$$libshutdown$$00000010)
    __rt_lib_shutdown_signal_1               0x08000337   Thumb Code     0  libshutdown2.o(.ARM.Collect$$libshutdown$$0000000A)
    __rt_lib_shutdown_stdio_1                0x08000337   Thumb Code     0  libshutdown2.o(.ARM.Collect$$libshutdown$$00000004)
    __rt_lib_shutdown_user_alloc_1           0x08000337   Thumb Code     0  libshutdown2.o(.ARM.Collect$$libshutdown$$0000000C)
    __rt_entry                               0x08000339   Thumb Code     0  __rtentry.o(.ARM.Collect$$rtentry$$00000000)
    __rt_entry_presh_1                       0x08000339   Thumb Code     0  __rtentry2.o(.ARM.Collect$$rtentry$$00000002)
    __rt_entry_sh                            0x08000339   Thumb Code     0  __rtentry4.o(.ARM.Collect$$rtentry$$00000004)
    __rt_entry_li                            0x0800033f   Thumb Code     0  __rtentry2.o(.ARM.Collect$$rtentry$$0000000A)
    __rt_entry_postsh_1                      0x0800033f   Thumb Code     0  __rtentry2.o(.ARM.Collect$$rtentry$$00000009)
    __rt_entry_main                          0x08000343   Thumb Code     0  __rtentry2.o(.ARM.Collect$$rtentry$$0000000D)
    __rt_entry_postli_1                      0x08000343   Thumb Code     0  __rtentry2.o(.ARM.Collect$$rtentry$$0000000C)
    __rt_exit                                0x0800034b   Thumb Code     0  rtexit.o(.ARM.Collect$$rtexit$$00000000)
    __rt_exit_ls                             0x0800034d   Thumb Code     0  rtexit2.o(.ARM.Collect$$rtexit$$00000003)
    __rt_exit_prels_1                        0x0800034d   Thumb Code     0  rtexit2.o(.ARM.Collect$$rtexit$$00000002)
    __rt_exit_exit                           0x08000351   Thumb Code     0  rtexit2.o(.ARM.Collect$$rtexit$$00000004)
    Reset_Handler                            0x08000359   Thumb Code    12  startup_stm32h750xx.o(.text)
    ADC3_IRQHandler                          0x08000377   Thumb Code     0  startup_stm32h750xx.o(.text)
    ADC_IRQHandler                           0x08000377   Thumb Code     0  startup_stm32h750xx.o(.text)
    BDMA_Channel0_IRQHandler                 0x08000377   Thumb Code     0  startup_stm32h750xx.o(.text)
    BDMA_Channel1_IRQHandler                 0x08000377   Thumb Code     0  startup_stm32h750xx.o(.text)
    BDMA_Channel2_IRQHandler                 0x08000377   Thumb Code     0  startup_stm32h750xx.o(.text)
    BDMA_Channel3_IRQHandler                 0x08000377   Thumb Code     0  startup_stm32h750xx.o(.text)
    BDMA_Channel4_IRQHandler                 0x08000377   Thumb Code     0  startup_stm32h750xx.o(.text)
    BDMA_Channel5_IRQHandler                 0x08000377   Thumb Code     0  startup_stm32h750xx.o(.text)
    BDMA_Channel6_IRQHandler                 0x08000377   Thumb Code     0  startup_stm32h750xx.o(.text)
    BDMA_Channel7_IRQHandler                 0x08000377   Thumb Code     0  startup_stm32h750xx.o(.text)
    CEC_IRQHandler                           0x08000377   Thumb Code     0  startup_stm32h750xx.o(.text)
    COMP1_IRQHandler                         0x08000377   Thumb Code     0  startup_stm32h750xx.o(.text)
    CRS_IRQHandler                           0x08000377   Thumb Code     0  startup_stm32h750xx.o(.text)
    CRYP_IRQHandler                          0x08000377   Thumb Code     0  startup_stm32h750xx.o(.text)
    DCMI_IRQHandler                          0x08000377   Thumb Code     0  startup_stm32h750xx.o(.text)
    DFSDM1_FLT0_IRQHandler                   0x08000377   Thumb Code     0  startup_stm32h750xx.o(.text)
    DFSDM1_FLT1_IRQHandler                   0x08000377   Thumb Code     0  startup_stm32h750xx.o(.text)
    DFSDM1_FLT2_IRQHandler                   0x08000377   Thumb Code     0  startup_stm32h750xx.o(.text)
    DFSDM1_FLT3_IRQHandler                   0x08000377   Thumb Code     0  startup_stm32h750xx.o(.text)
    DMA1_Stream2_IRQHandler                  0x08000377   Thumb Code     0  startup_stm32h750xx.o(.text)
    DMA1_Stream3_IRQHandler                  0x08000377   Thumb Code     0  startup_stm32h750xx.o(.text)
    DMA1_Stream4_IRQHandler                  0x08000377   Thumb Code     0  startup_stm32h750xx.o(.text)
    DMA1_Stream5_IRQHandler                  0x08000377   Thumb Code     0  startup_stm32h750xx.o(.text)
    DMA1_Stream6_IRQHandler                  0x08000377   Thumb Code     0  startup_stm32h750xx.o(.text)
    DMA1_Stream7_IRQHandler                  0x08000377   Thumb Code     0  startup_stm32h750xx.o(.text)
    DMA2D_IRQHandler                         0x08000377   Thumb Code     0  startup_stm32h750xx.o(.text)
    DMA2_Stream0_IRQHandler                  0x08000377   Thumb Code     0  startup_stm32h750xx.o(.text)
    DMA2_Stream1_IRQHandler                  0x08000377   Thumb Code     0  startup_stm32h750xx.o(.text)
    DMA2_Stream2_IRQHandler                  0x08000377   Thumb Code     0  startup_stm32h750xx.o(.text)
    DMA2_Stream3_IRQHandler                  0x08000377   Thumb Code     0  startup_stm32h750xx.o(.text)
    DMA2_Stream4_IRQHandler                  0x08000377   Thumb Code     0  startup_stm32h750xx.o(.text)
    DMA2_Stream5_IRQHandler                  0x08000377   Thumb Code     0  startup_stm32h750xx.o(.text)
    DMA2_Stream6_IRQHandler                  0x08000377   Thumb Code     0  startup_stm32h750xx.o(.text)
    DMA2_Stream7_IRQHandler                  0x08000377   Thumb Code     0  startup_stm32h750xx.o(.text)
    DMAMUX1_OVR_IRQHandler                   0x08000377   Thumb Code     0  startup_stm32h750xx.o(.text)
    DMAMUX2_OVR_IRQHandler                   0x08000377   Thumb Code     0  startup_stm32h750xx.o(.text)
    ECC_IRQHandler                           0x08000377   Thumb Code     0  startup_stm32h750xx.o(.text)
    ETH_IRQHandler                           0x08000377   Thumb Code     0  startup_stm32h750xx.o(.text)
    ETH_WKUP_IRQHandler                      0x08000377   Thumb Code     0  startup_stm32h750xx.o(.text)
    EXTI0_IRQHandler                         0x08000377   Thumb Code     0  startup_stm32h750xx.o(.text)
    EXTI15_10_IRQHandler                     0x08000377   Thumb Code     0  startup_stm32h750xx.o(.text)
    EXTI1_IRQHandler                         0x08000377   Thumb Code     0  startup_stm32h750xx.o(.text)
    EXTI2_IRQHandler                         0x08000377   Thumb Code     0  startup_stm32h750xx.o(.text)
    EXTI3_IRQHandler                         0x08000377   Thumb Code     0  startup_stm32h750xx.o(.text)
    EXTI4_IRQHandler                         0x08000377   Thumb Code     0  startup_stm32h750xx.o(.text)
    EXTI9_5_IRQHandler                       0x08000377   Thumb Code     0  startup_stm32h750xx.o(.text)
    FDCAN1_IT0_IRQHandler                    0x08000377   Thumb Code     0  startup_stm32h750xx.o(.text)
    FDCAN1_IT1_IRQHandler                    0x08000377   Thumb Code     0  startup_stm32h750xx.o(.text)
    FDCAN2_IT0_IRQHandler                    0x08000377   Thumb Code     0  startup_stm32h750xx.o(.text)
    FDCAN2_IT1_IRQHandler                    0x08000377   Thumb Code     0  startup_stm32h750xx.o(.text)
    FDCAN_CAL_IRQHandler                     0x08000377   Thumb Code     0  startup_stm32h750xx.o(.text)
    FLASH_IRQHandler                         0x08000377   Thumb Code     0  startup_stm32h750xx.o(.text)
    FMC_IRQHandler                           0x08000377   Thumb Code     0  startup_stm32h750xx.o(.text)
    FPU_IRQHandler                           0x08000377   Thumb Code     0  startup_stm32h750xx.o(.text)
    HASH_RNG_IRQHandler                      0x08000377   Thumb Code     0  startup_stm32h750xx.o(.text)
    HRTIM1_FLT_IRQHandler                    0x08000377   Thumb Code     0  startup_stm32h750xx.o(.text)
    HRTIM1_Master_IRQHandler                 0x08000377   Thumb Code     0  startup_stm32h750xx.o(.text)
    HRTIM1_TIMA_IRQHandler                   0x08000377   Thumb Code     0  startup_stm32h750xx.o(.text)
    HRTIM1_TIMB_IRQHandler                   0x08000377   Thumb Code     0  startup_stm32h750xx.o(.text)
    HRTIM1_TIMC_IRQHandler                   0x08000377   Thumb Code     0  startup_stm32h750xx.o(.text)
    HRTIM1_TIMD_IRQHandler                   0x08000377   Thumb Code     0  startup_stm32h750xx.o(.text)
    HRTIM1_TIME_IRQHandler                   0x08000377   Thumb Code     0  startup_stm32h750xx.o(.text)
    HSEM1_IRQHandler                         0x08000377   Thumb Code     0  startup_stm32h750xx.o(.text)
    I2C1_ER_IRQHandler                       0x08000377   Thumb Code     0  startup_stm32h750xx.o(.text)
    I2C1_EV_IRQHandler                       0x08000377   Thumb Code     0  startup_stm32h750xx.o(.text)
    I2C2_ER_IRQHandler                       0x08000377   Thumb Code     0  startup_stm32h750xx.o(.text)
    I2C2_EV_IRQHandler                       0x08000377   Thumb Code     0  startup_stm32h750xx.o(.text)
    I2C3_ER_IRQHandler                       0x08000377   Thumb Code     0  startup_stm32h750xx.o(.text)
    I2C3_EV_IRQHandler                       0x08000377   Thumb Code     0  startup_stm32h750xx.o(.text)
    I2C4_ER_IRQHandler                       0x08000377   Thumb Code     0  startup_stm32h750xx.o(.text)
    I2C4_EV_IRQHandler                       0x08000377   Thumb Code     0  startup_stm32h750xx.o(.text)
    JPEG_IRQHandler                          0x08000377   Thumb Code     0  startup_stm32h750xx.o(.text)
    LPTIM1_IRQHandler                        0x08000377   Thumb Code     0  startup_stm32h750xx.o(.text)
    LPTIM2_IRQHandler                        0x08000377   Thumb Code     0  startup_stm32h750xx.o(.text)
    LPTIM3_IRQHandler                        0x08000377   Thumb Code     0  startup_stm32h750xx.o(.text)
    LPTIM4_IRQHandler                        0x08000377   Thumb Code     0  startup_stm32h750xx.o(.text)
    LPTIM5_IRQHandler                        0x08000377   Thumb Code     0  startup_stm32h750xx.o(.text)
    LPUART1_IRQHandler                       0x08000377   Thumb Code     0  startup_stm32h750xx.o(.text)
    LTDC_ER_IRQHandler                       0x08000377   Thumb Code     0  startup_stm32h750xx.o(.text)
    LTDC_IRQHandler                          0x08000377   Thumb Code     0  startup_stm32h750xx.o(.text)
    MDIOS_IRQHandler                         0x08000377   Thumb Code     0  startup_stm32h750xx.o(.text)
    MDIOS_WKUP_IRQHandler                    0x08000377   Thumb Code     0  startup_stm32h750xx.o(.text)
    MDMA_IRQHandler                          0x08000377   Thumb Code     0  startup_stm32h750xx.o(.text)
    OTG_FS_EP1_IN_IRQHandler                 0x08000377   Thumb Code     0  startup_stm32h750xx.o(.text)
    OTG_FS_EP1_OUT_IRQHandler                0x08000377   Thumb Code     0  startup_stm32h750xx.o(.text)
    OTG_FS_IRQHandler                        0x08000377   Thumb Code     0  startup_stm32h750xx.o(.text)
    OTG_FS_WKUP_IRQHandler                   0x08000377   Thumb Code     0  startup_stm32h750xx.o(.text)
    OTG_HS_EP1_IN_IRQHandler                 0x08000377   Thumb Code     0  startup_stm32h750xx.o(.text)
    OTG_HS_EP1_OUT_IRQHandler                0x08000377   Thumb Code     0  startup_stm32h750xx.o(.text)
    OTG_HS_IRQHandler                        0x08000377   Thumb Code     0  startup_stm32h750xx.o(.text)
    OTG_HS_WKUP_IRQHandler                   0x08000377   Thumb Code     0  startup_stm32h750xx.o(.text)
    PVD_AVD_IRQHandler                       0x08000377   Thumb Code     0  startup_stm32h750xx.o(.text)
    QUADSPI_IRQHandler                       0x08000377   Thumb Code     0  startup_stm32h750xx.o(.text)
    RCC_IRQHandler                           0x08000377   Thumb Code     0  startup_stm32h750xx.o(.text)
    RTC_Alarm_IRQHandler                     0x08000377   Thumb Code     0  startup_stm32h750xx.o(.text)
    RTC_WKUP_IRQHandler                      0x08000377   Thumb Code     0  startup_stm32h750xx.o(.text)
    SAI1_IRQHandler                          0x08000377   Thumb Code     0  startup_stm32h750xx.o(.text)
    SAI2_IRQHandler                          0x08000377   Thumb Code     0  startup_stm32h750xx.o(.text)
    SAI3_IRQHandler                          0x08000377   Thumb Code     0  startup_stm32h750xx.o(.text)
    SAI4_IRQHandler                          0x08000377   Thumb Code     0  startup_stm32h750xx.o(.text)
    SDMMC1_IRQHandler                        0x08000377   Thumb Code     0  startup_stm32h750xx.o(.text)
    SDMMC2_IRQHandler                        0x08000377   Thumb Code     0  startup_stm32h750xx.o(.text)
    SPDIF_RX_IRQHandler                      0x08000377   Thumb Code     0  startup_stm32h750xx.o(.text)
    SPI1_IRQHandler                          0x08000377   Thumb Code     0  startup_stm32h750xx.o(.text)
    SPI2_IRQHandler                          0x08000377   Thumb Code     0  startup_stm32h750xx.o(.text)
    SPI3_IRQHandler                          0x08000377   Thumb Code     0  startup_stm32h750xx.o(.text)
    SPI4_IRQHandler                          0x08000377   Thumb Code     0  startup_stm32h750xx.o(.text)
    SPI5_IRQHandler                          0x08000377   Thumb Code     0  startup_stm32h750xx.o(.text)
    SPI6_IRQHandler                          0x08000377   Thumb Code     0  startup_stm32h750xx.o(.text)
    SWPMI1_IRQHandler                        0x08000377   Thumb Code     0  startup_stm32h750xx.o(.text)
    TAMP_STAMP_IRQHandler                    0x08000377   Thumb Code     0  startup_stm32h750xx.o(.text)
    TIM15_IRQHandler                         0x08000377   Thumb Code     0  startup_stm32h750xx.o(.text)
    TIM16_IRQHandler                         0x08000377   Thumb Code     0  startup_stm32h750xx.o(.text)
    TIM17_IRQHandler                         0x08000377   Thumb Code     0  startup_stm32h750xx.o(.text)
    TIM1_BRK_IRQHandler                      0x08000377   Thumb Code     0  startup_stm32h750xx.o(.text)
    TIM1_CC_IRQHandler                       0x08000377   Thumb Code     0  startup_stm32h750xx.o(.text)
    TIM1_TRG_COM_IRQHandler                  0x08000377   Thumb Code     0  startup_stm32h750xx.o(.text)
    TIM1_UP_IRQHandler                       0x08000377   Thumb Code     0  startup_stm32h750xx.o(.text)
    TIM2_IRQHandler                          0x08000377   Thumb Code     0  startup_stm32h750xx.o(.text)
    TIM3_IRQHandler                          0x08000377   Thumb Code     0  startup_stm32h750xx.o(.text)
    TIM4_IRQHandler                          0x08000377   Thumb Code     0  startup_stm32h750xx.o(.text)
    TIM5_IRQHandler                          0x08000377   Thumb Code     0  startup_stm32h750xx.o(.text)
    TIM6_DAC_IRQHandler                      0x08000377   Thumb Code     0  startup_stm32h750xx.o(.text)
    TIM7_IRQHandler                          0x08000377   Thumb Code     0  startup_stm32h750xx.o(.text)
    TIM8_BRK_TIM12_IRQHandler                0x08000377   Thumb Code     0  startup_stm32h750xx.o(.text)
    TIM8_CC_IRQHandler                       0x08000377   Thumb Code     0  startup_stm32h750xx.o(.text)
    TIM8_TRG_COM_TIM14_IRQHandler            0x08000377   Thumb Code     0  startup_stm32h750xx.o(.text)
    TIM8_UP_TIM13_IRQHandler                 0x08000377   Thumb Code     0  startup_stm32h750xx.o(.text)
    UART4_IRQHandler                         0x08000377   Thumb Code     0  startup_stm32h750xx.o(.text)
    UART5_IRQHandler                         0x08000377   Thumb Code     0  startup_stm32h750xx.o(.text)
    UART7_IRQHandler                         0x08000377   Thumb Code     0  startup_stm32h750xx.o(.text)
    UART8_IRQHandler                         0x08000377   Thumb Code     0  startup_stm32h750xx.o(.text)
    USART2_IRQHandler                        0x08000377   Thumb Code     0  startup_stm32h750xx.o(.text)
    USART3_IRQHandler                        0x08000377   Thumb Code     0  startup_stm32h750xx.o(.text)
    USART6_IRQHandler                        0x08000377   Thumb Code     0  startup_stm32h750xx.o(.text)
    WAKEUP_PIN_IRQHandler                    0x08000377   Thumb Code     0  startup_stm32h750xx.o(.text)
    WWDG_IRQHandler                          0x08000377   Thumb Code     0  startup_stm32h750xx.o(.text)
    __user_initial_stackheap                 0x08000379   Thumb Code     0  startup_stm32h750xx.o(.text)
    __aeabi_uldivmod                         0x080003a1   Thumb Code     0  lludivv7m.o(.text)
    _ll_udiv                                 0x080003a1   Thumb Code   238  lludivv7m.o(.text)
    __2sprintf                               0x08000491   Thumb Code    38  __2sprintf.o(.text)
    __2snprintf                              0x080004bd   Thumb Code    50  __2snprintf.o(.text)
    _printf_str                              0x080004f5   Thumb Code    82  _printf_str.o(.text)
    __printf                                 0x08000547   Thumb Code   270  __printf_wp.o(.text)
    memcmp                                   0x08000655   Thumb Code    88  memcmp.o(.text)
    __aeabi_memcpy4                          0x080006ad   Thumb Code     0  rt_memcpy_w.o(.text)
    __aeabi_memcpy8                          0x080006ad   Thumb Code     0  rt_memcpy_w.o(.text)
    __rt_memcpy_w                            0x080006ad   Thumb Code   100  rt_memcpy_w.o(.text)
    _memcpy_lastbytes_aligned                0x080006f5   Thumb Code     0  rt_memcpy_w.o(.text)
    __aeabi_memclr4                          0x08000711   Thumb Code     0  rt_memclr_w.o(.text)
    __aeabi_memclr8                          0x08000711   Thumb Code     0  rt_memclr_w.o(.text)
    __rt_memclr_w                            0x08000711   Thumb Code    78  rt_memclr_w.o(.text)
    _memset_w                                0x08000715   Thumb Code     0  rt_memclr_w.o(.text)
    __use_two_region_memory                  0x0800075f   Thumb Code     2  heapauxi.o(.text)
    __rt_heap_escrow$2region                 0x08000761   Thumb Code     2  heapauxi.o(.text)
    __rt_heap_expand$2region                 0x08000763   Thumb Code     2  heapauxi.o(.text)
    __read_errno                             0x08000765   Thumb Code    10  _rserrno.o(.text)
    __set_errno                              0x0800076f   Thumb Code    12  _rserrno.o(.text)
    __lib_sel_fp_printf                      0x0800077b   Thumb Code     2  _printf_fp_dec.o(.text)
    _printf_fp_dec_real                      0x0800092d   Thumb Code   620  _printf_fp_dec.o(.text)
    _printf_char_common                      0x08000ba3   Thumb Code    32  _printf_char_common.o(.text)
    _sputc                                   0x08000bc9   Thumb Code    10  _sputc.o(.text)
    _snputc                                  0x08000bd3   Thumb Code    16  _snputc.o(.text)
    _printf_cs_common                        0x08000be3   Thumb Code    20  _printf_char.o(.text)
    _printf_char                             0x08000bf7   Thumb Code    16  _printf_char.o(.text)
    _printf_string                           0x08000c07   Thumb Code     8  _printf_char.o(.text)
    __rt_locale                              0x08000c11   Thumb Code     8  rt_locale_intlibspace.o(.text)
    __aeabi_errno_addr                       0x08000c19   Thumb Code     8  rt_errno_addr_intlibspace.o(.text)
    __errno$intlibspace                      0x08000c19   Thumb Code     0  rt_errno_addr_intlibspace.o(.text)
    __rt_errno_addr$intlibspace              0x08000c19   Thumb Code     0  rt_errno_addr_intlibspace.o(.text)
    _ll_udiv10                               0x08000c21   Thumb Code   138  lludiv10.o(.text)
    _printf_fp_infnan                        0x08000cad   Thumb Code   112  _printf_fp_infnan.o(.text)
    _btod_etento                             0x08000d2d   Thumb Code   224  bigflt0.o(.text)
    __user_libspace                          0x08000e11   Thumb Code     8  libspace.o(.text)
    __user_perproc_libspace                  0x08000e11   Thumb Code     0  libspace.o(.text)
    __user_perthread_libspace                0x08000e11   Thumb Code     0  libspace.o(.text)
    __user_setup_stackheap                   0x08000e19   Thumb Code    74  sys_stackheap_outer.o(.text)
    exit                                     0x08000e63   Thumb Code    18  exit.o(.text)
    strcmp                                   0x08000e75   Thumb Code   104  strcmpv7m_pel.o(.text)
    _sys_exit                                0x08000edd   Thumb Code     8  sys_exit.o(.text)
    __I$use$semihosting                      0x08000ee9   Thumb Code     0  use_no_semi.o(.text)
    __use_no_semihosting_swi                 0x08000ee9   Thumb Code     2  use_no_semi.o(.text)
    __semihosting_library_function           0x08000eeb   Thumb Code     0  indicate_semi.o(.text)
    _btod_d2e                                0x08000eeb   Thumb Code    62  btod.o(CL$$btod_d2e)
    _d2e_denorm_low                          0x08000f29   Thumb Code    70  btod.o(CL$$btod_d2e_denorm_low)
    _d2e_norm_op1                            0x08000f6f   Thumb Code    96  btod.o(CL$$btod_d2e_norm_op1)
    __btod_div_common                        0x08000fcf   Thumb Code   696  btod.o(CL$$btod_div_common)
    _e2e                                     0x08001307   Thumb Code   220  btod.o(CL$$btod_e2e)
    _btod_ediv                               0x080013e3   Thumb Code    42  btod.o(CL$$btod_ediv)
    _btod_emul                               0x0800140d   Thumb Code    42  btod.o(CL$$btod_emul)
    __btod_mult_common                       0x08001437   Thumb Code   580  btod.o(CL$$btod_mult_common)
    BusFault_Handler                         0x0800167b   Thumb Code     2  stm32h7xx_it.o(i.BusFault_Handler)
    DMA1_Stream0_IRQHandler                  0x0800167d   Thumb Code     6  stm32h7xx_it.o(i.DMA1_Stream0_IRQHandler)
    DMA1_Stream1_IRQHandler                  0x08001689   Thumb Code     6  stm32h7xx_it.o(i.DMA1_Stream1_IRQHandler)
    DebugMon_Handler                         0x08001b25   Thumb Code     2  stm32h7xx_it.o(i.DebugMon_Handler)
    Error_Handler                            0x08001b27   Thumb Code     4  main.o(i.Error_Handler)
    ExitRun0Mode                             0x08001b2d   Thumb Code    22  system_stm32h7xx.o(i.ExitRun0Mode)
    HAL_DMA_Abort                            0x08001b49   Thumb Code   880  stm32h7xx_hal_dma.o(i.HAL_DMA_Abort)
    HAL_DMA_Abort_IT                         0x08001ec5   Thumb Code   674  stm32h7xx_hal_dma.o(i.HAL_DMA_Abort_IT)
    HAL_DMA_IRQHandler                       0x08002175   Thumb Code  1948  stm32h7xx_hal_dma.o(i.HAL_DMA_IRQHandler)
    HAL_DMA_Init                             0x0800291d   Thumb Code   994  stm32h7xx_hal_dma.o(i.HAL_DMA_Init)
    HAL_DMA_Start_IT                         0x08002d19   Thumb Code   734  stm32h7xx_hal_dma.o(i.HAL_DMA_Start_IT)
    HAL_Delay                                0x08003005   Thumb Code    32  stm32h7xx_hal.o(i.HAL_Delay)
    HAL_GPIO_Init                            0x08003029   Thumb Code   498  stm32h7xx_hal_gpio.o(i.HAL_GPIO_Init)
    HAL_GPIO_WritePin                        0x0800324d   Thumb Code    14  stm32h7xx_hal_gpio.o(i.HAL_GPIO_WritePin)
    HAL_GetREVID                             0x0800325d   Thumb Code     8  stm32h7xx_hal.o(i.HAL_GetREVID)
    HAL_GetTick                              0x08003269   Thumb Code     6  stm32h7xx_hal.o(i.HAL_GetTick)
    HAL_IncTick                              0x08003275   Thumb Code    12  stm32h7xx_hal.o(i.HAL_IncTick)
    HAL_Init                                 0x08003285   Thumb Code    74  stm32h7xx_hal.o(i.HAL_Init)
    HAL_InitTick                             0x080032e1   Thumb Code    66  stm32h7xx_hal.o(i.HAL_InitTick)
    HAL_MspInit                              0x0800332d   Thumb Code    22  stm32h7xx_hal_msp.o(i.HAL_MspInit)
    HAL_NVIC_EnableIRQ                       0x08003349   Thumb Code    26  stm32h7xx_hal_cortex.o(i.HAL_NVIC_EnableIRQ)
    HAL_NVIC_SetPriority                     0x08003365   Thumb Code    60  stm32h7xx_hal_cortex.o(i.HAL_NVIC_SetPriority)
    HAL_NVIC_SetPriorityGrouping             0x080033a5   Thumb Code    26  stm32h7xx_hal_cortex.o(i.HAL_NVIC_SetPriorityGrouping)
    HAL_PWREx_ConfigSupply                   0x080033c9   Thumb Code    82  stm32h7xx_hal_pwr_ex.o(i.HAL_PWREx_ConfigSupply)
    HAL_RCCEx_GetD3PCLK1Freq                 0x08003421   Thumb Code    26  stm32h7xx_hal_rcc_ex.o(i.HAL_RCCEx_GetD3PCLK1Freq)
    HAL_RCCEx_GetPLL2ClockFreq               0x08003445   Thumb Code   424  stm32h7xx_hal_rcc_ex.o(i.HAL_RCCEx_GetPLL2ClockFreq)
    HAL_RCCEx_GetPLL3ClockFreq               0x08003605   Thumb Code   424  stm32h7xx_hal_rcc_ex.o(i.HAL_RCCEx_GetPLL3ClockFreq)
    HAL_RCCEx_PeriphCLKConfig                0x080037c5   Thumb Code  2558  stm32h7xx_hal_rcc_ex.o(i.HAL_RCCEx_PeriphCLKConfig)
    HAL_RCC_ClockConfig                      0x080041c9   Thumb Code   604  stm32h7xx_hal_rcc.o(i.HAL_RCC_ClockConfig)
    HAL_RCC_GetHCLKFreq                      0x08004445   Thumb Code    52  stm32h7xx_hal_rcc.o(i.HAL_RCC_GetHCLKFreq)
    HAL_RCC_GetPCLK1Freq                     0x08004489   Thumb Code    26  stm32h7xx_hal_rcc.o(i.HAL_RCC_GetPCLK1Freq)
    HAL_RCC_GetPCLK2Freq                     0x080044ad   Thumb Code    26  stm32h7xx_hal_rcc.o(i.HAL_RCC_GetPCLK2Freq)
    HAL_RCC_GetSysClockFreq                  0x080044d1   Thumb Code   402  stm32h7xx_hal_rcc.o(i.HAL_RCC_GetSysClockFreq)
    HAL_RCC_OscConfig                        0x08004685   Thumb Code  1664  stm32h7xx_hal_rcc.o(i.HAL_RCC_OscConfig)
    HAL_SPI_Init                             0x08004d09   Thumb Code   360  stm32h7xx_hal_spi.o(i.HAL_SPI_Init)
    HAL_SPI_MspInit                          0x08004e7d   Thumb Code   142  stm32h7xx_hal_msp.o(i.HAL_SPI_MspInit)
    HAL_SPI_Receive                          0x08004f19   Thumb Code   750  stm32h7xx_hal_spi.o(i.HAL_SPI_Receive)
    HAL_SPI_Transmit                         0x08005207   Thumb Code   624  stm32h7xx_hal_spi.o(i.HAL_SPI_Transmit)
    HAL_SYSTICK_Config                       0x08005477   Thumb Code    40  stm32h7xx_hal_cortex.o(i.HAL_SYSTICK_Config)
    HAL_UARTEx_DisableFifoMode               0x0800549f   Thumb Code    62  stm32h7xx_hal_uart_ex.o(i.HAL_UARTEx_DisableFifoMode)
    HAL_UARTEx_ReceiveToIdle_DMA             0x080054dd   Thumb Code    82  stm32h7xx_hal_uart_ex.o(i.HAL_UARTEx_ReceiveToIdle_DMA)
    HAL_UARTEx_RxEventCallback               0x08005531   Thumb Code   252  main.o(i.HAL_UARTEx_RxEventCallback)
    HAL_UARTEx_RxFifoFullCallback            0x08005645   Thumb Code     2  stm32h7xx_hal_uart_ex.o(i.HAL_UARTEx_RxFifoFullCallback)
    HAL_UARTEx_SetRxFifoThreshold            0x08005647   Thumb Code    76  stm32h7xx_hal_uart_ex.o(i.HAL_UARTEx_SetRxFifoThreshold)
    HAL_UARTEx_SetTxFifoThreshold            0x08005693   Thumb Code    76  stm32h7xx_hal_uart_ex.o(i.HAL_UARTEx_SetTxFifoThreshold)
    HAL_UARTEx_TxFifoEmptyCallback           0x080056df   Thumb Code     2  stm32h7xx_hal_uart_ex.o(i.HAL_UARTEx_TxFifoEmptyCallback)
    HAL_UARTEx_WakeupCallback                0x080056e1   Thumb Code     2  stm32h7xx_hal_uart_ex.o(i.HAL_UARTEx_WakeupCallback)
    HAL_UART_ErrorCallback                   0x080056e3   Thumb Code     2  stm32h7xx_hal_uart.o(i.HAL_UART_ErrorCallback)
    HAL_UART_IRQHandler                      0x080056e5   Thumb Code   920  stm32h7xx_hal_uart.o(i.HAL_UART_IRQHandler)
    HAL_UART_Init                            0x08005a91   Thumb Code   112  stm32h7xx_hal_uart.o(i.HAL_UART_Init)
    HAL_UART_MspInit                         0x08005b01   Thumb Code   232  stm32h7xx_hal_msp.o(i.HAL_UART_MspInit)
    HAL_UART_RxCpltCallback                  0x08005c01   Thumb Code     2  stm32h7xx_hal_uart.o(i.HAL_UART_RxCpltCallback)
    HAL_UART_RxHalfCpltCallback              0x08005c03   Thumb Code     2  stm32h7xx_hal_uart.o(i.HAL_UART_RxHalfCpltCallback)
    HAL_UART_Transmit                        0x08005c05   Thumb Code   184  stm32h7xx_hal_uart.o(i.HAL_UART_Transmit)
    HAL_UART_TxCpltCallback                  0x08005cbd   Thumb Code     2  stm32h7xx_hal_uart.o(i.HAL_UART_TxCpltCallback)
    HardFault_Handler                        0x08005cbf   Thumb Code     2  stm32h7xx_it.o(i.HardFault_Handler)
    MemManage_Handler                        0x08005e29   Thumb Code     2  stm32h7xx_it.o(i.MemManage_Handler)
    NMI_Handler                              0x08005e2b   Thumb Code     2  stm32h7xx_it.o(i.NMI_Handler)
    PendSV_Handler                           0x08005e2d   Thumb Code     2  stm32h7xx_it.o(i.PendSV_Handler)
    SVC_Handler                              0x08006189   Thumb Code     2  stm32h7xx_it.o(i.SVC_Handler)
    SysTick_Handler                          0x0800618b   Thumb Code     4  stm32h7xx_it.o(i.SysTick_Handler)
    SystemClock_Config                       0x08006191   Thumb Code   156  main.o(i.SystemClock_Config)
    SystemInit                               0x08006235   Thumb Code   204  system_stm32h7xx.o(i.SystemInit)
    UART_AdvFeatureConfig                    0x08006371   Thumb Code   200  stm32h7xx_hal_uart.o(i.UART_AdvFeatureConfig)
    UART_CheckIdleState                      0x08006439   Thumb Code   170  stm32h7xx_hal_uart.o(i.UART_CheckIdleState)
    UART_SetConfig                           0x08006691   Thumb Code  1168  stm32h7xx_hal_uart.o(i.UART_SetConfig)
    UART_Start_Receive_DMA                   0x08006b21   Thumb Code   152  stm32h7xx_hal_uart.o(i.UART_Start_Receive_DMA)
    UART_WaitOnFlagUntilTimeout              0x08006bc5   Thumb Code   152  stm32h7xx_hal_uart.o(i.UART_WaitOnFlagUntilTimeout)
    USART1_IRQHandler                        0x08006c5d   Thumb Code     6  stm32h7xx_it.o(i.USART1_IRQHandler)
    UsageFault_Handler                       0x08006c69   Thumb Code     2  stm32h7xx_it.o(i.UsageFault_Handler)
    __ARM_fpclassify                         0x08006c6b   Thumb Code    48  fpclassify.o(i.__ARM_fpclassify)
    __hardfp_cos                             0x08006cc1   Thumb Code   158  cos.o(i.__hardfp_cos)
    __hardfp_roundf                          0x08006d71   Thumb Code   154  roundf.o(i.__hardfp_roundf)
    __hardfp_sin                             0x08006e11   Thumb Code   158  sin.o(i.__hardfp_sin)
    __ieee754_rem_pio2                       0x08006ec1   Thumb Code   646  rred.o(i.__ieee754_rem_pio2)
    __kernel_cos                             0x080071d1   Thumb Code   182  cos_i.o(i.__kernel_cos)
    __kernel_poly                            0x080072b1   Thumb Code   112  poly.o(i.__kernel_poly)
    __kernel_sin                             0x08007321   Thumb Code   144  sin_i.o(i.__kernel_sin)
    __mathlib_dbl_invalid                    0x080073c9   Thumb Code    10  dunder.o(i.__mathlib_dbl_invalid)
    __mathlib_dbl_underflow                  0x080073e1   Thumb Code    10  dunder.o(i.__mathlib_dbl_underflow)
    _is_digit                                0x080073f9   Thumb Code    14  __printf_wp.o(i._is_digit)
    decode_uart                              0x0800777d   Thumb Code   134  main.o(i.decode_uart)
    fabs                                     0x08007809   Thumb Code    24  fabs.o(i.fabs)
    invfreqs_stm32                           0x08007821   Thumb Code   838  main.o(i.invfreqs_stm32)
    main                                     0x08007b85   Thumb Code   998  main.o(i.main)
    send_data                                0x08008021   Thumb Code   288  main.o(i.send_data)
    _get_lc_numeric                          0x080081a9   Thumb Code    44  lc_numeric_c.o(locale$$code)
    __fpl_fnaninf                            0x080081d5   Thumb Code   140  fnaninf.o(x$fpl$fnaninf)
    _fp_init                                 0x08008261   Thumb Code    10  fpinit.o(x$fpl$fpinit)
    __fplib_config_fpu_vfp                   0x08008269   Thumb Code     0  fpinit.o(x$fpl$fpinit)
    __fplib_config_pureend_doubles           0x08008269   Thumb Code     0  fpinit.o(x$fpl$fpinit)
    _frnd                                    0x0800826d   Thumb Code    96  frnd.o(x$fpl$frnd)
    _printf_fp_dec                           0x080082cd   Thumb Code     4  printf1.o(x$fpl$printf1)
    __I$use$fp                               0x080082d0   Number         0  usenofp.o(x$fpl$usenofp)
    UARTPrescTable                           0x080082f8   Data          24  stm32h7xx_hal_uart.o(.constdata)
    D1CorePrescTable                         0x08008320   Data          16  system_stm32h7xx.o(.constdata)
    Region$$Table$$Base                      0x080084e4   Number         0  anon$$obj.o(Region$$Table)
    Region$$Table$$Limit                     0x08008504   Number         0  anon$$obj.o(Region$$Table)
    freq_changed                             0x24000000   Data           1  main.o(.data)
    amp_changed                              0x24000001   Data           1  main.o(.data)
    start_study_flag                         0x24000002   Data           1  main.o(.data)
    single_freq_output                       0x24000003   Data           1  main.o(.data)
    auto_gain_mode                           0x24000004   Data           1  main.o(.data)
    simulate_mode                            0x24000005   Data           1  main.o(.data)
    single_freq_output_StatusChanged         0x24000006   Data           1  main.o(.data)
    auto_gain_mode_StatusChanged             0x24000007   Data           1  main.o(.data)
    simulate_mode_StatusChanged              0x24000008   Data           1  main.o(.data)
    invs_cnt                                 0x2400000a   Data           2  main.o(.data)
    spi_data                                 0x2400000c   Data           2  main.o(.data)
    freq_out                                 0x24000010   Data           4  main.o(.data)
    amp_out                                  0x24000014   Data           4  main.o(.data)
    uwTickFreq                               0x24000020   Data           1  stm32h7xx_hal.o(.data)
    uwTickPrio                               0x24000024   Data           4  stm32h7xx_hal.o(.data)
    uwTick                                   0x24000028   Data           4  stm32h7xx_hal.o(.data)
    SystemCoreClock                          0x2400002c   Data           4  system_stm32h7xx.o(.data)
    SystemD2Clock                            0x24000030   Data           4  system_stm32h7xx.o(.data)
    hspi1                                    0x24002978   Data         136  main.o(.bss)
    huart1                                   0x24002a00   Data         148  main.o(.bss)
    w                                        0x24002a98   Data         400  main.o(.bss)
    h                                        0x24002c28   Data         800  main.o(.bss)
    amp_freq                                 0x24002f48   Data         400  main.o(.bss)
    phase_freq                               0x240030d8   Data         400  main.o(.bss)
    UART_data_buf                            0x24003268   Data         100  main.o(.bss)
    hdma_usart1_rx                           0x240032cc   Data         120  main.o(.bss)
    hdma_usart1_tx                           0x24003344   Data         120  main.o(.bss)
    __libspace_start                         0x240033bc   Data          96  libspace.o(.bss)
    __temporary_stack_top$libspace           0x2400341c   Data           0  libspace.o(.bss)



==============================================================================

Memory Map of the image

  Image Entry point : 0x08000299

  Load Region LR_IROM1 (Base: 0x08000000, Size: 0x00008554, Max: 0x00020000, ABSOLUTE)

    Execution Region ER_IROM1 (Exec base: 0x08000000, Load base: 0x08000000, Size: 0x00008520, Max: 0x00020000, ABSOLUTE)

    Exec Addr    Load Addr    Size         Type   Attr      Idx    E Section Name        Object

    0x08000000   0x08000000   0x00000298   Data   RO            3    RESET               startup_stm32h750xx.o
    0x08000298   0x08000298   0x00000008   Code   RO         3884  * !!!main             c_w.l(__main.o)
    0x080002a0   0x080002a0   0x00000034   Code   RO         4185    !!!scatter          c_w.l(__scatter.o)
    0x080002d4   0x080002d4   0x0000001a   Code   RO         4187    !!handler_copy      c_w.l(__scatter_copy.o)
    0x080002ee   0x080002ee   0x00000002   PAD
    0x080002f0   0x080002f0   0x0000001c   Code   RO         4189    !!handler_zi        c_w.l(__scatter_zi.o)
    0x0800030c   0x0800030c   0x00000000   Code   RO         3875    .ARM.Collect$$_printf_percent$$00000000  c_w.l(_printf_percent.o)
    0x0800030c   0x0800030c   0x00000006   Code   RO         3874    .ARM.Collect$$_printf_percent$$00000004  c_w.l(_printf_e.o)
    0x08000312   0x08000312   0x00000006   Code   RO         3873    .ARM.Collect$$_printf_percent$$00000014  c_w.l(_printf_s.o)
    0x08000318   0x08000318   0x00000004   Code   RO         3933    .ARM.Collect$$_printf_percent$$00000017  c_w.l(_printf_percent_end.o)
    0x0800031c   0x0800031c   0x00000002   Code   RO         4058    .ARM.Collect$$libinit$$00000000  c_w.l(libinit.o)
    0x0800031e   0x0800031e   0x00000004   Code   RO         4059    .ARM.Collect$$libinit$$00000001  c_w.l(libinit2.o)
    0x08000322   0x08000322   0x00000000   Code   RO         4062    .ARM.Collect$$libinit$$00000004  c_w.l(libinit2.o)
    0x08000322   0x08000322   0x00000000   Code   RO         4065    .ARM.Collect$$libinit$$0000000A  c_w.l(libinit2.o)
    0x08000322   0x08000322   0x00000000   Code   RO         4067    .ARM.Collect$$libinit$$0000000C  c_w.l(libinit2.o)
    0x08000322   0x08000322   0x00000000   Code   RO         4069    .ARM.Collect$$libinit$$0000000E  c_w.l(libinit2.o)
    0x08000322   0x08000322   0x00000006   Code   RO         4070    .ARM.Collect$$libinit$$0000000F  c_w.l(libinit2.o)
    0x08000328   0x08000328   0x00000000   Code   RO         4072    .ARM.Collect$$libinit$$00000011  c_w.l(libinit2.o)
    0x08000328   0x08000328   0x00000000   Code   RO         4074    .ARM.Collect$$libinit$$00000013  c_w.l(libinit2.o)
    0x08000328   0x08000328   0x00000000   Code   RO         4076    .ARM.Collect$$libinit$$00000015  c_w.l(libinit2.o)
    0x08000328   0x08000328   0x0000000a   Code   RO         4077    .ARM.Collect$$libinit$$00000016  c_w.l(libinit2.o)
    0x08000332   0x08000332   0x00000000   Code   RO         4078    .ARM.Collect$$libinit$$00000017  c_w.l(libinit2.o)
    0x08000332   0x08000332   0x00000000   Code   RO         4080    .ARM.Collect$$libinit$$00000019  c_w.l(libinit2.o)
    0x08000332   0x08000332   0x00000000   Code   RO         4082    .ARM.Collect$$libinit$$0000001B  c_w.l(libinit2.o)
    0x08000332   0x08000332   0x00000000   Code   RO         4084    .ARM.Collect$$libinit$$0000001D  c_w.l(libinit2.o)
    0x08000332   0x08000332   0x00000000   Code   RO         4086    .ARM.Collect$$libinit$$0000001F  c_w.l(libinit2.o)
    0x08000332   0x08000332   0x00000000   Code   RO         4088    .ARM.Collect$$libinit$$00000021  c_w.l(libinit2.o)
    0x08000332   0x08000332   0x00000000   Code   RO         4090    .ARM.Collect$$libinit$$00000023  c_w.l(libinit2.o)
    0x08000332   0x08000332   0x00000000   Code   RO         4092    .ARM.Collect$$libinit$$00000025  c_w.l(libinit2.o)
    0x08000332   0x08000332   0x00000000   Code   RO         4096    .ARM.Collect$$libinit$$0000002C  c_w.l(libinit2.o)
    0x08000332   0x08000332   0x00000000   Code   RO         4098    .ARM.Collect$$libinit$$0000002E  c_w.l(libinit2.o)
    0x08000332   0x08000332   0x00000000   Code   RO         4100    .ARM.Collect$$libinit$$00000030  c_w.l(libinit2.o)
    0x08000332   0x08000332   0x00000000   Code   RO         4102    .ARM.Collect$$libinit$$00000032  c_w.l(libinit2.o)
    0x08000332   0x08000332   0x00000002   Code   RO         4103    .ARM.Collect$$libinit$$00000033  c_w.l(libinit2.o)
    0x08000334   0x08000334   0x00000002   Code   RO         4150    .ARM.Collect$$libshutdown$$00000000  c_w.l(libshutdown.o)
    0x08000336   0x08000336   0x00000000   Code   RO         4168    .ARM.Collect$$libshutdown$$00000002  c_w.l(libshutdown2.o)
    0x08000336   0x08000336   0x00000000   Code   RO         4170    .ARM.Collect$$libshutdown$$00000004  c_w.l(libshutdown2.o)
    0x08000336   0x08000336   0x00000000   Code   RO         4173    .ARM.Collect$$libshutdown$$00000007  c_w.l(libshutdown2.o)
    0x08000336   0x08000336   0x00000000   Code   RO         4176    .ARM.Collect$$libshutdown$$0000000A  c_w.l(libshutdown2.o)
    0x08000336   0x08000336   0x00000000   Code   RO         4178    .ARM.Collect$$libshutdown$$0000000C  c_w.l(libshutdown2.o)
    0x08000336   0x08000336   0x00000000   Code   RO         4181    .ARM.Collect$$libshutdown$$0000000F  c_w.l(libshutdown2.o)
    0x08000336   0x08000336   0x00000002   Code   RO         4182    .ARM.Collect$$libshutdown$$00000010  c_w.l(libshutdown2.o)
    0x08000338   0x08000338   0x00000000   Code   RO         3916    .ARM.Collect$$rtentry$$00000000  c_w.l(__rtentry.o)
    0x08000338   0x08000338   0x00000000   Code   RO         3966    .ARM.Collect$$rtentry$$00000002  c_w.l(__rtentry2.o)
    0x08000338   0x08000338   0x00000006   Code   RO         3978    .ARM.Collect$$rtentry$$00000004  c_w.l(__rtentry4.o)
    0x0800033e   0x0800033e   0x00000000   Code   RO         3968    .ARM.Collect$$rtentry$$00000009  c_w.l(__rtentry2.o)
    0x0800033e   0x0800033e   0x00000004   Code   RO         3969    .ARM.Collect$$rtentry$$0000000A  c_w.l(__rtentry2.o)
    0x08000342   0x08000342   0x00000000   Code   RO         3971    .ARM.Collect$$rtentry$$0000000C  c_w.l(__rtentry2.o)
    0x08000342   0x08000342   0x00000008   Code   RO         3972    .ARM.Collect$$rtentry$$0000000D  c_w.l(__rtentry2.o)
    0x0800034a   0x0800034a   0x00000002   Code   RO         4104    .ARM.Collect$$rtexit$$00000000  c_w.l(rtexit.o)
    0x0800034c   0x0800034c   0x00000000   Code   RO         4119    .ARM.Collect$$rtexit$$00000002  c_w.l(rtexit2.o)
    0x0800034c   0x0800034c   0x00000004   Code   RO         4120    .ARM.Collect$$rtexit$$00000003  c_w.l(rtexit2.o)
    0x08000350   0x08000350   0x00000006   Code   RO         4121    .ARM.Collect$$rtexit$$00000004  c_w.l(rtexit2.o)
    0x08000356   0x08000356   0x00000002   PAD
    0x08000358   0x08000358   0x00000048   Code   RO            4    .text               startup_stm32h750xx.o
    0x080003a0   0x080003a0   0x000000ee   Code   RO         3839    .text               c_w.l(lludivv7m.o)
    0x0800048e   0x0800048e   0x00000002   PAD
    0x08000490   0x08000490   0x0000002c   Code   RO         3841    .text               c_w.l(__2sprintf.o)
    0x080004bc   0x080004bc   0x00000038   Code   RO         3843    .text               c_w.l(__2snprintf.o)
    0x080004f4   0x080004f4   0x00000052   Code   RO         3851    .text               c_w.l(_printf_str.o)
    0x08000546   0x08000546   0x0000010e   Code   RO         3861    .text               c_w.l(__printf_wp.o)
    0x08000654   0x08000654   0x00000058   Code   RO         3876    .text               c_w.l(memcmp.o)
    0x080006ac   0x080006ac   0x00000064   Code   RO         3878    .text               c_w.l(rt_memcpy_w.o)
    0x08000710   0x08000710   0x0000004e   Code   RO         3880    .text               c_w.l(rt_memclr_w.o)
    0x0800075e   0x0800075e   0x00000006   Code   RO         3882    .text               c_w.l(heapauxi.o)
    0x08000764   0x08000764   0x00000016   Code   RO         3921    .text               c_w.l(_rserrno.o)
    0x0800077a   0x0800077a   0x0000041e   Code   RO         3923    .text               c_w.l(_printf_fp_dec.o)
    0x08000b98   0x08000b98   0x00000030   Code   RO         3925    .text               c_w.l(_printf_char_common.o)
    0x08000bc8   0x08000bc8   0x0000000a   Code   RO         3927    .text               c_w.l(_sputc.o)
    0x08000bd2   0x08000bd2   0x00000010   Code   RO         3929    .text               c_w.l(_snputc.o)
    0x08000be2   0x08000be2   0x0000002c   Code   RO         3931    .text               c_w.l(_printf_char.o)
    0x08000c0e   0x08000c0e   0x00000002   PAD
    0x08000c10   0x08000c10   0x00000008   Code   RO         3985    .text               c_w.l(rt_locale_intlibspace.o)
    0x08000c18   0x08000c18   0x00000008   Code   RO         3990    .text               c_w.l(rt_errno_addr_intlibspace.o)
    0x08000c20   0x08000c20   0x0000008a   Code   RO         3992    .text               c_w.l(lludiv10.o)
    0x08000caa   0x08000caa   0x00000002   PAD
    0x08000cac   0x08000cac   0x00000080   Code   RO         3994    .text               c_w.l(_printf_fp_infnan.o)
    0x08000d2c   0x08000d2c   0x000000e4   Code   RO         3998    .text               c_w.l(bigflt0.o)
    0x08000e10   0x08000e10   0x00000008   Code   RO         4040    .text               c_w.l(libspace.o)
    0x08000e18   0x08000e18   0x0000004a   Code   RO         4043    .text               c_w.l(sys_stackheap_outer.o)
    0x08000e62   0x08000e62   0x00000012   Code   RO         4045    .text               c_w.l(exit.o)
    0x08000e74   0x08000e74   0x00000068   Code   RO         4051    .text               c_w.l(strcmpv7m_pel.o)
    0x08000edc   0x08000edc   0x0000000c   Code   RO         4116    .text               c_w.l(sys_exit.o)
    0x08000ee8   0x08000ee8   0x00000002   Code   RO         4137    .text               c_w.l(use_no_semi.o)
    0x08000eea   0x08000eea   0x00000000   Code   RO         4139    .text               c_w.l(indicate_semi.o)
    0x08000eea   0x08000eea   0x0000003e   Code   RO         4001    CL$$btod_d2e        c_w.l(btod.o)
    0x08000f28   0x08000f28   0x00000046   Code   RO         4003    CL$$btod_d2e_denorm_low  c_w.l(btod.o)
    0x08000f6e   0x08000f6e   0x00000060   Code   RO         4002    CL$$btod_d2e_norm_op1  c_w.l(btod.o)
    0x08000fce   0x08000fce   0x00000338   Code   RO         4011    CL$$btod_div_common  c_w.l(btod.o)
    0x08001306   0x08001306   0x000000dc   Code   RO         4008    CL$$btod_e2e        c_w.l(btod.o)
    0x080013e2   0x080013e2   0x0000002a   Code   RO         4005    CL$$btod_ediv       c_w.l(btod.o)
    0x0800140c   0x0800140c   0x0000002a   Code   RO         4004    CL$$btod_emul       c_w.l(btod.o)
    0x08001436   0x08001436   0x00000244   Code   RO         4010    CL$$btod_mult_common  c_w.l(btod.o)
    0x0800167a   0x0800167a   0x00000002   Code   RO          266    i.BusFault_Handler  stm32h7xx_it.o
    0x0800167c   0x0800167c   0x0000000c   Code   RO          267    i.DMA1_Stream0_IRQHandler  stm32h7xx_it.o
    0x08001688   0x08001688   0x0000000c   Code   RO          268    i.DMA1_Stream1_IRQHandler  stm32h7xx_it.o
    0x08001694   0x08001694   0x000000c0   Code   RO         1262    i.DMA_CalcBaseAndBitshift  stm32h7xx_hal_dma.o
    0x08001754   0x08001754   0x000000a0   Code   RO         1263    i.DMA_CalcDMAMUXChannelBaseAndMask  stm32h7xx_hal_dma.o
    0x080017f4   0x080017f4   0x0000007c   Code   RO         1264    i.DMA_CalcDMAMUXRequestGenBaseAndMask  stm32h7xx_hal_dma.o
    0x08001870   0x08001870   0x00000078   Code   RO         1265    i.DMA_CheckFifoParam  stm32h7xx_hal_dma.o
    0x080018e8   0x080018e8   0x0000023c   Code   RO         1266    i.DMA_SetConfig     stm32h7xx_hal_dma.o
    0x08001b24   0x08001b24   0x00000002   Code   RO          269    i.DebugMon_Handler  stm32h7xx_it.o
    0x08001b26   0x08001b26   0x00000004   Code   RO           13    i.Error_Handler     main.o
    0x08001b2a   0x08001b2a   0x00000002   PAD
    0x08001b2c   0x08001b2c   0x0000001c   Code   RO         3797    i.ExitRun0Mode      system_stm32h7xx.o
    0x08001b48   0x08001b48   0x0000037c   Code   RO         1267    i.HAL_DMA_Abort     stm32h7xx_hal_dma.o
    0x08001ec4   0x08001ec4   0x000002b0   Code   RO         1268    i.HAL_DMA_Abort_IT  stm32h7xx_hal_dma.o
    0x08002174   0x08002174   0x000007a8   Code   RO         1272    i.HAL_DMA_IRQHandler  stm32h7xx_hal_dma.o
    0x0800291c   0x0800291c   0x000003fc   Code   RO         1273    i.HAL_DMA_Init      stm32h7xx_hal_dma.o
    0x08002d18   0x08002d18   0x000002ec   Code   RO         1277    i.HAL_DMA_Start_IT  stm32h7xx_hal_dma.o
    0x08003004   0x08003004   0x00000024   Code   RO         1976    i.HAL_Delay         stm32h7xx_hal.o
    0x08003028   0x08003028   0x00000224   Code   RO         1115    i.HAL_GPIO_Init     stm32h7xx_hal_gpio.o
    0x0800324c   0x0800324c   0x0000000e   Code   RO         1119    i.HAL_GPIO_WritePin  stm32h7xx_hal_gpio.o
    0x0800325a   0x0800325a   0x00000002   PAD
    0x0800325c   0x0800325c   0x0000000c   Code   RO         1987    i.HAL_GetREVID      stm32h7xx_hal.o
    0x08003268   0x08003268   0x0000000c   Code   RO         1988    i.HAL_GetTick       stm32h7xx_hal.o
    0x08003274   0x08003274   0x00000010   Code   RO         1994    i.HAL_IncTick       stm32h7xx_hal.o
    0x08003284   0x08003284   0x0000005c   Code   RO         1995    i.HAL_Init          stm32h7xx_hal.o
    0x080032e0   0x080032e0   0x0000004c   Code   RO         1996    i.HAL_InitTick      stm32h7xx_hal.o
    0x0800332c   0x0800332c   0x0000001c   Code   RO          360    i.HAL_MspInit       stm32h7xx_hal_msp.o
    0x08003348   0x08003348   0x0000001a   Code   RO          417    i.HAL_NVIC_EnableIRQ  stm32h7xx_hal_cortex.o
    0x08003362   0x08003362   0x00000002   PAD
    0x08003364   0x08003364   0x00000040   Code   RO          423    i.HAL_NVIC_SetPriority  stm32h7xx_hal_cortex.o
    0x080033a4   0x080033a4   0x00000024   Code   RO          424    i.HAL_NVIC_SetPriorityGrouping  stm32h7xx_hal_cortex.o
    0x080033c8   0x080033c8   0x00000058   Code   RO         1716    i.HAL_PWREx_ConfigSupply  stm32h7xx_hal_pwr_ex.o
    0x08003420   0x08003420   0x00000024   Code   RO          678    i.HAL_RCCEx_GetD3PCLK1Freq  stm32h7xx_hal_rcc_ex.o
    0x08003444   0x08003444   0x000001c0   Code   RO          680    i.HAL_RCCEx_GetPLL2ClockFreq  stm32h7xx_hal_rcc_ex.o
    0x08003604   0x08003604   0x000001c0   Code   RO          681    i.HAL_RCCEx_GetPLL3ClockFreq  stm32h7xx_hal_rcc_ex.o
    0x080037c4   0x080037c4   0x00000a04   Code   RO          687    i.HAL_RCCEx_PeriphCLKConfig  stm32h7xx_hal_rcc_ex.o
    0x080041c8   0x080041c8   0x0000027c   Code   RO          563    i.HAL_RCC_ClockConfig  stm32h7xx_hal_rcc.o
    0x08004444   0x08004444   0x00000044   Code   RO          568    i.HAL_RCC_GetHCLKFreq  stm32h7xx_hal_rcc.o
    0x08004488   0x08004488   0x00000024   Code   RO          570    i.HAL_RCC_GetPCLK1Freq  stm32h7xx_hal_rcc.o
    0x080044ac   0x080044ac   0x00000024   Code   RO          571    i.HAL_RCC_GetPCLK2Freq  stm32h7xx_hal_rcc.o
    0x080044d0   0x080044d0   0x000001b4   Code   RO          572    i.HAL_RCC_GetSysClockFreq  stm32h7xx_hal_rcc.o
    0x08004684   0x08004684   0x00000684   Code   RO          575    i.HAL_RCC_OscConfig  stm32h7xx_hal_rcc.o
    0x08004d08   0x08004d08   0x00000174   Code   RO         2890    i.HAL_SPI_Init      stm32h7xx_hal_spi.o
    0x08004e7c   0x08004e7c   0x0000009c   Code   RO          362    i.HAL_SPI_MspInit   stm32h7xx_hal_msp.o
    0x08004f18   0x08004f18   0x000002ee   Code   RO         2893    i.HAL_SPI_Receive   stm32h7xx_hal_spi.o
    0x08005206   0x08005206   0x00000270   Code   RO         2899    i.HAL_SPI_Transmit  stm32h7xx_hal_spi.o
    0x08005476   0x08005476   0x00000028   Code   RO          428    i.HAL_SYSTICK_Config  stm32h7xx_hal_cortex.o
    0x0800549e   0x0800549e   0x0000003e   Code   RO         3674    i.HAL_UARTEx_DisableFifoMode  stm32h7xx_hal_uart_ex.o
    0x080054dc   0x080054dc   0x00000052   Code   RO         3680    i.HAL_UARTEx_ReceiveToIdle_DMA  stm32h7xx_hal_uart_ex.o
    0x0800552e   0x0800552e   0x00000002   PAD
    0x08005530   0x08005530   0x00000114   Code   RO           14    i.HAL_UARTEx_RxEventCallback  main.o
    0x08005644   0x08005644   0x00000002   Code   RO         3682    i.HAL_UARTEx_RxFifoFullCallback  stm32h7xx_hal_uart_ex.o
    0x08005646   0x08005646   0x0000004c   Code   RO         3683    i.HAL_UARTEx_SetRxFifoThreshold  stm32h7xx_hal_uart_ex.o
    0x08005692   0x08005692   0x0000004c   Code   RO         3684    i.HAL_UARTEx_SetTxFifoThreshold  stm32h7xx_hal_uart_ex.o
    0x080056de   0x080056de   0x00000002   Code   RO         3686    i.HAL_UARTEx_TxFifoEmptyCallback  stm32h7xx_hal_uart_ex.o
    0x080056e0   0x080056e0   0x00000002   Code   RO         3687    i.HAL_UARTEx_WakeupCallback  stm32h7xx_hal_uart_ex.o
    0x080056e2   0x080056e2   0x00000002   Code   RO         3274    i.HAL_UART_ErrorCallback  stm32h7xx_hal_uart.o
    0x080056e4   0x080056e4   0x000003ac   Code   RO         3277    i.HAL_UART_IRQHandler  stm32h7xx_hal_uart.o
    0x08005a90   0x08005a90   0x00000070   Code   RO         3278    i.HAL_UART_Init     stm32h7xx_hal_uart.o
    0x08005b00   0x08005b00   0x00000100   Code   RO          364    i.HAL_UART_MspInit  stm32h7xx_hal_msp.o
    0x08005c00   0x08005c00   0x00000002   Code   RO         3285    i.HAL_UART_RxCpltCallback  stm32h7xx_hal_uart.o
    0x08005c02   0x08005c02   0x00000002   Code   RO         3286    i.HAL_UART_RxHalfCpltCallback  stm32h7xx_hal_uart.o
    0x08005c04   0x08005c04   0x000000b8   Code   RO         3287    i.HAL_UART_Transmit  stm32h7xx_hal_uart.o
    0x08005cbc   0x08005cbc   0x00000002   Code   RO         3290    i.HAL_UART_TxCpltCallback  stm32h7xx_hal_uart.o
    0x08005cbe   0x08005cbe   0x00000002   Code   RO          270    i.HardFault_Handler  stm32h7xx_it.o
    0x08005cc0   0x08005cc0   0x0000003c   Code   RO           15    i.MX_DMA_Init       main.o
    0x08005cfc   0x08005cfc   0x0000006c   Code   RO           16    i.MX_GPIO_Init      main.o
    0x08005d68   0x08005d68   0x0000005c   Code   RO           17    i.MX_SPI1_Init      main.o
    0x08005dc4   0x08005dc4   0x00000064   Code   RO           18    i.MX_USART1_UART_Init  main.o
    0x08005e28   0x08005e28   0x00000002   Code   RO          271    i.MemManage_Handler  stm32h7xx_it.o
    0x08005e2a   0x08005e2a   0x00000002   Code   RO          272    i.NMI_Handler       stm32h7xx_it.o
    0x08005e2c   0x08005e2c   0x00000002   Code   RO          273    i.PendSV_Handler    stm32h7xx_it.o
    0x08005e2e   0x08005e2e   0x00000002   PAD
    0x08005e30   0x08005e30   0x00000124   Code   RO          690    i.RCCEx_PLL2_Config  stm32h7xx_hal_rcc_ex.o
    0x08005f54   0x08005f54   0x00000124   Code   RO          691    i.RCCEx_PLL3_Config  stm32h7xx_hal_rcc_ex.o
    0x08006078   0x08006078   0x000000ba   Code   RO         2910    i.SPI_CloseTransfer  stm32h7xx_hal_spi.o
    0x08006132   0x08006132   0x00000014   Code   RO         2921    i.SPI_GetPacketSize  stm32h7xx_hal_spi.o
    0x08006146   0x08006146   0x00000042   Code   RO         2928    i.SPI_WaitOnFlagUntilTimeout  stm32h7xx_hal_spi.o
    0x08006188   0x08006188   0x00000002   Code   RO          274    i.SVC_Handler       stm32h7xx_it.o
    0x0800618a   0x0800618a   0x00000004   Code   RO          275    i.SysTick_Handler   stm32h7xx_it.o
    0x0800618e   0x0800618e   0x00000002   PAD
    0x08006190   0x08006190   0x000000a4   Code   RO           19    i.SystemClock_Config  main.o
    0x08006234   0x08006234   0x000000f4   Code   RO         3799    i.SystemInit        system_stm32h7xx.o
    0x08006328   0x08006328   0x00000048   Code   RO         3688    i.UARTEx_SetNbDataToProcess  stm32h7xx_hal_uart_ex.o
    0x08006370   0x08006370   0x000000c8   Code   RO         3292    i.UART_AdvFeatureConfig  stm32h7xx_hal_uart.o
    0x08006438   0x08006438   0x000000aa   Code   RO         3293    i.UART_CheckIdleState  stm32h7xx_hal_uart.o
    0x080064e2   0x080064e2   0x00000010   Code   RO         3294    i.UART_DMAAbortOnError  stm32h7xx_hal_uart.o
    0x080064f2   0x080064f2   0x00000050   Code   RO         3295    i.UART_DMAError     stm32h7xx_hal_uart.o
    0x08006542   0x08006542   0x00000084   Code   RO         3296    i.UART_DMAReceiveCplt  stm32h7xx_hal_uart.o
    0x080065c6   0x080065c6   0x00000020   Code   RO         3298    i.UART_DMARxHalfCplt  stm32h7xx_hal_uart.o
    0x080065e6   0x080065e6   0x00000002   PAD
    0x080065e8   0x080065e8   0x00000054   Code   RO         3304    i.UART_EndRxTransfer  stm32h7xx_hal_uart.o
    0x0800663c   0x0800663c   0x00000024   Code   RO         3305    i.UART_EndTransmit_IT  stm32h7xx_hal_uart.o
    0x08006660   0x08006660   0x0000002e   Code   RO         3306    i.UART_EndTxTransfer  stm32h7xx_hal_uart.o
    0x0800668e   0x0800668e   0x00000002   PAD
    0x08006690   0x08006690   0x00000490   Code   RO         3311    i.UART_SetConfig    stm32h7xx_hal_uart.o
    0x08006b20   0x08006b20   0x000000a4   Code   RO         3312    i.UART_Start_Receive_DMA  stm32h7xx_hal_uart.o
    0x08006bc4   0x08006bc4   0x00000098   Code   RO         3318    i.UART_WaitOnFlagUntilTimeout  stm32h7xx_hal_uart.o
    0x08006c5c   0x08006c5c   0x0000000c   Code   RO          276    i.USART1_IRQHandler  stm32h7xx_it.o
    0x08006c68   0x08006c68   0x00000002   Code   RO          277    i.UsageFault_Handler  stm32h7xx_it.o
    0x08006c6a   0x08006c6a   0x00000030   Code   RO         4036    i.__ARM_fpclassify  m_wv.l(fpclassify.o)
    0x08006c9a   0x08006c9a   0x00000020   Code   RO          430    i.__NVIC_SetPriority  stm32h7xx_hal_cortex.o
    0x08006cba   0x08006cba   0x00000006   PAD
    0x08006cc0   0x08006cc0   0x000000b0   Code   RO         3888    i.__hardfp_cos      m_wv.l(cos.o)
    0x08006d70   0x08006d70   0x000000a0   Code   RO         3912    i.__hardfp_roundf   m_wv.l(roundf.o)
    0x08006e10   0x08006e10   0x000000b0   Code   RO         3900    i.__hardfp_sin      m_wv.l(sin.o)
    0x08006ec0   0x08006ec0   0x00000310   Code   RO         3954    i.__ieee754_rem_pio2  m_wv.l(rred.o)
    0x080071d0   0x080071d0   0x000000e0   Code   RO         3937    i.__kernel_cos      m_wv.l(cos_i.o)
    0x080072b0   0x080072b0   0x00000070   Code   RO         4038    i.__kernel_poly     m_wv.l(poly.o)
    0x08007320   0x08007320   0x000000a8   Code   RO         3959    i.__kernel_sin      m_wv.l(sin_i.o)
    0x080073c8   0x080073c8   0x00000018   Code   RO         3943    i.__mathlib_dbl_invalid  m_wv.l(dunder.o)
    0x080073e0   0x080073e0   0x00000018   Code   RO         3946    i.__mathlib_dbl_underflow  m_wv.l(dunder.o)
    0x080073f8   0x080073f8   0x0000000e   Code   RO         3863    i._is_digit         c_w.l(__printf_wp.o)
    0x08007406   0x08007406   0x00000018   Code   RO           20    i.complex_abs_sq    main.o
    0x0800741e   0x0800741e   0x00000032   Code   RO           21    i.complex_add       main.o
    0x08007450   0x08007450   0x0000001e   Code   RO           22    i.complex_conj      main.o
    0x0800746e   0x0800746e   0x00000002   PAD
    0x08007470   0x08007470   0x00000064   Code   RO           23    i.complex_div       main.o
    0x080074d4   0x080074d4   0x0000023c   Code   RO           24    i.complex_matrix_invert_gauss_jordan  main.o
    0x08007710   0x08007710   0x0000003a   Code   RO           25    i.complex_mul       main.o
    0x0800774a   0x0800774a   0x00000032   Code   RO           26    i.complex_sub       main.o
    0x0800777c   0x0800777c   0x0000008c   Code   RO           27    i.decode_uart       main.o
    0x08007808   0x08007808   0x00000018   Code   RO         4032    i.fabs              m_wv.l(fabs.o)
    0x08007820   0x08007820   0x00000364   Code   RO           28    i.invfreqs_stm32    main.o
    0x08007b84   0x08007b84   0x0000049c   Code   RO           29    i.main              main.o
    0x08008020   0x08008020   0x00000188   Code   RO           30    i.send_data         main.o
    0x080081a8   0x080081a8   0x0000002c   Code   RO         4024    locale$$code        c_w.l(lc_numeric_c.o)
    0x080081d4   0x080081d4   0x0000008c   Code   RO         4026    x$fpl$fnaninf       fz_wv.l(fnaninf.o)
    0x08008260   0x08008260   0x0000000a   Code   RO         4114    x$fpl$fpinit        fz_wv.l(fpinit.o)
    0x0800826a   0x0800826a   0x00000002   PAD
    0x0800826c   0x0800826c   0x00000060   Code   RO         3934    x$fpl$frnd          fz_wv.l(frnd.o)
    0x080082cc   0x080082cc   0x00000004   Code   RO         3886    x$fpl$printf1       fz_wv.l(printf1.o)
    0x080082d0   0x080082d0   0x00000000   Code   RO         3936    x$fpl$usenofp       fz_wv.l(usenofp.o)
    0x080082d0   0x080082d0   0x00000020   Data   RO           35    .constdata          main.o
    0x080082f0   0x080082f0   0x00000008   Data   RO         1279    .constdata          stm32h7xx_hal_dma.o
    0x080082f8   0x080082f8   0x00000018   Data   RO         3319    .constdata          stm32h7xx_hal_uart.o
    0x08008310   0x08008310   0x00000010   Data   RO         3690    .constdata          stm32h7xx_hal_uart_ex.o
    0x08008320   0x08008320   0x00000010   Data   RO         3800    .constdata          system_stm32h7xx.o
    0x08008330   0x08008330   0x00000030   Data   RO         3938    .constdata          m_wv.l(cos_i.o)
    0x08008360   0x08008360   0x000000c8   Data   RO         3956    .constdata          m_wv.l(rred.o)
    0x08008428   0x08008428   0x00000028   Data   RO         3960    .constdata          m_wv.l(sin_i.o)
    0x08008450   0x08008450   0x00000094   Data   RO         3999    .constdata          c_w.l(bigflt0.o)
    0x080084e4   0x080084e4   0x00000020   Data   RO         4183    Region$$Table       anon$$obj.o
    0x08008504   0x08008504   0x0000001c   Data   RO         4023    locale$$data        c_w.l(lc_numeric_c.o)


    Execution Region RW_IRAM1 (Exec base: 0x20000000, Load base: 0x08008520, Size: 0x00000000, Max: 0x00020000, ABSOLUTE)

    **** No section assigned to this execution region ****


    Execution Region RW_IRAM2 (Exec base: 0x24000000, Load base: 0x08008520, Size: 0x00003a20, Max: 0x00080000, ABSOLUTE)

    Exec Addr    Load Addr    Size         Type   Attr      Idx    E Section Name        Object

    0x24000000   0x08008520   0x00000020   Data   RW           36    .data               main.o
    0x24000020   0x08008540   0x0000000c   Data   RW         2017    .data               stm32h7xx_hal.o
    0x2400002c   0x0800854c   0x00000008   Data   RW         3801    .data               system_stm32h7xx.o
    0x24000034   0x08008554   0x00000004   PAD
    0x24000038        -       0x00003294   Zero   RW           32    .bss                main.o
    0x240032cc        -       0x00000078   Zero   RW           33    .bss                main.o
    0x24003344        -       0x00000078   Zero   RW           34    .bss                main.o
    0x240033bc        -       0x00000060   Zero   RW         4041    .bss                c_w.l(libspace.o)
    0x2400341c   0x08008554   0x00000004   PAD
    0x24003420        -       0x00000200   Zero   RW            2    HEAP                startup_stm32h750xx.o
    0x24003620        -       0x00000400   Zero   RW            1    STACK               startup_stm32h750xx.o


==============================================================================

Image component sizes


      Code (inc. data)   RO Data    RW Data    ZI Data      Debug   Object Name

      4268        406         32         32      13188    1270886   main.o
        72         30        664          0       1536        844   startup_stm32h750xx.o
       244         46          0         12          0      23504   stm32h7xx_hal.o
       198         14          0          0          0      39635   stm32h7xx_hal_cortex.o
      6476        144          8          0          0      14458   stm32h7xx_hal_dma.o
       562         50          0          0          0       2452   stm32h7xx_hal_gpio.o
       440         44          0          0          0       2691   stm32h7xx_hal_msp.o
        88          6          0          0          0        833   stm32h7xx_hal_pwr_ex.o
      2880        126          0          0          0       8152   stm32h7xx_hal_rcc.o
      4080        132          0          0          0       8429   stm32h7xx_hal_rcc_ex.o
      2018         12          0          0          0       7008   stm32h7xx_hal_spi.o
      3524        140         24          0          0      36560   stm32h7xx_hal_uart.o
       374          6         16          0          0       6481   stm32h7xx_hal_uart_ex.o
        56         18          0          0          0       5574   stm32h7xx_it.o
       272         46         16          8          0       1945   system_stm32h7xx.o

    ----------------------------------------------------------------------
     25576       1220        792         52      14728    1429452   Object Totals
         0          0         32          0          0          0   (incl. Generated)
        24          0          0          0          4          0   (incl. Padding)

    ----------------------------------------------------------------------

      Code (inc. data)   RO Data    RW Data    ZI Data      Debug   Library Member Name

        56          6          0          0          0         88   __2snprintf.o
        44          6          0          0          0         84   __2sprintf.o
         8          0          0          0          0         68   __main.o
       284          0          0          0          0        156   __printf_wp.o
         0          0          0          0          0          0   __rtentry.o
        12          0          0          0          0          0   __rtentry2.o
         6          0          0          0          0          0   __rtentry4.o
        52          8          0          0          0          0   __scatter.o
        26          0          0          0          0          0   __scatter_copy.o
        28          0          0          0          0          0   __scatter_zi.o
        44          0          0          0          0        108   _printf_char.o
        48          6          0          0          0         96   _printf_char_common.o
         6          0          0          0          0          0   _printf_e.o
      1054          0          0          0          0        216   _printf_fp_dec.o
       128         16          0          0          0         84   _printf_fp_infnan.o
         0          0          0          0          0          0   _printf_percent.o
         4          0          0          0          0          0   _printf_percent_end.o
         6          0          0          0          0          0   _printf_s.o
        82          0          0          0          0         80   _printf_str.o
        22          0          0          0          0        100   _rserrno.o
        16          0          0          0          0         68   _snputc.o
        10          0          0          0          0         68   _sputc.o
       228          4        148          0          0         96   bigflt0.o
      1936        128          0          0          0        672   btod.o
        18          0          0          0          0         80   exit.o
         6          0          0          0          0        152   heapauxi.o
         0          0          0          0          0          0   indicate_semi.o
        44         10         28          0          0         76   lc_numeric_c.o
         2          0          0          0          0          0   libinit.o
        22          0          0          0          0          0   libinit2.o
         2          0          0          0          0          0   libshutdown.o
         2          0          0          0          0          0   libshutdown2.o
         8          4          0          0         96         68   libspace.o
       138          0          0          0          0         80   lludiv10.o
       238          0          0          0          0        100   lludivv7m.o
        88          0          0          0          0         76   memcmp.o
         8          4          0          0          0         68   rt_errno_addr_intlibspace.o
         8          4          0          0          0         68   rt_locale_intlibspace.o
        78          0          0          0          0         80   rt_memclr_w.o
       100          0          0          0          0         80   rt_memcpy_w.o
         2          0          0          0          0          0   rtexit.o
        10          0          0          0          0          0   rtexit2.o
       104          0          0          0          0         68   strcmpv7m_pel.o
        12          4          0          0          0         68   sys_exit.o
        74          0          0          0          0         80   sys_stackheap_outer.o
         2          0          0          0          0         68   use_no_semi.o
       140          4          0          0          0        132   fnaninf.o
        10          0          0          0          0        116   fpinit.o
        96          4          0          0          0        124   frnd.o
         4          0          0          0          0        116   printf1.o
         0          0          0          0          0          0   usenofp.o
       176         18          0          0          0        156   cos.o
       224         42         48          0          0        184   cos_i.o
        48         28          0          0          0        232   dunder.o
        24          0          0          0          0        124   fabs.o
        48          0          0          0          0        124   fpclassify.o
       112          0          0          0          0        116   poly.o
       160          6          0          0          0        140   roundf.o
       784        138        200          0          0        172   rred.o
       176         18          0          0          0        160   sin.o
       168         24         40          0          0        196   sin_i.o

    ----------------------------------------------------------------------
      7248        482        464          0        100       5288   Library Totals
        12          0          0          0          4          0   (incl. Padding)

    ----------------------------------------------------------------------

      Code (inc. data)   RO Data    RW Data    ZI Data      Debug   Library Name

      5066        200        176          0         96       3196   c_w.l
       250          8          0          0          0        488   fz_wv.l
      1920        274        288          0          0       1604   m_wv.l

    ----------------------------------------------------------------------
      7248        482        464          0        100       5288   Library Totals

    ----------------------------------------------------------------------

==============================================================================


      Code (inc. data)   RO Data    RW Data    ZI Data      Debug   

     32824       1702       1256         52      14828    1421972   Grand Totals
     32824       1702       1256         52      14828    1421972   ELF Image Totals
     32824       1702       1256         52          0          0   ROM Totals

==============================================================================

    Total RO  Size (Code + RO Data)                34080 (  33.28kB)
    Total RW  Size (RW Data + ZI Data)             14880 (  14.53kB)
    Total ROM Size (Code + RO Data + RW Data)      34132 (  33.33kB)

==============================================================================

