<html>
<body>
<pre>
<h1>�Vision Build Log</h1>
<h2>Tool Versions:</h2>
IDE-Version: ��Vision V5.42.0.0
Copyright (C) 2025 ARM Ltd and ARM Germany GmbH. All rights reserved.
License Information: lolifish lolifish0716@outlook.com, njupt, LIC=8VRJ7-EISHT-ARAXW-Q22XE-ENB0Z-16AWV
 
Tool Versions:
Toolchain:       MDK-ARM Plus  Version: 5.42.0.0
Toolchain Path:  D:\mcu\keil5_core\ARM\ARMCC\Bin
C Compiler:      Armcc.exe V5.06 update 5 (build 528)
Assembler:       Armasm.exe V5.06 update 5 (build 528)
Linker/Locator:  ArmLink.exe V5.06 update 5 (build 528)
Library Manager: ArmAr.exe V5.06 update 5 (build 528)
Hex Converter:   FromElf.exe V5.06 update 5 (build 528)
CPU DLL:         SARMCM3.DLL V5.42.0.0
Dialog DLL:      DCM.DLL V1.17.5.0
Target DLL:      CMSIS_AGDI.dll V1.33.22.0
Dialog DLL:      TCM.DLL V1.56.6.0
 
<h2>Project:</h2>
E:\programs\EleRace2025\DianSai111\MDK-ARM\DianSai111.uvprojx
Project File Date:  08/02/2025

<h2>Output:</h2>
*** Using Compiler 'V5.06 update 5 (build 528)', folder: 'D:\mcu\keil5_core\ARM\ARMCC\Bin'
Build target 'DianSai111'
compiling main.c...
../Core/Src/main.c(80): warning:  #260-D: explicit type is missing ("int" assumed)
  volatile simulation_en = 0;
../Core/Src/main.c(142): warning:  #167-D: argument of type "volatile uint8_t *" is incompatible with parameter of type "void *"
                  memset(UART_data_buf, 0, 100);
../Core/Src/main.c(143): warning:  #167-D: argument of type "volatile uint8_t *" is incompatible with parameter of type "uint8_t *"
                  HAL_UARTEx_ReceiveToIdle_DMA(&huart1,UART_data_buf, 100);
../Core/Src/main.c(170): warning:  #223-D: function "decode_uart" declared implicitly
          int decode_status = decode_uart(UART_data_buf, Size, &current_freq, &current_amp);
../Core/Src/main.c(189): warning:  #167-D: argument of type "volatile uint8_t *" is incompatible with parameter of type "void *"
          memset(UART_data_buf, 0, 100);
../Core/Src/main.c(462): warning:  #167-D: argument of type "volatile complex_double *" is incompatible with parameter of type "const complex_double *"
            invfreqs_stm32(h, w, invs_cnt, b_coeffs, a_coeffs);
../Core/Src/main.c(462): warning:  #167-D: argument of type "volatile double *" is incompatible with parameter of type "const double *"
            invfreqs_stm32(h, w, invs_cnt, b_coeffs, a_coeffs);
../Core/Src/main.c(483): warning:  #550-D: variable "passEnd"  was set but never used
            int passStart = -1, passEnd = -1;  // 通带起止索引
../Core/Src/main.c(484): warning:  #550-D: variable "hasPass"  was set but never used
            bool hasPass = 0, hasStop = 0;     // 是否存在通带/阻带
../Core/Src/main.c(484): warning:  #550-D: variable "hasStop"  was set but never used
            bool hasPass = 0, hasStop = 0;     // 是否存在通带/阻带
../Core/Src/main.c(485): warning:  #550-D: variable "stopFirst"  was set but never used
            bool stopFirst = 0, stopLast = 0;  // 首尾是否为阻�?
../Core/Src/main.c(485): warning:  #550-D: variable "stopLast"  was set but never used
            bool stopFirst = 0, stopLast = 0;  // 首尾是否为阻�?
../Core/Src/main.c(486): warning:  #550-D: variable "hasMiddleStop"  was set but never used
            bool hasMiddleStop = 0;            // 是否存在中间阻带
../Core/Src/main.c: 13 warnings, 0 errors
linking...
Program Size: Code=40592 RO-data=1392 RW-data=68 ZI-data=14828  
FromELF: creating hex file...
"DianSai111\DianSai111.axf" - 0 Error(s), 13 Warning(s).

<h2>Software Packages used:</h2>

Package Vendor: ARM
                https://www.keil.com/pack/ARM.CMSIS.6.1.0.pack
                ARM::CMSIS@6.1.0
                CMSIS (Common Microcontroller Software Interface Standard)
   * Component: CORE Version: 6.1.0

Package Vendor: Keil
                https://www.keil.com/pack/Keil.STM32H7xx_DFP.4.0.0.pack
                Keil::STM32H7xx_DFP@4.0.0
                STMicroelectronics STM32H7 Series Device Support

<h2>Collection of Component include folders:</h2>
  ./RTE/_DianSai111
  D:/mcu/keil5_core/ARM/PACK/ARM/CMSIS/6.1.0/CMSIS/Core/Include

<h2>Collection of Component Files used:</h2>

   * Component: ARM::CMSIS:CORE@6.1.0
      Include file:  CMSIS/Core/Include/tz_context.h
Build Time Elapsed:  00:00:03
</pre>
</body>
</html>
