Component: ARM Compiler 5.06 update 5 (build 528) Tool: armlink [4d35e2]

==============================================================================

Section Cross References

    startup_stm32h750xx.o(STACK) refers (Special) to heapauxi.o(.text) for __use_two_region_memory
    startup_stm32h750xx.o(HEAP) refers (Special) to heapauxi.o(.text) for __use_two_region_memory
    startup_stm32h750xx.o(RESET) refers (Special) to heapauxi.o(.text) for __use_two_region_memory
    startup_stm32h750xx.o(RESET) refers to startup_stm32h750xx.o(STACK) for __initial_sp
    startup_stm32h750xx.o(RESET) refers to startup_stm32h750xx.o(.text) for Reset_Handler
    startup_stm32h750xx.o(RESET) refers to stm32h7xx_it.o(i.NMI_Handler) for NMI_Handler
    startup_stm32h750xx.o(RESET) refers to stm32h7xx_it.o(i.HardFault_Handler) for HardFault_Handler
    startup_stm32h750xx.o(RESET) refers to stm32h7xx_it.o(i.MemManage_Handler) for MemManage_Handler
    startup_stm32h750xx.o(RESET) refers to stm32h7xx_it.o(i.BusFault_Handler) for BusFault_Handler
    startup_stm32h750xx.o(RESET) refers to stm32h7xx_it.o(i.UsageFault_Handler) for UsageFault_Handler
    startup_stm32h750xx.o(RESET) refers to stm32h7xx_it.o(i.SVC_Handler) for SVC_Handler
    startup_stm32h750xx.o(RESET) refers to stm32h7xx_it.o(i.DebugMon_Handler) for DebugMon_Handler
    startup_stm32h750xx.o(RESET) refers to stm32h7xx_it.o(i.PendSV_Handler) for PendSV_Handler
    startup_stm32h750xx.o(RESET) refers to stm32h7xx_it.o(i.SysTick_Handler) for SysTick_Handler
    startup_stm32h750xx.o(RESET) refers to stm32h7xx_it.o(i.DMA1_Stream0_IRQHandler) for DMA1_Stream0_IRQHandler
    startup_stm32h750xx.o(RESET) refers to stm32h7xx_it.o(i.DMA1_Stream1_IRQHandler) for DMA1_Stream1_IRQHandler
    startup_stm32h750xx.o(RESET) refers to stm32h7xx_it.o(i.USART1_IRQHandler) for USART1_IRQHandler
    startup_stm32h750xx.o(.text) refers (Special) to heapauxi.o(.text) for __use_two_region_memory
    startup_stm32h750xx.o(.text) refers to system_stm32h7xx.o(i.ExitRun0Mode) for ExitRun0Mode
    startup_stm32h750xx.o(.text) refers to system_stm32h7xx.o(i.SystemInit) for SystemInit
    startup_stm32h750xx.o(.text) refers to __main.o(!!!main) for __main
    startup_stm32h750xx.o(.text) refers to startup_stm32h750xx.o(HEAP) for Heap_Mem
    startup_stm32h750xx.o(.text) refers to startup_stm32h750xx.o(STACK) for Stack_Mem
    main.o(i.HAL_UARTEx_RxEventCallback) refers to rt_memclr_w.o(.text) for __aeabi_memclr4
    main.o(i.HAL_UARTEx_RxEventCallback) refers to stm32h7xx_hal_uart_ex.o(i.HAL_UARTEx_ReceiveToIdle_DMA) for HAL_UARTEx_ReceiveToIdle_DMA
    main.o(i.HAL_UARTEx_RxEventCallback) refers to main.o(i.decode_uart) for decode_uart
    main.o(i.HAL_UARTEx_RxEventCallback) refers to main.o(.bss) for huart1
    main.o(i.HAL_UARTEx_RxEventCallback) refers to main.o(.data) for start_study_flag
    main.o(i.MX_DMA_Init) refers to stm32h7xx_hal_cortex.o(i.HAL_NVIC_SetPriority) for HAL_NVIC_SetPriority
    main.o(i.MX_DMA_Init) refers to stm32h7xx_hal_cortex.o(i.HAL_NVIC_EnableIRQ) for HAL_NVIC_EnableIRQ
    main.o(i.MX_GPIO_Init) refers to rt_memclr_w.o(.text) for __aeabi_memclr4
    main.o(i.MX_GPIO_Init) refers to stm32h7xx_hal_gpio.o(i.HAL_GPIO_WritePin) for HAL_GPIO_WritePin
    main.o(i.MX_GPIO_Init) refers to stm32h7xx_hal_gpio.o(i.HAL_GPIO_Init) for HAL_GPIO_Init
    main.o(i.MX_SPI1_Init) refers to stm32h7xx_hal_spi.o(i.HAL_SPI_Init) for HAL_SPI_Init
    main.o(i.MX_SPI1_Init) refers to main.o(i.Error_Handler) for Error_Handler
    main.o(i.MX_SPI1_Init) refers to main.o(.bss) for hspi1
    main.o(i.MX_USART1_UART_Init) refers to stm32h7xx_hal_uart.o(i.HAL_UART_Init) for HAL_UART_Init
    main.o(i.MX_USART1_UART_Init) refers to main.o(i.Error_Handler) for Error_Handler
    main.o(i.MX_USART1_UART_Init) refers to stm32h7xx_hal_uart_ex.o(i.HAL_UARTEx_SetTxFifoThreshold) for HAL_UARTEx_SetTxFifoThreshold
    main.o(i.MX_USART1_UART_Init) refers to stm32h7xx_hal_uart_ex.o(i.HAL_UARTEx_SetRxFifoThreshold) for HAL_UARTEx_SetRxFifoThreshold
    main.o(i.MX_USART1_UART_Init) refers to stm32h7xx_hal_uart_ex.o(i.HAL_UARTEx_DisableFifoMode) for HAL_UARTEx_DisableFifoMode
    main.o(i.MX_USART1_UART_Init) refers to main.o(.bss) for huart1
    main.o(i.SystemClock_Config) refers to rt_memclr_w.o(.text) for __aeabi_memclr4
    main.o(i.SystemClock_Config) refers to stm32h7xx_hal_pwr_ex.o(i.HAL_PWREx_ConfigSupply) for HAL_PWREx_ConfigSupply
    main.o(i.SystemClock_Config) refers to stm32h7xx_hal_rcc.o(i.HAL_RCC_OscConfig) for HAL_RCC_OscConfig
    main.o(i.SystemClock_Config) refers to main.o(i.Error_Handler) for Error_Handler
    main.o(i.SystemClock_Config) refers to stm32h7xx_hal_rcc.o(i.HAL_RCC_ClockConfig) for HAL_RCC_ClockConfig
    main.o(i.complex_div) refers to main.o(.constdata) for ZERO_COMPLEX
    main.o(i.complex_matrix_invert_gauss_jordan) refers to main.o(i.complex_abs_sq) for complex_abs_sq
[...]
    i.HAL_UART_Transmit                      0x08006f3c   Section        0  stm32h7xx_hal_uart.o(i.HAL_UART_Transmit)
    i.HAL_UART_TxCpltCallback                0x08006ffe   Section        0  stm32h7xx_hal_uart.o(i.HAL_UART_TxCpltCallback)
    i.HardFault_Handler                      0x08007000   Section        0  stm32h7xx_it.o(i.HardFault_Handler)
    i.MX_DMA_Init                            0x08007004   Section        0  main.o(i.MX_DMA_Init)
    MX_DMA_Init                              0x08007005   Thumb Code    64  main.o(i.MX_DMA_Init)
    i.MX_GPIO_Init                           0x08007048   Section        0  main.o(i.MX_GPIO_Init)
    MX_GPIO_Init                             0x08007049   Thumb Code   128  main.o(i.MX_GPIO_Init)
    i.MX_SPI1_Init                           0x080070d0   Section        0  main.o(i.MX_SPI1_Init)
    MX_SPI1_Init                             0x080070d1   Thumb Code    90  main.o(i.MX_SPI1_Init)
    i.MX_USART1_UART_Init                    0x08007134   Section        0  main.o(i.MX_USART1_UART_Init)
    MX_USART1_UART_Init                      0x08007135   Thumb Code    98  main.o(i.MX_USART1_UART_Init)
    i.MemManage_Handler                      0x080071a0   Section        0  stm32h7xx_it.o(i.MemManage_Handler)
    i.NMI_Handler                            0x080071a4   Section        0  stm32h7xx_it.o(i.NMI_Handler)
    i.PendSV_Handler                         0x080071a8   Section        0  stm32h7xx_it.o(i.PendSV_Handler)
    i.RCCEx_PLL2_Config                      0x080071ac   Section        0  stm32h7xx_hal_rcc_ex.o(i.RCCEx_PLL2_Config)
    RCCEx_PLL2_Config                        0x080071ad   Thumb Code   350  stm32h7xx_hal_rcc_ex.o(i.RCCEx_PLL2_Config)
    i.RCCEx_PLL3_Config                      0x08007310   Section        0  stm32h7xx_hal_rcc_ex.o(i.RCCEx_PLL3_Config)
    RCCEx_PLL3_Config                        0x08007311   Thumb Code   350  stm32h7xx_hal_rcc_ex.o(i.RCCEx_PLL3_Config)
    i.SPI_CloseTransfer                      0x08007474   Section        0  stm32h7xx_hal_spi.o(i.SPI_CloseTransfer)
    SPI_CloseTransfer                        0x08007475   Thumb Code   214  stm32h7xx_hal_spi.o(i.SPI_CloseTransfer)
    i.SPI_GetPacketSize                      0x0800754a   Section        0  stm32h7xx_hal_spi.o(i.SPI_GetPacketSize)
    SPI_GetPacketSize                        0x0800754b   Thumb Code    26  stm32h7xx_hal_spi.o(i.SPI_GetPacketSize)
    i.SPI_WaitOnFlagUntilTimeout             0x08007564   Section        0  stm32h7xx_hal_spi.o(i.SPI_WaitOnFlagUntilTimeout)
    SPI_WaitOnFlagUntilTimeout               0x08007565   Thumb Code    66  stm32h7xx_hal_spi.o(i.SPI_WaitOnFlagUntilTimeout)
    i.SVC_Handler                            0x080075a6   Section        0  stm32h7xx_it.o(i.SVC_Handler)
    i.SysTick_Handler                        0x080075a8   Section        0  stm32h7xx_it.o(i.SysTick_Handler)
    i.SystemClock_Config                     0x080075b0   Section        0  main.o(i.SystemClock_Config)
    i.SystemInit                             0x08007680   Section        0  system_stm32h7xx.o(i.SystemInit)
    i.UARTEx_SetNbDataToProcess              0x080077a8   Section        0  stm32h7xx_hal_uart_ex.o(i.UARTEx_SetNbDataToProcess)
    UARTEx_SetNbDataToProcess                0x080077a9   Thumb Code    78  stm32h7xx_hal_uart_ex.o(i.UARTEx_SetNbDataToProcess)
    i.UART_AdvFeatureConfig                  0x08007800   Section        0  stm32h7xx_hal_uart.o(i.UART_AdvFeatureConfig)
    i.UART_CheckIdleState                    0x080078f8   Section        0  stm32h7xx_hal_uart.o(i.UART_CheckIdleState)
    i.UART_DMAAbortOnError                   0x080079e2   Section        0  stm32h7xx_hal_uart.o(i.UART_DMAAbortOnError)
    UART_DMAAbortOnError                     0x080079e3   Thumb Code    20  stm32h7xx_hal_uart.o(i.UART_DMAAbortOnError)
    i.UART_DMAError                          0x080079f6   Section        0  stm32h7xx_hal_uart.o(i.UART_DMAError)
    UART_DMAError                            0x080079f7   Thumb Code    94  stm32h7xx_hal_uart.o(i.UART_DMAError)
    i.UART_DMAReceiveCplt                    0x08007a54   Section        0  stm32h7xx_hal_uart.o(i.UART_DMAReceiveCplt)
    UART_DMAReceiveCplt                      0x08007a55   Thumb Code   174  stm32h7xx_hal_uart.o(i.UART_DMAReceiveCplt)
    i.UART_DMARxHalfCplt                     0x08007b02   Section        0  stm32h7xx_hal_uart.o(i.UART_DMARxHalfCplt)
    UART_DMARxHalfCplt                       0x08007b03   Thumb Code    38  stm32h7xx_hal_uart.o(i.UART_DMARxHalfCplt)
    i.UART_EndRxTransfer                     0x08007b28   Section        0  stm32h7xx_hal_uart.o(i.UART_EndRxTransfer)
    UART_EndRxTransfer                       0x08007b29   Thumb Code   104  stm32h7xx_hal_uart.o(i.UART_EndRxTransfer)
    i.UART_EndTransmit_IT                    0x08007b94   Section        0  stm32h7xx_hal_uart.o(i.UART_EndTransmit_IT)
    UART_EndTransmit_IT                      0x08007b95   Thumb Code    48  stm32h7xx_hal_uart.o(i.UART_EndTransmit_IT)
    i.UART_EndTxTransfer                     0x08007bc4   Section        0  stm32h7xx_hal_uart.o(i.UART_EndTxTransfer)
    UART_EndTxTransfer                       0x08007bc5   Thumb Code    64  stm32h7xx_hal_uart.o(i.UART_EndTxTransfer)
    i.UART_SetConfig                         0x08007c04   Section        0  stm32h7xx_hal_uart.o(i.UART_SetConfig)
    i.UART_Start_Receive_DMA                 0x08008190   Section        0  stm32h7xx_hal_uart.o(i.UART_Start_Receive_DMA)
    i.UART_WaitOnFlagUntilTimeout            0x08008258   Section        0  stm32h7xx_hal_uart.o(i.UART_WaitOnFlagUntilTimeout)
    i.USART1_IRQHandler                      0x08008304   Section        0  stm32h7xx_it.o(i.USART1_IRQHandler)
    i.UsageFault_Handler                     0x08008314   Section        0  stm32h7xx_it.o(i.UsageFault_Handler)
    i.__ARM_fpclassify                       0x08008318   Section        0  fpclassify.o(i.__ARM_fpclassify)
    i.__NVIC_GetPriorityGrouping             0x08008348   Section        0  stm32h7xx_hal_cortex.o(i.__NVIC_GetPriorityGrouping)
    __NVIC_GetPriorityGrouping               0x08008349   Thumb Code    10  stm32h7xx_hal_cortex.o(i.__NVIC_GetPriorityGrouping)
    i.__NVIC_SetPriority                     0x08008358   Section        0  stm32h7xx_hal_cortex.o(i.__NVIC_SetPriority)
    __NVIC_SetPriority                       0x08008359   Thumb Code    32  stm32h7xx_hal_cortex.o(i.__NVIC_SetPriority)
    i.__hardfp_cos                           0x08008380   Section        0  cos.o(i.__hardfp_cos)
    i.__hardfp_roundf                        0x08008430   Section        0  roundf.o(i.__hardfp_roundf)
    i.__hardfp_sin                           0x080084d0   Section        0  sin.o(i.__hardfp_sin)
    i.__ieee754_rem_pio2                     0x08008580   Section        0  rred.o(i.__ieee754_rem_pio2)
    i.__kernel_cos                           0x08008890   Section        0  cos_i.o(i.__kernel_cos)
    i.__kernel_poly                          0x08008970   Section        0  poly.o(i.__kernel_poly)
    i.__kernel_sin                           0x080089e0   Section        0  sin_i.o(i.__kernel_sin)
    i.__mathlib_dbl_invalid                  0x08008a88   Section        0  dunder.o(i.__mathlib_dbl_invalid)
    i.__mathlib_dbl_underflow                0x08008aa0   Section        0  dunder.o(i.__mathlib_dbl_underflow)
    i._is_digit                              0x08008ab8   Section        0  __printf_wp.o(i._is_digit)
    i.complex_abs_sq                         0x08008ac6   Section        0  main.o(i.complex_abs_sq)
    complex_abs_sq                           0x08008ac7   Thumb Code    28  main.o(i.complex_abs_sq)
    i.complex_add                            0x08008ae2   Section        0  main.o(i.complex_add)
    complex_add                              0x08008ae3   Thumb Code    50  main.o(i.complex_add)
    i.complex_conj                           0x08008b14   Section        0  main.o(i.complex_conj)
    complex_conj                             0x08008b15   Thumb Code    38  main.o(i.complex_conj)
    i.complex_div                            0x08008b3c   Section        0  main.o(i.complex_div)
    complex_div                              0x08008b3d   Thumb Code   128  main.o(i.complex_div)
    i.complex_matrix_invert_gauss_jordan     0x08008bc0   Section        0  main.o(i.complex_matrix_invert_gauss_jordan)
    complex_matrix_invert_gauss_jordan       0x08008bc1   Thumb Code   604  main.o(i.complex_matrix_invert_gauss_jordan)
    i.complex_mul                            0x08008e30   Section        0  main.o(i.complex_mul)
    complex_mul                              0x08008e31   Thumb Code    74  main.o(i.complex_mul)
    i.complex_sub                            0x08008e7a   Section        0  main.o(i.complex_sub)
    complex_sub                              0x08008e7b   Thumb Code    50  main.o(i.complex_sub)
    i.decode_uart                            0x08008eac   Section        0  main.o(i.decode_uart)
    i.fabs                                   0x08008f50   Section        0  fabs.o(i.fabs)
    i.invfreqs_stm32                         0x08008f68   Section        0  main.o(i.invfreqs_stm32)
    i.main                                   0x08009320   Section        0  main.o(i.main)
    i.send_data                              0x08009fa0   Section        0  main.o(i.send_data)
    i.unwrap_deg                             0x0800a184   Section        0  main.o(i.unwrap_deg)
    locale$$code                             0x0800a1e4   Section       44  lc_numeric_c.o(locale$$code)
    x$fpl$fnaninf                            0x0800a210   Section      140  fnaninf.o(x$fpl$fnaninf)
    $v0                                      0x0800a210   Number         0  fnaninf.o(x$fpl$fnaninf)
    x$fpl$fpinit                             0x0800a29c   Section       10  fpinit.o(x$fpl$fpinit)
    $v0                                      0x0800a29c   Number         0  fpinit.o(x$fpl$fpinit)
    x$fpl$frnd                               0x0800a2a8   Section       96  frnd.o(x$fpl$frnd)
    $v0                                      0x0800a2a8   Number         0  frnd.o(x$fpl$frnd)
    x$fpl$printf1                            0x0800a308   Section        4  printf1.o(x$fpl$printf1)
    $v0                                      0x0800a308   Number         0  printf1.o(x$fpl$printf1)
    x$fpl$usenofp                            0x0800a30c   Section        0  usenofp.o(x$fpl$usenofp)
    .constdata                               0x0800a310   Section      168  main.o(.constdata)
    ONE_COMPLEX                              0x0800a310   Data          16  main.o(.constdata)
    ZERO_COMPLEX                             0x0800a320   Data          16  main.o(.constdata)
    .constdata                               0x0800a3b8   Section        8  stm32h7xx_hal_dma.o(.constdata)
    flagBitshiftOffset                       0x0800a3b8   Data           8  stm32h7xx_hal_dma.o(.constdata)
    .constdata                               0x0800a3c0   Section       24  stm32h7xx_hal_uart.o(.constdata)
    .constdata                               0x0800a3d8   Section       16  stm32h7xx_hal_uart_ex.o(.constdata)
    numerator                                0x0800a3d8   Data           8  stm32h7xx_hal_uart_ex.o(.constdata)
    denominator                              0x0800a3e0   Data           8  stm32h7xx_hal_uart_ex.o(.constdata)
    .constdata                               0x0800a3e8   Section       16  system_stm32h7xx.o(.constdata)
    .constdata                               0x0800a3f8   Section       48  cos_i.o(.constdata)
    C                                        0x0800a3f8   Data          48  cos_i.o(.constdata)
    .constdata                               0x0800a428   Section      200  rred.o(.constdata)
    pio2s                                    0x0800a428   Data          48  rred.o(.constdata)
    twooverpi                                0x0800a458   Data         152  rred.o(.constdata)
    .constdata                               0x0800a4f0   Section       40  sin_i.o(.constdata)
    S                                        0x0800a4f0   Data          40  sin_i.o(.constdata)
    .constdata                               0x0800a518   Section      148  bigflt0.o(.constdata)
    tenpwrs_x                                0x0800a518   Data          60  bigflt0.o(.constdata)
    tenpwrs_i                                0x0800a554   Data          64  bigflt0.o(.constdata)
    locale$$data                             0x0800a5cc   Section       28  lc_numeric_c.o(locale$$data)
    __lcnum_c_name                           0x0800a5d0   Data           2  lc_numeric_c.o(locale$$data)
    __lcnum_c_start                          0x0800a5d8   Data           0  lc_numeric_c.o(locale$$data)
    __lcnum_c_point                          0x0800a5e4   Data           0  lc_numeric_c.o(locale$$data)
    __lcnum_c_thousands                      0x0800a5e6   Data           0  lc_numeric_c.o(locale$$data)
    __lcnum_c_grouping                       0x0800a5e7   Data           0  lc_numeric_c.o(locale$$data)
    __lcnum_c_end                            0x0800a5e8   Data           0  lc_numeric_c.o(locale$$data)
    .data                                    0x24000000   Section       45  main.o(.data)
    last_freq                                0x2400001c   Data           4  main.o(.data)
    last_amp                                 0x24000020   Data           4  main.o(.data)
    .data                                    0x24000030   Section        9  stm32h7xx_hal.o(.data)
    .data                                    0x2400003c   Section        8  system_stm32h7xx.o(.data)
    .bss                                     0x24000048   Section    29392  main.o(.bss)
    augmented_matrix                         0x24001648   Data         800  main.o(.bss)
    A                                        0x24001968   Data       10000  main.o(.bss)
    B_vec                                    0x24004078   Data        2000  main.o(.bss)
    A_H                                      0x24004848   Data       10000  main.o(.bss)
    M                                        0x24006f58   Data         400  main.o(.bss)
    V                                        0x240070e8   Data          80  main.o(.bss)
    M_inv                                    0x24007138   Data         400  main.o(.bss)
    x                                        0x240072c8   Data          80  main.o(.bss)
    .bss                                     0x24007318   Section       96  libspace.o(.bss)
    HEAP                                     0x24007378   Section      512  startup_stm32h750xx.o(HEAP)
    Heap_Mem                                 0x24007378   Data         512  startup_stm32h750xx.o(HEAP)
    STACK                                    0x24007578   Section     1024  startup_stm32h750xx.o(STACK)
    Stack_Mem                                0x24007578   Data        1024  startup_stm32h750xx.o(STACK)
    __initial_sp                             0x24007978   Data           0  startup_stm32h750xx.o(STACK)

    Global Symbols

    Symbol Name                              Value     Ov Type        Size  Object(Section)

    BuildAttributes$$THM_ISAv4$E$P$D$K$B$S$7EM$VFPv5_D16$PE$PLD8$A:L22UL41UL21$X:L11$S22US41US21$IEEE1$IW$USESV6$~STKCKD$USESV7$~SHL$OTIME$ROPI$IEEEX$EBA8$UX$STANDARDLIB$REQ8$PRES8$EABIv2 0x00000000   Number         0  anon$$obj.o ABSOLUTE
    __ARM_use_no_argv                        0x00000000   Number         0  main.o ABSOLUTE
    _printf_flags                            0x00000000   Number         0  printf_stubs.o ABSOLUTE
    _printf_return_value                     0x00000000   Number         0  printf_stubs.o ABSOLUTE
    _printf_sizespec                         0x00000000   Number         0  printf_stubs.o ABSOLUTE
    _printf_widthprec                        0x00000000   Number         0  printf_stubs.o ABSOLUTE
    __ARM_exceptions_init                     - Undefined Weak Reference
    __alloca_initialize                       - Undefined Weak Reference
    __arm_preinit_                            - Undefined Weak Reference
    __cpp_initialize__aeabi_                  - Undefined Weak Reference
    __cxa_finalize                            - Undefined Weak Reference
    __sigvec_lookup                           - Undefined Weak Reference
    _atexit_init                              - Undefined Weak Reference
    _call_atexit_fns                          - Undefined Weak Reference
    _clock_init                               - Undefined Weak Reference
    _fp_trap_init                             - Undefined Weak Reference
    _fp_trap_shutdown                         - Undefined Weak Reference
    _get_lc_collate                           - Undefined Weak Reference
    _get_lc_ctype                             - Undefined Weak Reference
    _get_lc_monetary                          - Undefined Weak Reference
    _get_lc_time                              - Undefined Weak Reference
    _getenv_init                              - Undefined Weak Reference
    _handle_redirection                       - Undefined Weak Reference
    _init_alloc                               - Undefined Weak Reference
    _init_user_alloc                          - Undefined Weak Reference
    _initio                                   - Undefined Weak Reference
    _printf_mbtowc                            - Undefined Weak Reference
    _printf_post_padding                      - Undefined Weak Reference
    _printf_pre_padding                       - Undefined Weak Reference
    _rand_init                                - Undefined Weak Reference
    _signal_finish                            - Undefined Weak Reference
    _signal_init                              - Undefined Weak Reference
    _terminate_alloc                          - Undefined Weak Reference
    _terminate_user_alloc                     - Undefined Weak Reference
    _terminateio                              - Undefined Weak Reference
    __Vectors_Size                           0x00000298   Number         0  startup_stm32h750xx.o ABSOLUTE
    __Vectors                                0x08000000   Data           4  startup_stm32h750xx.o(RESET)
    __Vectors_End                            0x08000298   Data           0  startup_stm32h750xx.o(RESET)
    __main                                   0x08000299   Thumb Code     8  __main.o(!!!main)
    __scatterload                            0x080002a1   Thumb Code     0  __scatter.o(!!!scatter)
    __scatterload_rt2                        0x080002a1   Thumb Code    44  __scatter.o(!!!scatter)
    __scatterload_rt2_thumb_only             0x080002a1   Thumb Code     0  __scatter.o(!!!scatter)
    __scatterload_null                       0x080002af   Thumb Code     0  __scatter.o(!!!scatter)
    __scatterload_copy                       0x080002d5   Thumb Code    26  __scatter_copy.o(!!handler_copy)
    __scatterload_zeroinit                   0x080002f1   Thumb Code    28  __scatter_zi.o(!!handler_zi)
    _printf_e                                0x0800030d   Thumb Code     0  _printf_e.o(.ARM.Collect$$_printf_percent$$00000004)
    _printf_percent                          0x0800030d   Thumb Code     0  _printf_percent.o(.ARM.Collect$$_printf_percent$$00000000)
    _printf_s                                0x08000313   Thumb Code     0  _printf_s.o(.ARM.Collect$$_printf_percent$$00000014)
    _printf_percent_end                      0x08000319   Thumb Code     0  _printf_percent_end.o(.ARM.Collect$$_printf_percent$$00000017)
    __rt_lib_init                            0x0800031d   Thumb Code     0  libinit.o(.ARM.Collect$$libinit$$00000000)
    __rt_lib_init_fp_1                       0x0800031f   Thumb Code     0  libinit2.o(.ARM.Collect$$libinit$$00000001)
    __rt_lib_init_heap_1                     0x08000323   Thumb Code     0  libinit2.o(.ARM.Collect$$libinit$$0000000A)
    __rt_lib_init_lc_common                  0x08000323   Thumb Code     0  libinit2.o(.ARM.Collect$$libinit$$0000000F)
    __rt_lib_init_preinit_1                  0x08000323   Thumb Code     0  libinit2.o(.ARM.Collect$$libinit$$00000004)
    __rt_lib_init_rand_1                     0x08000323   Thumb Code     0  libinit2.o(.ARM.Collect$$libinit$$0000000E)
    __rt_lib_init_user_alloc_1               0x08000323   Thumb Code     0  libinit2.o(.ARM.Collect$$libinit$$0000000C)
    __rt_lib_init_lc_collate_1               0x08000329   Thumb Code     0  libinit2.o(.ARM.Collect$$libinit$$00000011)
    __rt_lib_init_lc_ctype_1                 0x08000329   Thumb Code     0  libinit2.o(.ARM.Collect$$libinit$$00000013)
    __rt_lib_init_lc_monetary_1              0x08000329   Thumb Code     0  libinit2.o(.ARM.Collect$$libinit$$00000015)
    __rt_lib_init_lc_numeric_2               0x08000329   Thumb Code     0  libinit2.o(.ARM.Collect$$libinit$$00000016)
    __rt_lib_init_alloca_1                   0x08000333   Thumb Code     0  libinit2.o(.ARM.Collect$$libinit$$0000002E)
    __rt_lib_init_argv_1                     0x08000333   Thumb Code     0  libinit2.o(.ARM.Collect$$libinit$$0000002C)
    __rt_lib_init_atexit_1                   0x08000333   Thumb Code     0  libinit2.o(.ARM.Collect$$libinit$$0000001B)
    __rt_lib_init_clock_1                    0x08000333   Thumb Code     0  libinit2.o(.ARM.Collect$$libinit$$00000021)
    __rt_lib_init_cpp_1                      0x08000333   Thumb Code     0  libinit2.o(.ARM.Collect$$libinit$$00000032)
    __rt_lib_init_exceptions_1               0x08000333   Thumb Code     0  libinit2.o(.ARM.Collect$$libinit$$00000030)
    __rt_lib_init_fp_trap_1                  0x08000333   Thumb Code     0  libinit2.o(.ARM.Collect$$libinit$$0000001F)
    __rt_lib_init_getenv_1                   0x08000333   Thumb Code     0  libinit2.o(.ARM.Collect$$libinit$$00000023)
    __rt_lib_init_lc_numeric_1               0x08000333   Thumb Code     0  libinit2.o(.ARM.Collect$$libinit$$00000017)
    __rt_lib_init_lc_time_1                  0x08000333   Thumb Code     0  libinit2.o(.ARM.Collect$$libinit$$00000019)
    __rt_lib_init_return                     0x08000333   Thumb Code     0  libinit2.o(.ARM.Collect$$libinit$$00000033)
    __rt_lib_init_signal_1                   0x08000333   Thumb Code     0  libinit2.o(.ARM.Collect$$libinit$$0000001D)
    __rt_lib_init_stdio_1                    0x08000333   Thumb Code     0  libinit2.o(.ARM.Collect$$libinit$$00000025)
    __rt_lib_shutdown                        0x08000335   Thumb Code     0  libshutdown.o(.ARM.Collect$$libshutdown$$00000000)
    __rt_lib_shutdown_cpp_1                  0x08000337   Thumb Code     0  libshutdown2.o(.ARM.Collect$$libshutdown$$00000002)
    __rt_lib_shutdown_fp_trap_1              0x08000337   Thumb Code     0  libshutdown2.o(.ARM.Collect$$libshutdown$$00000007)
    __rt_lib_shutdown_heap_1                 0x08000337   Thumb Code     0  libshutdown2.o(.ARM.Collect$$libshutdown$$0000000F)
    __rt_lib_shutdown_return                 0x08000337   Thumb Code     0  libshutdown2.o(.ARM.Collect$$libshutdown$$00000010)
    __rt_lib_shutdown_signal_1               0x08000337   Thumb Code     0  libshutdown2.o(.ARM.Collect$$libshutdown$$0000000A)
    __rt_lib_shutdown_stdio_1                0x08000337   Thumb Code     0  libshutdown2.o(.ARM.Collect$$libshutdown$$00000004)
    __rt_lib_shutdown_user_alloc_1           0x08000337   Thumb Code     0  libshutdown2.o(.ARM.Collect$$libshutdown$$0000000C)
    __rt_entry                               0x08000339   Thumb Code     0  __rtentry.o(.ARM.Collect$$rtentry$$00000000)
    __rt_entry_presh_1                       0x08000339   Thumb Code     0  __rtentry2.o(.ARM.Collect$$rtentry$$00000002)
    __rt_entry_sh                            0x08000339   Thumb Code     0  __rtentry4.o(.ARM.Collect$$rtentry$$00000004)
    __rt_entry_li                            0x0800033f   Thumb Code     0  __rtentry2.o(.ARM.Collect$$rtentry$$0000000A)
    __rt_entry_postsh_1                      0x0800033f   Thumb Code     0  __rtentry2.o(.ARM.Collect$$rtentry$$00000009)
    __rt_entry_main                          0x08000343   Thumb Code     0  __rtentry2.o(.ARM.Collect$$rtentry$$0000000D)
    __rt_entry_postli_1                      0x08000343   Thumb Code     0  __rtentry2.o(.ARM.Collect$$rtentry$$0000000C)
    __rt_exit                                0x0800034b   Thumb Code     0  rtexit.o(.ARM.Collect$$rtexit$$00000000)
    __rt_exit_ls                             0x0800034d   Thumb Code     0  rtexit2.o(.ARM.Collect$$rtexit$$00000003)
    __rt_exit_prels_1                        0x0800034d   Thumb Code     0  rtexit2.o(.ARM.Collect$$rtexit$$00000002)
    __rt_exit_exit                           0x08000351   Thumb Code     0  rtexit2.o(.ARM.Collect$$rtexit$$00000004)
    Reset_Handler                            0x08000359   Thumb Code    12  startup_stm32h750xx.o(.text)
    ADC3_IRQHandler                          0x08000377   Thumb Code     0  startup_stm32h750xx.o(.text)
    ADC_IRQHandler                           0x08000377   Thumb Code     0  startup_stm32h750xx.o(.text)
    BDMA_Channel0_IRQHandler                 0x08000377   Thumb Code     0  startup_stm32h750xx.o(.text)
    BDMA_Channel1_IRQHandler                 0x08000377   Thumb Code     0  startup_stm32h750xx.o(.text)
    BDMA_Channel2_IRQHandler                 0x08000377   Thumb Code     0  startup_stm32h750xx.o(.text)
    BDMA_Channel3_IRQHandler                 0x08000377   Thumb Code     0  startup_stm32h750xx.o(.text)
    BDMA_Channel4_IRQHandler                 0x08000377   Thumb Code     0  startup_stm32h750xx.o(.text)
    BDMA_Channel5_IRQHandler                 0x08000377   Thumb Code     0  startup_stm32h750xx.o(.text)
    BDMA_Channel6_IRQHandler                 0x08000377   Thumb Code     0  startup_stm32h750xx.o(.text)
    BDMA_Channel7_IRQHandler                 0x08000377   Thumb Code     0  startup_stm32h750xx.o(.text)
    CEC_IRQHandler                           0x08000377   Thumb Code     0  startup_stm32h750xx.o(.text)
    COMP1_IRQHandler                         0x08000377   Thumb Code     0  startup_stm32h750xx.o(.text)
    CRS_IRQHandler                           0x08000377   Thumb Code     0  startup_stm32h750xx.o(.text)
    CRYP_IRQHandler                          0x08000377   Thumb Code     0  startup_stm32h750xx.o(.text)
    DCMI_IRQHandler                          0x08000377   Thumb Code     0  startup_stm32h750xx.o(.text)
    DFSDM1_FLT0_IRQHandler                   0x08000377   Thumb Code     0  startup_stm32h750xx.o(.text)
    DFSDM1_FLT1_IRQHandler                   0x08000377   Thumb Code     0  startup_stm32h750xx.o(.text)
    DFSDM1_FLT2_IRQHandler                   0x08000377   Thumb Code     0  startup_stm32h750xx.o(.text)
    DFSDM1_FLT3_IRQHandler                   0x08000377   Thumb Code     0  startup_stm32h750xx.o(.text)
    DMA1_Stream2_IRQHandler                  0x08000377   Thumb Code     0  startup_stm32h750xx.o(.text)
    DMA1_Stream3_IRQHandler                  0x08000377   Thumb Code     0  startup_stm32h750xx.o(.text)
    DMA1_Stream4_IRQHandler                  0x08000377   Thumb Code     0  startup_stm32h750xx.o(.text)
    DMA1_Stream5_IRQHandler                  0x08000377   Thumb Code     0  startup_stm32h750xx.o(.text)
    DMA1_Stream6_IRQHandler                  0x08000377   Thumb Code     0  startup_stm32h750xx.o(.text)
    DMA1_Stream7_IRQHandler                  0x08000377   Thumb Code     0  startup_stm32h750xx.o(.text)
    DMA2D_IRQHandler                         0x08000377   Thumb Code     0  startup_stm32h750xx.o(.text)
    DMA2_Stream0_IRQHandler                  0x08000377   Thumb Code     0  startup_stm32h750xx.o(.text)
    DMA2_Stream1_IRQHandler                  0x08000377   Thumb Code     0  startup_stm32h750xx.o(.text)
    DMA2_Stream2_IRQHandler                  0x08000377   Thumb Code     0  startup_stm32h750xx.o(.text)
    DMA2_Stream3_IRQHandler                  0x08000377   Thumb Code     0  startup_stm32h750xx.o(.text)
    DMA2_Stream4_IRQHandler                  0x08000377   Thumb Code     0  startup_stm32h750xx.o(.text)
    DMA2_Stream5_IRQHandler                  0x08000377   Thumb Code     0  startup_stm32h750xx.o(.text)
    DMA2_Stream6_IRQHandler                  0x08000377   Thumb Code     0  startup_stm32h750xx.o(.text)
    DMA2_Stream7_IRQHandler                  0x08000377   Thumb Code     0  startup_stm32h750xx.o(.text)
    DMAMUX1_OVR_IRQHandler                   0x08000377   Thumb Code     0  startup_stm32h750xx.o(.text)
    DMAMUX2_OVR_IRQHandler                   0x08000377   Thumb Code     0  startup_stm32h750xx.o(.text)
    ECC_IRQHandler                           0x08000377   Thumb Code     0  startup_stm32h750xx.o(.text)
    ETH_IRQHandler                           0x08000377   Thumb Code     0  startup_stm32h750xx.o(.text)
    ETH_WKUP_IRQHandler                      0x08000377   Thumb Code     0  startup_stm32h750xx.o(.text)
    EXTI0_IRQHandler                         0x08000377   Thumb Code     0  startup_stm32h750xx.o(.text)
    EXTI15_10_IRQHandler                     0x08000377   Thumb Code     0  startup_stm32h750xx.o(.text)
    EXTI1_IRQHandler                         0x08000377   Thumb Code     0  startup_stm32h750xx.o(.text)
    EXTI2_IRQHandler                         0x08000377   Thumb Code     0  startup_stm32h750xx.o(.text)
    EXTI3_IRQHandler                         0x08000377   Thumb Code     0  startup_stm32h750xx.o(.text)
    EXTI4_IRQHandler                         0x08000377   Thumb Code     0  startup_stm32h750xx.o(.text)
    EXTI9_5_IRQHandler                       0x08000377   Thumb Code     0  startup_stm32h750xx.o(.text)
    FDCAN1_IT0_IRQHandler                    0x08000377   Thumb Code     0  startup_stm32h750xx.o(.text)
    FDCAN1_IT1_IRQHandler                    0x08000377   Thumb Code     0  startup_stm32h750xx.o(.text)
    FDCAN2_IT0_IRQHandler                    0x08000377   Thumb Code     0  startup_stm32h750xx.o(.text)
    FDCAN2_IT1_IRQHandler                    0x08000377   Thumb Code     0  startup_stm32h750xx.o(.text)
    FDCAN_CAL_IRQHandler                     0x08000377   Thumb Code     0  startup_stm32h750xx.o(.text)
    FLASH_IRQHandler                         0x08000377   Thumb Code     0  startup_stm32h750xx.o(.text)
    FMC_IRQHandler                           0x08000377   Thumb Code     0  startup_stm32h750xx.o(.text)
    FPU_IRQHandler                           0x08000377   Thumb Code     0  startup_stm32h750xx.o(.text)
    HASH_RNG_IRQHandler                      0x08000377   Thumb Code     0  startup_stm32h750xx.o(.text)
    HRTIM1_FLT_IRQHandler                    0x08000377   Thumb Code     0  startup_stm32h750xx.o(.text)
    HRTIM1_Master_IRQHandler                 0x08000377   Thumb Code     0  startup_stm32h750xx.o(.text)
    HRTIM1_TIMA_IRQHandler                   0x08000377   Thumb Code     0  startup_stm32h750xx.o(.text)
    HRTIM1_TIMB_IRQHandler                   0x08000377   Thumb Code     0  startup_stm32h750xx.o(.text)
    HRTIM1_TIMC_IRQHandler                   0x08000377   Thumb Code     0  startup_stm32h750xx.o(.text)
    HRTIM1_TIMD_IRQHandler                   0x08000377   Thumb Code     0  startup_stm32h750xx.o(.text)
    HRTIM1_TIME_IRQHandler                   0x08000377   Thumb Code     0  startup_stm32h750xx.o(.text)
    HSEM1_IRQHandler                         0x08000377   Thumb Code     0  startup_stm32h750xx.o(.text)
    I2C1_ER_IRQHandler                       0x08000377   Thumb Code     0  startup_stm32h750xx.o(.text)
    I2C1_EV_IRQHandler                       0x08000377   Thumb Code     0  startup_stm32h750xx.o(.text)
    I2C2_ER_IRQHandler                       0x08000377   Thumb Code     0  startup_stm32h750xx.o(.text)
    I2C2_EV_IRQHandler                       0x08000377   Thumb Code     0  startup_stm32h750xx.o(.text)
    I2C3_ER_IRQHandler                       0x08000377   Thumb Code     0  startup_stm32h750xx.o(.text)
    I2C3_EV_IRQHandler                       0x08000377   Thumb Code     0  startup_stm32h750xx.o(.text)
    I2C4_ER_IRQHandler                       0x08000377   Thumb Code     0  startup_stm32h750xx.o(.text)
    I2C4_EV_IRQHandler                       0x08000377   Thumb Code     0  startup_stm32h750xx.o(.text)
    JPEG_IRQHandler                          0x08000377   Thumb Code     0  startup_stm32h750xx.o(.text)
    LPTIM1_IRQHandler                        0x08000377   Thumb Code     0  startup_stm32h750xx.o(.text)
    LPTIM2_IRQHandler                        0x08000377   Thumb Code     0  startup_stm32h750xx.o(.text)
    LPTIM3_IRQHandler                        0x08000377   Thumb Code     0  startup_stm32h750xx.o(.text)
    LPTIM4_IRQHandler                        0x08000377   Thumb Code     0  startup_stm32h750xx.o(.text)
    LPTIM5_IRQHandler                        0x08000377   Thumb Code     0  startup_stm32h750xx.o(.text)
    LPUART1_IRQHandler                       0x08000377   Thumb Code     0  startup_stm32h750xx.o(.text)
    LTDC_ER_IRQHandler                       0x08000377   Thumb Code     0  startup_stm32h750xx.o(.text)
    LTDC_IRQHandler                          0x08000377   Thumb Code     0  startup_stm32h750xx.o(.text)
    MDIOS_IRQHandler                         0x08000377   Thumb Code     0  startup_stm32h750xx.o(.text)
    MDIOS_WKUP_IRQHandler                    0x08000377   Thumb Code     0  startup_stm32h750xx.o(.text)
    MDMA_IRQHandler                          0x08000377   Thumb Code     0  startup_stm32h750xx.o(.text)
    OTG_FS_EP1_IN_IRQHandler                 0x08000377   Thumb Code     0  startup_stm32h750xx.o(.text)
    OTG_FS_EP1_OUT_IRQHandler                0x08000377   Thumb Code     0  startup_stm32h750xx.o(.text)
    OTG_FS_IRQHandler                        0x08000377   Thumb Code     0  startup_stm32h750xx.o(.text)
    OTG_FS_WKUP_IRQHandler                   0x08000377   Thumb Code     0  startup_stm32h750xx.o(.text)
    OTG_HS_EP1_IN_IRQHandler                 0x08000377   Thumb Code     0  startup_stm32h750xx.o(.text)
    OTG_HS_EP1_OUT_IRQHandler                0x08000377   Thumb Code     0  startup_stm32h750xx.o(.text)
    OTG_HS_IRQHandler                        0x08000377   Thumb Code     0  startup_stm32h750xx.o(.text)
    OTG_HS_WKUP_IRQHandler                   0x08000377   Thumb Code     0  startup_stm32h750xx.o(.text)
    PVD_AVD_IRQHandler                       0x08000377   Thumb Code     0  startup_stm32h750xx.o(.text)
    QUADSPI_IRQHandler                       0x08000377   Thumb Code     0  startup_stm32h750xx.o(.text)
    RCC_IRQHandler                           0x08000377   Thumb Code     0  startup_stm32h750xx.o(.text)
    RTC_Alarm_IRQHandler                     0x08000377   Thumb Code     0  startup_stm32h750xx.o(.text)
    RTC_WKUP_IRQHandler                      0x08000377   Thumb Code     0  startup_stm32h750xx.o(.text)
    SAI1_IRQHandler                          0x08000377   Thumb Code     0  startup_stm32h750xx.o(.text)
    SAI2_IRQHandler                          0x08000377   Thumb Code     0  startup_stm32h750xx.o(.text)
    SAI3_IRQHandler                          0x08000377   Thumb Code     0  startup_stm32h750xx.o(.text)
    SAI4_IRQHandler                          0x08000377   Thumb Code     0  startup_stm32h750xx.o(.text)
    SDMMC1_IRQHandler                        0x08000377   Thumb Code     0  startup_stm32h750xx.o(.text)
    SDMMC2_IRQHandler                        0x08000377   Thumb Code     0  startup_stm32h750xx.o(.text)
    SPDIF_RX_IRQHandler                      0x08000377   Thumb Code     0  startup_stm32h750xx.o(.text)
    SPI1_IRQHandler                          0x08000377   Thumb Code     0  startup_stm32h750xx.o(.text)
    SPI2_IRQHandler                          0x08000377   Thumb Code     0  startup_stm32h750xx.o(.text)
    SPI3_IRQHandler                          0x08000377   Thumb Code     0  startup_stm32h750xx.o(.text)
    SPI4_IRQHandler                          0x08000377   Thumb Code     0  startup_stm32h750xx.o(.text)
    SPI5_IRQHandler                          0x08000377   Thumb Code     0  startup_stm32h750xx.o(.text)
    SPI6_IRQHandler                          0x08000377   Thumb Code     0  startup_stm32h750xx.o(.text)
    SWPMI1_IRQHandler                        0x08000377   Thumb Code     0  startup_stm32h750xx.o(.text)
    TAMP_STAMP_IRQHandler                    0x08000377   Thumb Code     0  startup_stm32h750xx.o(.text)
    TIM15_IRQHandler                         0x08000377   Thumb Code     0  startup_stm32h750xx.o(.text)
    TIM16_IRQHandler                         0x08000377   Thumb Code     0  startup_stm32h750xx.o(.text)
    TIM17_IRQHandler                         0x08000377   Thumb Code     0  startup_stm32h750xx.o(.text)
    TIM1_BRK_IRQHandler                      0x08000377   Thumb Code     0  startup_stm32h750xx.o(.text)
    TIM1_CC_IRQHandler                       0x08000377   Thumb Code     0  startup_stm32h750xx.o(.text)
    TIM1_TRG_COM_IRQHandler                  0x08000377   Thumb Code     0  startup_stm32h750xx.o(.text)
    TIM1_UP_IRQHandler                       0x08000377   Thumb Code     0  startup_stm32h750xx.o(.text)
    TIM2_IRQHandler                          0x08000377   Thumb Code     0  startup_stm32h750xx.o(.text)
    TIM3_IRQHandler                          0x08000377   Thumb Code     0  startup_stm32h750xx.o(.text)
    TIM4_IRQHandler                          0x08000377   Thumb Code     0  startup_stm32h750xx.o(.text)
    TIM5_IRQHandler                          0x08000377   Thumb Code     0  startup_stm32h750xx.o(.text)
    TIM6_DAC_IRQHandler                      0x08000377   Thumb Code     0  startup_stm32h750xx.o(.text)
    TIM7_IRQHandler                          0x08000377   Thumb Code     0  startup_stm32h750xx.o(.text)
    TIM8_BRK_TIM12_IRQHandler                0x08000377   Thumb Code     0  startup_stm32h750xx.o(.text)
    TIM8_CC_IRQHandler                       0x08000377   Thumb Code     0  startup_stm32h750xx.o(.text)
    TIM8_TRG_COM_TIM14_IRQHandler            0x08000377   Thumb Code     0  startup_stm32h750xx.o(.text)
    TIM8_UP_TIM13_IRQHandler                 0x08000377   Thumb Code     0  startup_stm32h750xx.o(.text)
    UART4_IRQHandler                         0x08000377   Thumb Code     0  startup_stm32h750xx.o(.text)
    UART5_IRQHandler                         0x08000377   Thumb Code     0  startup_stm32h750xx.o(.text)
    UART7_IRQHandler                         0x08000377   Thumb Code     0  startup_stm32h750xx.o(.text)
    UART8_IRQHandler                         0x08000377   Thumb Code     0  startup_stm32h750xx.o(.text)
    USART2_IRQHandler                        0x08000377   Thumb Code     0  startup_stm32h750xx.o(.text)
    USART3_IRQHandler                        0x08000377   Thumb Code     0  startup_stm32h750xx.o(.text)
    USART6_IRQHandler                        0x08000377   Thumb Code     0  startup_stm32h750xx.o(.text)
    WAKEUP_PIN_IRQHandler                    0x08000377   Thumb Code     0  startup_stm32h750xx.o(.text)
    WWDG_IRQHandler                          0x08000377   Thumb Code     0  startup_stm32h750xx.o(.text)
    __user_initial_stackheap                 0x08000379   Thumb Code     0  startup_stm32h750xx.o(.text)
    __aeabi_uldivmod                         0x080003a1   Thumb Code     0  lludivv7m.o(.text)
    _ll_udiv                                 0x080003a1   Thumb Code   238  lludivv7m.o(.text)
    __2sprintf                               0x08000491   Thumb Code    38  __2sprintf.o(.text)
    __2snprintf                              0x080004bd   Thumb Code    50  __2snprintf.o(.text)
    _printf_str                              0x080004f5   Thumb Code    82  _printf_str.o(.text)
    __printf                                 0x08000547   Thumb Code   270  __printf_wp.o(.text)
    memcmp                                   0x08000655   Thumb Code    88  memcmp.o(.text)
    __aeabi_memcpy4                          0x080006ad   Thumb Code     0  rt_memcpy_w.o(.text)
    __aeabi_memcpy8                          0x080006ad   Thumb Code     0  rt_memcpy_w.o(.text)
    __rt_memcpy_w                            0x080006ad   Thumb Code   100  rt_memcpy_w.o(.text)
    _memcpy_lastbytes_aligned                0x080006f5   Thumb Code     0  rt_memcpy_w.o(.text)
    __aeabi_memclr4                          0x08000711   Thumb Code     0  rt_memclr_w.o(.text)
    __aeabi_memclr8                          0x08000711   Thumb Code     0  rt_memclr_w.o(.text)
    __rt_memclr_w                            0x08000711   Thumb Code    78  rt_memclr_w.o(.text)
    _memset_w                                0x08000715   Thumb Code     0  rt_memclr_w.o(.text)
    __use_two_region_memory                  0x0800075f   Thumb Code     2  heapauxi.o(.text)
    __rt_heap_escrow$2region                 0x08000761   Thumb Code     2  heapauxi.o(.text)
    __rt_heap_expand$2region                 0x08000763   Thumb Code     2  heapauxi.o(.text)
    __read_errno                             0x08000765   Thumb Code    10  _rserrno.o(.text)
    __set_errno                              0x0800076f   Thumb Code    12  _rserrno.o(.text)
    __lib_sel_fp_printf                      0x0800077b   Thumb Code     2  _printf_fp_dec.o(.text)
    _printf_fp_dec_real                      0x0800092d   Thumb Code   620  _printf_fp_dec.o(.text)
    _printf_char_common                      0x08000ba3   Thumb Code    32  _printf_char_common.o(.text)
    _sputc                                   0x08000bc9   Thumb Code    10  _sputc.o(.text)
    _snputc                                  0x08000bd3   Thumb Code    16  _snputc.o(.text)
    _printf_cs_common                        0x08000be3   Thumb Code    20  _printf_char.o(.text)
    _printf_char                             0x08000bf7   Thumb Code    16  _printf_char.o(.text)
    _printf_string                           0x08000c07   Thumb Code     8  _printf_char.o(.text)
    __rt_locale                              0x08000c11   Thumb Code     8  rt_locale_intlibspace.o(.text)
    __aeabi_errno_addr                       0x08000c19   Thumb Code     8  rt_errno_addr_intlibspace.o(.text)
    __errno$intlibspace                      0x08000c19   Thumb Code     0  rt_errno_addr_intlibspace.o(.text)
    __rt_errno_addr$intlibspace              0x08000c19   Thumb Code     0  rt_errno_addr_intlibspace.o(.text)
    _ll_udiv10                               0x08000c21   Thumb Code   138  lludiv10.o(.text)
    _printf_fp_infnan                        0x08000cad   Thumb Code   112  _printf_fp_infnan.o(.text)
    _btod_etento                             0x08000d2d   Thumb Code   224  bigflt0.o(.text)
    __user_libspace                          0x08000e11   Thumb Code     8  libspace.o(.text)
    __user_perproc_libspace                  0x08000e11   Thumb Code     0  libspace.o(.text)
    __user_perthread_libspace                0x08000e11   Thumb Code     0  libspace.o(.text)
    __user_setup_stackheap                   0x08000e19   Thumb Code    74  sys_stackheap_outer.o(.text)
    exit                                     0x08000e63   Thumb Code    18  exit.o(.text)
    strcmp                                   0x08000e75   Thumb Code   104  strcmpv7m_pel.o(.text)
    _sys_exit                                0x08000edd   Thumb Code     8  sys_exit.o(.text)
    __I$use$semihosting                      0x08000ee9   Thumb Code     0  use_no_semi.o(.text)
    __use_no_semihosting_swi                 0x08000ee9   Thumb Code     2  use_no_semi.o(.text)
    __semihosting_library_function           0x08000eeb   Thumb Code     0  indicate_semi.o(.text)
    _btod_d2e                                0x08000eeb   Thumb Code    62  btod.o(CL$$btod_d2e)
    _d2e_denorm_low                          0x08000f29   Thumb Code    70  btod.o(CL$$btod_d2e_denorm_low)
    _d2e_norm_op1                            0x08000f6f   Thumb Code    96  btod.o(CL$$btod_d2e_norm_op1)
    __btod_div_common                        0x08000fcf   Thumb Code   696  btod.o(CL$$btod_div_common)
    _e2e                                     0x08001307   Thumb Code   220  btod.o(CL$$btod_e2e)
    _btod_ediv                               0x080013e3   Thumb Code    42  btod.o(CL$$btod_ediv)
    _btod_emul                               0x0800140d   Thumb Code    42  btod.o(CL$$btod_emul)
    __btod_mult_common                       0x08001437   Thumb Code   580  btod.o(CL$$btod_mult_common)
    BusFault_Handler                         0x0800167b   Thumb Code     4  stm32h7xx_it.o(i.BusFault_Handler)
    DMA1_Stream0_IRQHandler                  0x08001681   Thumb Code    10  stm32h7xx_it.o(i.DMA1_Stream0_IRQHandler)
    DMA1_Stream1_IRQHandler                  0x08001691   Thumb Code    10  stm32h7xx_it.o(i.DMA1_Stream1_IRQHandler)
    DebugMon_Handler                         0x08001c0d   Thumb Code     2  stm32h7xx_it.o(i.DebugMon_Handler)
    Error_Handler                            0x08001c0f   Thumb Code     6  main.o(i.Error_Handler)
    ExitRun0Mode                             0x08001c15   Thumb Code    30  system_stm32h7xx.o(i.ExitRun0Mode)
    HAL_DMA_Abort                            0x08001c39   Thumb Code  1236  stm32h7xx_hal_dma.o(i.HAL_DMA_Abort)
    HAL_DMA_Abort_IT                         0x08002115   Thumb Code   906  stm32h7xx_hal_dma.o(i.HAL_DMA_Abort_IT)
    HAL_DMA_IRQHandler                       0x080024ad   Thumb Code  2798  stm32h7xx_hal_dma.o(i.HAL_DMA_IRQHandler)
    HAL_DMA_Init                             0x08002fa5   Thumb Code  1304  stm32h7xx_hal_dma.o(i.HAL_DMA_Init)
    HAL_DMA_Start_IT                         0x080034c5   Thumb Code   980  stm32h7xx_hal_dma.o(i.HAL_DMA_Start_IT)
    HAL_Delay                                0x080038a5   Thumb Code    36  stm32h7xx_hal.o(i.HAL_Delay)
    HAL_GPIO_Init                            0x080038cd   Thumb Code   456  stm32h7xx_hal_gpio.o(i.HAL_GPIO_Init)
    HAL_GPIO_WritePin                        0x08003ac9   Thumb Code    12  stm32h7xx_hal_gpio.o(i.HAL_GPIO_WritePin)
    HAL_GetREVID                             0x08003ad5   Thumb Code     8  stm32h7xx_hal.o(i.HAL_GetREVID)
    HAL_GetTick                              0x08003ae1   Thumb Code     6  stm32h7xx_hal.o(i.HAL_GetTick)
    HAL_IncTick                              0x08003aed   Thumb Code    16  stm32h7xx_hal.o(i.HAL_IncTick)
    HAL_Init                                 0x08003b05   Thumb Code    80  stm32h7xx_hal.o(i.HAL_Init)
    HAL_InitTick                             0x08003b65   Thumb Code    74  stm32h7xx_hal.o(i.HAL_InitTick)
    HAL_MspInit                              0x08003bbd   Thumb Code    32  stm32h7xx_hal_msp.o(i.HAL_MspInit)
    HAL_NVIC_EnableIRQ                       0x08003be1   Thumb Code    40  stm32h7xx_hal_cortex.o(i.HAL_NVIC_EnableIRQ)
    HAL_NVIC_SetPriority                     0x08003c09   Thumb Code   122  stm32h7xx_hal_cortex.o(i.HAL_NVIC_SetPriority)
    HAL_NVIC_SetPriorityGrouping             0x08003c85   Thumb Code    32  stm32h7xx_hal_cortex.o(i.HAL_NVIC_SetPriorityGrouping)
    HAL_PWREx_ConfigSupply                   0x08003cad   Thumb Code    90  stm32h7xx_hal_pwr_ex.o(i.HAL_PWREx_ConfigSupply)
    HAL_RCCEx_GetD3PCLK1Freq                 0x08003d0d   Thumb Code    26  stm32h7xx_hal_rcc_ex.o(i.HAL_RCCEx_GetD3PCLK1Freq)
    HAL_RCCEx_GetPLL2ClockFreq               0x08003d31   Thumb Code   536  stm32h7xx_hal_rcc_ex.o(i.HAL_RCCEx_GetPLL2ClockFreq)
    HAL_RCCEx_GetPLL3ClockFreq               0x08003f61   Thumb Code   536  stm32h7xx_hal_rcc_ex.o(i.HAL_RCCEx_GetPLL3ClockFreq)
    HAL_RCCEx_PeriphCLKConfig                0x08004191   Thumb Code  3432  stm32h7xx_hal_rcc_ex.o(i.HAL_RCCEx_PeriphCLKConfig)
    HAL_RCC_ClockConfig                      0x08004ef9   Thumb Code   774  stm32h7xx_hal_rcc.o(i.HAL_RCC_ClockConfig)
    HAL_RCC_GetHCLKFreq                      0x08005219   Thumb Code    60  stm32h7xx_hal_rcc.o(i.HAL_RCC_GetHCLKFreq)
    HAL_RCC_GetPCLK1Freq                     0x08005265   Thumb Code    26  stm32h7xx_hal_rcc.o(i.HAL_RCC_GetPCLK1Freq)
    HAL_RCC_GetPCLK2Freq                     0x08005289   Thumb Code    26  stm32h7xx_hal_rcc.o(i.HAL_RCC_GetPCLK2Freq)
    HAL_RCC_GetSysClockFreq                  0x080052ad   Thumb Code   524  stm32h7xx_hal_rcc.o(i.HAL_RCC_GetSysClockFreq)
    HAL_RCC_OscConfig                        0x080054d9   Thumb Code  2130  stm32h7xx_hal_rcc.o(i.HAL_RCC_OscConfig)
    HAL_SPI_Init                             0x08005d31   Thumb Code   420  stm32h7xx_hal_spi.o(i.HAL_SPI_Init)
    HAL_SPI_MspInit                          0x08005ee1   Thumb Code   168  stm32h7xx_hal_msp.o(i.HAL_SPI_MspInit)
    HAL_SPI_Receive                          0x08005f95   Thumb Code   836  stm32h7xx_hal_spi.o(i.HAL_SPI_Receive)
    HAL_SPI_Transmit                         0x080062d9   Thumb Code   692  stm32h7xx_hal_spi.o(i.HAL_SPI_Transmit)
    HAL_SYSTICK_Config                       0x0800658d   Thumb Code    52  stm32h7xx_hal_cortex.o(i.HAL_SYSTICK_Config)
    HAL_UARTEx_DisableFifoMode               0x080065c1   Thumb Code    78  stm32h7xx_hal_uart_ex.o(i.HAL_UARTEx_DisableFifoMode)
    HAL_UARTEx_ReceiveToIdle_DMA             0x0800660f   Thumb Code    98  stm32h7xx_hal_uart_ex.o(i.HAL_UARTEx_ReceiveToIdle_DMA)
    HAL_UARTEx_RxEventCallback               0x08006671   Thumb Code   346  main.o(i.HAL_UARTEx_RxEventCallback)
    HAL_UARTEx_RxFifoFullCallback            0x08006815   Thumb Code     2  stm32h7xx_hal_uart_ex.o(i.HAL_UARTEx_RxFifoFullCallback)
    HAL_UARTEx_SetRxFifoThreshold            0x08006817   Thumb Code    94  stm32h7xx_hal_uart_ex.o(i.HAL_UARTEx_SetRxFifoThreshold)
    HAL_UARTEx_SetTxFifoThreshold            0x08006875   Thumb Code    94  stm32h7xx_hal_uart_ex.o(i.HAL_UARTEx_SetTxFifoThreshold)
    HAL_UARTEx_TxFifoEmptyCallback           0x080068d3   Thumb Code     2  stm32h7xx_hal_uart_ex.o(i.HAL_UARTEx_TxFifoEmptyCallback)
    HAL_UARTEx_WakeupCallback                0x080068d5   Thumb Code     2  stm32h7xx_hal_uart_ex.o(i.HAL_UARTEx_WakeupCallback)
    HAL_UART_ErrorCallback                   0x080068d7   Thumb Code     2  stm32h7xx_hal_uart.o(i.HAL_UART_ErrorCallback)
    HAL_UART_IRQHandler                      0x080068d9   Thumb Code  1206  stm32h7xx_hal_uart.o(i.HAL_UART_IRQHandler)
    HAL_UART_Init                            0x08006d8f   Thumb Code   120  stm32h7xx_hal_uart.o(i.HAL_UART_Init)
    HAL_UART_MspInit                         0x08006e09   Thumb Code   278  stm32h7xx_hal_msp.o(i.HAL_UART_MspInit)
    HAL_UART_RxCpltCallback                  0x08006f39   Thumb Code     2  stm32h7xx_hal_uart.o(i.HAL_UART_RxCpltCallback)
    HAL_UART_RxHalfCpltCallback              0x08006f3b   Thumb Code     2  stm32h7xx_hal_uart.o(i.HAL_UART_RxHalfCpltCallback)
    HAL_UART_Transmit                        0x08006f3d   Thumb Code   194  stm32h7xx_hal_uart.o(i.HAL_UART_Transmit)
    HAL_UART_TxCpltCallback                  0x08006fff   Thumb Code     2  stm32h7xx_hal_uart.o(i.HAL_UART_TxCpltCallback)
    HardFault_Handler                        0x08007001   Thumb Code     4  stm32h7xx_it.o(i.HardFault_Handler)
    MemManage_Handler                        0x080071a1   Thumb Code     4  stm32h7xx_it.o(i.MemManage_Handler)
    NMI_Handler                              0x080071a5   Thumb Code     4  stm32h7xx_it.o(i.NMI_Handler)
    PendSV_Handler                           0x080071a9   Thumb Code     2  stm32h7xx_it.o(i.PendSV_Handler)
    SVC_Handler                              0x080075a7   Thumb Code     2  stm32h7xx_it.o(i.SVC_Handler)
    SysTick_Handler                          0x080075a9   Thumb Code     8  stm32h7xx_it.o(i.SysTick_Handler)
    SystemClock_Config                       0x080075b1   Thumb Code   198  main.o(i.SystemClock_Config)
    SystemInit                               0x08007681   Thumb Code   256  system_stm32h7xx.o(i.SystemInit)
    UART_AdvFeatureConfig                    0x08007801   Thumb Code   248  stm32h7xx_hal_uart.o(i.UART_AdvFeatureConfig)
    UART_CheckIdleState                      0x080078f9   Thumb Code   234  stm32h7xx_hal_uart.o(i.UART_CheckIdleState)
    UART_SetConfig                           0x08007c05   Thumb Code  1402  stm32h7xx_hal_uart.o(i.UART_SetConfig)
    UART_Start_Receive_DMA                   0x08008191   Thumb Code   186  stm32h7xx_hal_uart.o(i.UART_Start_Receive_DMA)
    UART_WaitOnFlagUntilTimeout              0x08008259   Thumb Code   172  stm32h7xx_hal_uart.o(i.UART_WaitOnFlagUntilTimeout)
    USART1_IRQHandler                        0x08008305   Thumb Code    10  stm32h7xx_it.o(i.USART1_IRQHandler)
    UsageFault_Handler                       0x08008315   Thumb Code     4  stm32h7xx_it.o(i.UsageFault_Handler)
    __ARM_fpclassify                         0x08008319   Thumb Code    48  fpclassify.o(i.__ARM_fpclassify)
    __hardfp_cos                             0x08008381   Thumb Code   158  cos.o(i.__hardfp_cos)
    __hardfp_roundf                          0x08008431   Thumb Code   154  roundf.o(i.__hardfp_roundf)
    __hardfp_sin                             0x080084d1   Thumb Code   158  sin.o(i.__hardfp_sin)
    __ieee754_rem_pio2                       0x08008581   Thumb Code   646  rred.o(i.__ieee754_rem_pio2)
    __kernel_cos                             0x08008891   Thumb Code   182  cos_i.o(i.__kernel_cos)
    __kernel_poly                            0x08008971   Thumb Code   112  poly.o(i.__kernel_poly)
    __kernel_sin                             0x080089e1   Thumb Code   144  sin_i.o(i.__kernel_sin)
    __mathlib_dbl_invalid                    0x08008a89   Thumb Code    10  dunder.o(i.__mathlib_dbl_invalid)
    __mathlib_dbl_underflow                  0x08008aa1   Thumb Code    10  dunder.o(i.__mathlib_dbl_underflow)
    _is_digit                                0x08008ab9   Thumb Code    14  __printf_wp.o(i._is_digit)
    decode_uart                              0x08008ead   Thumb Code   158  main.o(i.decode_uart)
    fabs                                     0x08008f51   Thumb Code    24  fabs.o(i.fabs)
    invfreqs_stm32                           0x08008f69   Thumb Code   916  main.o(i.invfreqs_stm32)
    main                                     0x08009321   Thumb Code  3124  main.o(i.main)
    send_data                                0x08009fa1   Thumb Code   378  main.o(i.send_data)
    unwrap_deg                               0x0800a185   Thumb Code    70  main.o(i.unwrap_deg)
    _get_lc_numeric                          0x0800a1e5   Thumb Code    44  lc_numeric_c.o(locale$$code)
    __fpl_fnaninf                            0x0800a211   Thumb Code   140  fnaninf.o(x$fpl$fnaninf)
    _fp_init                                 0x0800a29d   Thumb Code    10  fpinit.o(x$fpl$fpinit)
    __fplib_config_fpu_vfp                   0x0800a2a5   Thumb Code     0  fpinit.o(x$fpl$fpinit)
    __fplib_config_pureend_doubles           0x0800a2a5   Thumb Code     0  fpinit.o(x$fpl$fpinit)
    _frnd                                    0x0800a2a9   Thumb Code    96  frnd.o(x$fpl$frnd)
    _printf_fp_dec                           0x0800a309   Thumb Code     4  printf1.o(x$fpl$printf1)
    __I$use$fp                               0x0800a30c   Number         0  usenofp.o(x$fpl$usenofp)
    DAC_OUT_VPP                              0x0800a330   Data           8  main.o(.constdata)
    ADC_IN_VPP                               0x0800a338   Data           8  main.o(.constdata)
    biaoding_values                          0x0800a340   Data         120  main.o(.constdata)
    UARTPrescTable                           0x0800a3c0   Data          24  stm32h7xx_hal_uart.o(.constdata)
    D1CorePrescTable                         0x0800a3e8   Data          16  system_stm32h7xx.o(.constdata)
    Region$$Table$$Base                      0x0800a5ac   Number         0  anon$$obj.o(Region$$Table)
    Region$$Table$$Limit                     0x0800a5cc   Number         0  anon$$obj.o(Region$$Table)
    simulation_en                            0x24000000   Data           1  main.o(.data)
    basic_freq                               0x24000008   Data           8  main.o(.data)
    spi_data                                 0x24000010   Data           2  main.o(.data)
    invs_cnt                                 0x24000012   Data           2  main.o(.data)
    freq_out                                 0x24000014   Data           4  main.o(.data)
    amp_out                                  0x24000018   Data           4  main.o(.data)
    freq_changed                             0x24000024   Data           1  main.o(.data)
    amp_changed                              0x24000025   Data           1  main.o(.data)
    start_study_flag                         0x24000026   Data           1  main.o(.data)
    single_freq_output                       0x24000027   Data           1  main.o(.data)
    auto_gain_mode                           0x24000028   Data           1  main.o(.data)
    simulate_mode                            0x24000029   Data           1  main.o(.data)
    single_freq_output_StatusChanged         0x2400002a   Data           1  main.o(.data)
    auto_gain_mode_StatusChanged             0x2400002b   Data           1  main.o(.data)
    simulate_mode_StatusChanged              0x2400002c   Data           1  main.o(.data)
    uwTick                                   0x24000030   Data           4  stm32h7xx_hal.o(.data)
    uwTickPrio                               0x24000034   Data           4  stm32h7xx_hal.o(.data)
    uwTickFreq                               0x24000038   Data           1  stm32h7xx_hal.o(.data)
    SystemCoreClock                          0x2400003c   Data           4  system_stm32h7xx.o(.data)
    SystemD2Clock                            0x24000040   Data           4  system_stm32h7xx.o(.data)
    hspi1                                    0x24000048   Data         136  main.o(.bss)
    huart1                                   0x240000d0   Data         148  main.o(.bss)
    hdma_usart1_rx                           0x24000164   Data         120  main.o(.bss)
    hdma_usart1_tx                           0x240001dc   Data         120  main.o(.bss)
    w                                        0x24000258   Data        1000  main.o(.bss)
    h                                        0x24000640   Data        2000  main.o(.bss)
    amp_freq                                 0x24000e10   Data        1000  main.o(.bss)
    phase_freq                               0x240011f8   Data        1000  main.o(.bss)
    UART_data_buf                            0x240015e0   Data         100  main.o(.bss)
    __libspace_start                         0x24007318   Data          96  libspace.o(.bss)
    __temporary_stack_top$libspace           0x24007378   Data           0  libspace.o(.bss)



==============================================================================

Memory Map of the image

  Image Entry point : 0x08000299

  Load Region LR_IROM1 (Base: 0x08000000, Size: 0x0000a62c, Max: 0x00020000, ABSOLUTE)

    Execution Region ER_IROM1 (Exec base: 0x08000000, Load base: 0x08000000, Size: 0x0000a5e8, Max: 0x00020000, ABSOLUTE)

    Exec Addr    Load Addr    Size         Type   Attr      Idx    E Section Name        Object

    0x08000000   0x08000000   0x00000298   Data   RO            3    RESET               startup_stm32h750xx.o
    0x08000298   0x08000298   0x00000008   Code   RO         3901  * !!!main             c_w.l(__main.o)
    0x080002a0   0x080002a0   0x00000034   Code   RO         4202    !!!scatter          c_w.l(__scatter.o)
    0x080002d4   0x080002d4   0x0000001a   Code   RO         4204    !!handler_copy      c_w.l(__scatter_copy.o)
    0x080002ee   0x080002ee   0x00000002   PAD
    0x080002f0   0x080002f0   0x0000001c   Code   RO         4206    !!handler_zi        c_w.l(__scatter_zi.o)
    0x0800030c   0x0800030c   0x00000000   Code   RO         3892    .ARM.Collect$$_printf_percent$$00000000  c_w.l(_printf_percent.o)
    0x0800030c   0x0800030c   0x00000006   Code   RO         3891    .ARM.Collect$$_printf_percent$$00000004  c_w.l(_printf_e.o)
    0x08000312   0x08000312   0x00000006   Code   RO         3890    .ARM.Collect$$_printf_percent$$00000014  c_w.l(_printf_s.o)
    0x08000318   0x08000318   0x00000004   Code   RO         3950    .ARM.Collect$$_printf_percent$$00000017  c_w.l(_printf_percent_end.o)
    0x0800031c   0x0800031c   0x00000002   Code   RO         4075    .ARM.Collect$$libinit$$00000000  c_w.l(libinit.o)
    0x0800031e   0x0800031e   0x00000004   Code   RO         4076    .ARM.Collect$$libinit$$00000001  c_w.l(libinit2.o)
    0x08000322   0x08000322   0x00000000   Code   RO         4079    .ARM.Collect$$libinit$$00000004  c_w.l(libinit2.o)
    0x08000322   0x08000322   0x00000000   Code   RO         4082    .ARM.Collect$$libinit$$0000000A  c_w.l(libinit2.o)
    0x08000322   0x08000322   0x00000000   Code   RO         4084    .ARM.Collect$$libinit$$0000000C  c_w.l(libinit2.o)
    0x08000322   0x08000322   0x00000000   Code   RO         4086    .ARM.Collect$$libinit$$0000000E  c_w.l(libinit2.o)
    0x08000322   0x08000322   0x00000006   Code   RO         4087    .ARM.Collect$$libinit$$0000000F  c_w.l(libinit2.o)
    0x08000328   0x08000328   0x00000000   Code   RO         4089    .ARM.Collect$$libinit$$00000011  c_w.l(libinit2.o)
    0x08000328   0x08000328   0x00000000   Code   RO         4091    .ARM.Collect$$libinit$$00000013  c_w.l(libinit2.o)
    0x08000328   0x08000328   0x00000000   Code   RO         4093    .ARM.Collect$$libinit$$00000015  c_w.l(libinit2.o)
    0x08000328   0x08000328   0x0000000a   Code   RO         4094    .ARM.Collect$$libinit$$00000016  c_w.l(libinit2.o)
    0x08000332   0x08000332   0x00000000   Code   RO         4095    .ARM.Collect$$libinit$$00000017  c_w.l(libinit2.o)
    0x08000332   0x08000332   0x00000000   Code   RO         4097    .ARM.Collect$$libinit$$00000019  c_w.l(libinit2.o)
    0x08000332   0x08000332   0x00000000   Code   RO         4099    .ARM.Collect$$libinit$$0000001B  c_w.l(libinit2.o)
    0x08000332   0x08000332   0x00000000   Code   RO         4101    .ARM.Collect$$libinit$$0000001D  c_w.l(libinit2.o)
    0x08000332   0x08000332   0x00000000   Code   RO         4103    .ARM.Collect$$libinit$$0000001F  c_w.l(libinit2.o)
    0x08000332   0x08000332   0x00000000   Code   RO         4105    .ARM.Collect$$libinit$$00000021  c_w.l(libinit2.o)
    0x08000332   0x08000332   0x00000000   Code   RO         4107    .ARM.Collect$$libinit$$00000023  c_w.l(libinit2.o)
    0x08000332   0x08000332   0x00000000   Code   RO         4109    .ARM.Collect$$libinit$$00000025  c_w.l(libinit2.o)
    0x08000332   0x08000332   0x00000000   Code   RO         4113    .ARM.Collect$$libinit$$0000002C  c_w.l(libinit2.o)
    0x08000332   0x08000332   0x00000000   Code   RO         4115    .ARM.Collect$$libinit$$0000002E  c_w.l(libinit2.o)
    0x08000332   0x08000332   0x00000000   Code   RO         4117    .ARM.Collect$$libinit$$00000030  c_w.l(libinit2.o)
    0x08000332   0x08000332   0x00000000   Code   RO         4119    .ARM.Collect$$libinit$$00000032  c_w.l(libinit2.o)
    0x08000332   0x08000332   0x00000002   Code   RO         4120    .ARM.Collect$$libinit$$00000033  c_w.l(libinit2.o)
    0x08000334   0x08000334   0x00000002   Code   RO         4167    .ARM.Collect$$libshutdown$$00000000  c_w.l(libshutdown.o)
    0x08000336   0x08000336   0x00000000   Code   RO         4185    .ARM.Collect$$libshutdown$$00000002  c_w.l(libshutdown2.o)
    0x08000336   0x08000336   0x00000000   Code   RO         4187    .ARM.Collect$$libshutdown$$00000004  c_w.l(libshutdown2.o)
    0x08000336   0x08000336   0x00000000   Code   RO         4190    .ARM.Collect$$libshutdown$$00000007  c_w.l(libshutdown2.o)
    0x08000336   0x08000336   0x00000000   Code   RO         4193    .ARM.Collect$$libshutdown$$0000000A  c_w.l(libshutdown2.o)
    0x08000336   0x08000336   0x00000000   Code   RO         4195    .ARM.Collect$$libshutdown$$0000000C  c_w.l(libshutdown2.o)
    0x08000336   0x08000336   0x00000000   Code   RO         4198    .ARM.Collect$$libshutdown$$0000000F  c_w.l(libshutdown2.o)
    0x08000336   0x08000336   0x00000002   Code   RO         4199    .ARM.Collect$$libshutdown$$00000010  c_w.l(libshutdown2.o)
    0x08000338   0x08000338   0x00000000   Code   RO         3933    .ARM.Collect$$rtentry$$00000000  c_w.l(__rtentry.o)
    0x08000338   0x08000338   0x00000000   Code   RO         3983    .ARM.Collect$$rtentry$$00000002  c_w.l(__rtentry2.o)
    0x08000338   0x08000338   0x00000006   Code   RO         3995    .ARM.Collect$$rtentry$$00000004  c_w.l(__rtentry4.o)
    0x0800033e   0x0800033e   0x00000000   Code   RO         3985    .ARM.Collect$$rtentry$$00000009  c_w.l(__rtentry2.o)
    0x0800033e   0x0800033e   0x00000004   Code   RO         3986    .ARM.Collect$$rtentry$$0000000A  c_w.l(__rtentry2.o)
    0x08000342   0x08000342   0x00000000   Code   RO         3988    .ARM.Collect$$rtentry$$0000000C  c_w.l(__rtentry2.o)
    0x08000342   0x08000342   0x00000008   Code   RO         3989    .ARM.Collect$$rtentry$$0000000D  c_w.l(__rtentry2.o)
    0x0800034a   0x0800034a   0x00000002   Code   RO         4121    .ARM.Collect$$rtexit$$00000000  c_w.l(rtexit.o)
    0x0800034c   0x0800034c   0x00000000   Code   RO         4136    .ARM.Collect$$rtexit$$00000002  c_w.l(rtexit2.o)
    0x0800034c   0x0800034c   0x00000004   Code   RO         4137    .ARM.Collect$$rtexit$$00000003  c_w.l(rtexit2.o)
    0x08000350   0x08000350   0x00000006   Code   RO         4138    .ARM.Collect$$rtexit$$00000004  c_w.l(rtexit2.o)
    0x08000356   0x08000356   0x00000002   PAD
    0x08000358   0x08000358   0x00000048   Code   RO            4    .text               startup_stm32h750xx.o
    0x080003a0   0x080003a0   0x000000ee   Code   RO         3856    .text               c_w.l(lludivv7m.o)
    0x0800048e   0x0800048e   0x00000002   PAD
    0x08000490   0x08000490   0x0000002c   Code   RO         3858    .text               c_w.l(__2sprintf.o)
    0x080004bc   0x080004bc   0x00000038   Code   RO         3860    .text               c_w.l(__2snprintf.o)
    0x080004f4   0x080004f4   0x00000052   Code   RO         3868    .text               c_w.l(_printf_str.o)
    0x08000546   0x08000546   0x0000010e   Code   RO         3878    .text               c_w.l(__printf_wp.o)
    0x08000654   0x08000654   0x00000058   Code   RO         3893    .text               c_w.l(memcmp.o)
    0x080006ac   0x080006ac   0x00000064   Code   RO         3895    .text               c_w.l(rt_memcpy_w.o)
    0x08000710   0x08000710   0x0000004e   Code   RO         3897    .text               c_w.l(rt_memclr_w.o)
    0x0800075e   0x0800075e   0x00000006   Code   RO         3899    .text               c_w.l(heapauxi.o)
    0x08000764   0x08000764   0x00000016   Code   RO         3938    .text               c_w.l(_rserrno.o)
    0x0800077a   0x0800077a   0x0000041e   Code   RO         3940    .text               c_w.l(_printf_fp_dec.o)
    0x08000b98   0x08000b98   0x00000030   Code   RO         3942    .text               c_w.l(_printf_char_common.o)
    0x08000bc8   0x08000bc8   0x0000000a   Code   RO         3944    .text               c_w.l(_sputc.o)
    0x08000bd2   0x08000bd2   0x00000010   Code   RO         3946    .text               c_w.l(_snputc.o)
    0x08000be2   0x08000be2   0x0000002c   Code   RO         3948    .text               c_w.l(_printf_char.o)
    0x08000c0e   0x08000c0e   0x00000002   PAD
    0x08000c10   0x08000c10   0x00000008   Code   RO         4002    .text               c_w.l(rt_locale_intlibspace.o)
    0x08000c18   0x08000c18   0x00000008   Code   RO         4007    .text               c_w.l(rt_errno_addr_intlibspace.o)
    0x08000c20   0x08000c20   0x0000008a   Code   RO         4009    .text               c_w.l(lludiv10.o)
    0x08000caa   0x08000caa   0x00000002   PAD
    0x08000cac   0x08000cac   0x00000080   Code   RO         4011    .text               c_w.l(_printf_fp_infnan.o)
    0x08000d2c   0x08000d2c   0x000000e4   Code   RO         4015    .text               c_w.l(bigflt0.o)
    0x08000e10   0x08000e10   0x00000008   Code   RO         4057    .text               c_w.l(libspace.o)
    0x08000e18   0x08000e18   0x0000004a   Code   RO         4060    .text               c_w.l(sys_stackheap_outer.o)
    0x08000e62   0x08000e62   0x00000012   Code   RO         4062    .text               c_w.l(exit.o)
    0x08000e74   0x08000e74   0x00000068   Code   RO         4068    .text               c_w.l(strcmpv7m_pel.o)
    0x08000edc   0x08000edc   0x0000000c   Code   RO         4133    .text               c_w.l(sys_exit.o)
    0x08000ee8   0x08000ee8   0x00000002   Code   RO         4154    .text               c_w.l(use_no_semi.o)
    0x08000eea   0x08000eea   0x00000000   Code   RO         4156    .text               c_w.l(indicate_semi.o)
    0x08000eea   0x08000eea   0x0000003e   Code   RO         4018    CL$$btod_d2e        c_w.l(btod.o)
    0x08000f28   0x08000f28   0x00000046   Code   RO         4020    CL$$btod_d2e_denorm_low  c_w.l(btod.o)
    0x08000f6e   0x08000f6e   0x00000060   Code   RO         4019    CL$$btod_d2e_norm_op1  c_w.l(btod.o)
    0x08000fce   0x08000fce   0x00000338   Code   RO         4028    CL$$btod_div_common  c_w.l(btod.o)
    0x08001306   0x08001306   0x000000dc   Code   RO         4025    CL$$btod_e2e        c_w.l(btod.o)
    0x080013e2   0x080013e2   0x0000002a   Code   RO         4022    CL$$btod_ediv       c_w.l(btod.o)
    0x0800140c   0x0800140c   0x0000002a   Code   RO         4021    CL$$btod_emul       c_w.l(btod.o)
    0x08001436   0x08001436   0x00000244   Code   RO         4027    CL$$btod_mult_common  c_w.l(btod.o)
    0x0800167a   0x0800167a   0x00000004   Code   RO          278    i.BusFault_Handler  stm32h7xx_it.o
    0x0800167e   0x0800167e   0x00000002   PAD
    0x08001680   0x08001680   0x00000010   Code   RO          279    i.DMA1_Stream0_IRQHandler  stm32h7xx_it.o
    0x08001690   0x08001690   0x00000010   Code   RO          280    i.DMA1_Stream1_IRQHandler  stm32h7xx_it.o
    0x080016a0   0x080016a0   0x000000ec   Code   RO         1279    i.DMA_CalcBaseAndBitshift  stm32h7xx_hal_dma.o
    0x0800178c   0x0800178c   0x000000c4   Code   RO         1280    i.DMA_CalcDMAMUXChannelBaseAndMask  stm32h7xx_hal_dma.o
    0x08001850   0x08001850   0x00000098   Code   RO         1281    i.DMA_CalcDMAMUXRequestGenBaseAndMask  stm32h7xx_hal_dma.o
    0x080018e8   0x080018e8   0x000000ae   Code   RO         1282    i.DMA_CheckFifoParam  stm32h7xx_hal_dma.o
    0x08001996   0x08001996   0x00000002   PAD
    0x08001998   0x08001998   0x00000274   Code   RO         1283    i.DMA_SetConfig     stm32h7xx_hal_dma.o
    0x08001c0c   0x08001c0c   0x00000002   Code   RO          281    i.DebugMon_Handler  stm32h7xx_it.o
    0x08001c0e   0x08001c0e   0x00000006   Code   RO           13    i.Error_Handler     main.o
    0x08001c14   0x08001c14   0x00000024   Code   RO         3814    i.ExitRun0Mode      system_stm32h7xx.o
    0x08001c38   0x08001c38   0x000004dc   Code   RO         1284    i.HAL_DMA_Abort     stm32h7xx_hal_dma.o
    0x08002114   0x08002114   0x00000398   Code   RO         1285    i.HAL_DMA_Abort_IT  stm32h7xx_hal_dma.o
    0x080024ac   0x080024ac   0x00000af8   Code   RO         1289    i.HAL_DMA_IRQHandler  stm32h7xx_hal_dma.o
    0x08002fa4   0x08002fa4   0x00000520   Code   RO         1290    i.HAL_DMA_Init      stm32h7xx_hal_dma.o
    0x080034c4   0x080034c4   0x000003e0   Code   RO         1294    i.HAL_DMA_Start_IT  stm32h7xx_hal_dma.o
    0x080038a4   0x080038a4   0x00000028   Code   RO         1993    i.HAL_Delay         stm32h7xx_hal.o
    0x080038cc   0x080038cc   0x000001fc   Code   RO         1132    i.HAL_GPIO_Init     stm32h7xx_hal_gpio.o
    0x08003ac8   0x08003ac8   0x0000000c   Code   RO         1136    i.HAL_GPIO_WritePin  stm32h7xx_hal_gpio.o
    0x08003ad4   0x08003ad4   0x0000000c   Code   RO         2004    i.HAL_GetREVID      stm32h7xx_hal.o
    0x08003ae0   0x08003ae0   0x0000000c   Code   RO         2005    i.HAL_GetTick       stm32h7xx_hal.o
    0x08003aec   0x08003aec   0x00000018   Code   RO         2011    i.HAL_IncTick       stm32h7xx_hal.o
    0x08003b04   0x08003b04   0x00000060   Code   RO         2012    i.HAL_Init          stm32h7xx_hal.o
    0x08003b64   0x08003b64   0x00000058   Code   RO         2013    i.HAL_InitTick      stm32h7xx_hal.o
    0x08003bbc   0x08003bbc   0x00000024   Code   RO          372    i.HAL_MspInit       stm32h7xx_hal_msp.o
    0x08003be0   0x08003be0   0x00000028   Code   RO          429    i.HAL_NVIC_EnableIRQ  stm32h7xx_hal_cortex.o
    0x08003c08   0x08003c08   0x0000007a   Code   RO          435    i.HAL_NVIC_SetPriority  stm32h7xx_hal_cortex.o
    0x08003c82   0x08003c82   0x00000002   PAD
    0x08003c84   0x08003c84   0x00000028   Code   RO          436    i.HAL_NVIC_SetPriorityGrouping  stm32h7xx_hal_cortex.o
    0x08003cac   0x08003cac   0x00000060   Code   RO         1733    i.HAL_PWREx_ConfigSupply  stm32h7xx_hal_pwr_ex.o
    0x08003d0c   0x08003d0c   0x00000024   Code   RO          695    i.HAL_RCCEx_GetD3PCLK1Freq  stm32h7xx_hal_rcc_ex.o
    0x08003d30   0x08003d30   0x00000230   Code   RO          697    i.HAL_RCCEx_GetPLL2ClockFreq  stm32h7xx_hal_rcc_ex.o
    0x08003f60   0x08003f60   0x00000230   Code   RO          698    i.HAL_RCCEx_GetPLL3ClockFreq  stm32h7xx_hal_rcc_ex.o
    0x08004190   0x08004190   0x00000d68   Code   RO          704    i.HAL_RCCEx_PeriphCLKConfig  stm32h7xx_hal_rcc_ex.o
    0x08004ef8   0x08004ef8   0x00000320   Code   RO          580    i.HAL_RCC_ClockConfig  stm32h7xx_hal_rcc.o
    0x08005218   0x08005218   0x0000004c   Code   RO          585    i.HAL_RCC_GetHCLKFreq  stm32h7xx_hal_rcc.o
    0x08005264   0x08005264   0x00000024   Code   RO          587    i.HAL_RCC_GetPCLK1Freq  stm32h7xx_hal_rcc.o
    0x08005288   0x08005288   0x00000024   Code   RO          588    i.HAL_RCC_GetPCLK2Freq  stm32h7xx_hal_rcc.o
    0x080052ac   0x080052ac   0x0000022c   Code   RO          589    i.HAL_RCC_GetSysClockFreq  stm32h7xx_hal_rcc.o
    0x080054d8   0x080054d8   0x00000858   Code   RO          592    i.HAL_RCC_OscConfig  stm32h7xx_hal_rcc.o
    0x08005d30   0x08005d30   0x000001b0   Code   RO         2907    i.HAL_SPI_Init      stm32h7xx_hal_spi.o
    0x08005ee0   0x08005ee0   0x000000b4   Code   RO          374    i.HAL_SPI_MspInit   stm32h7xx_hal_msp.o
    0x08005f94   0x08005f94   0x00000344   Code   RO         2910    i.HAL_SPI_Receive   stm32h7xx_hal_spi.o
    0x080062d8   0x080062d8   0x000002b4   Code   RO         2916    i.HAL_SPI_Transmit  stm32h7xx_hal_spi.o
    0x0800658c   0x0800658c   0x00000034   Code   RO          440    i.HAL_SYSTICK_Config  stm32h7xx_hal_cortex.o
    0x080065c0   0x080065c0   0x0000004e   Code   RO         3691    i.HAL_UARTEx_DisableFifoMode  stm32h7xx_hal_uart_ex.o
    0x0800660e   0x0800660e   0x00000062   Code   RO         3697    i.HAL_UARTEx_ReceiveToIdle_DMA  stm32h7xx_hal_uart_ex.o
    0x08006670   0x08006670   0x000001a4   Code   RO           14    i.HAL_UARTEx_RxEventCallback  main.o
    0x08006814   0x08006814   0x00000002   Code   RO         3699    i.HAL_UARTEx_RxFifoFullCallback  stm32h7xx_hal_uart_ex.o
    0x08006816   0x08006816   0x0000005e   Code   RO         3700    i.HAL_UARTEx_SetRxFifoThreshold  stm32h7xx_hal_uart_ex.o
    0x08006874   0x08006874   0x0000005e   Code   RO         3701    i.HAL_UARTEx_SetTxFifoThreshold  stm32h7xx_hal_uart_ex.o
    0x080068d2   0x080068d2   0x00000002   Code   RO         3703    i.HAL_UARTEx_TxFifoEmptyCallback  stm32h7xx_hal_uart_ex.o
    0x080068d4   0x080068d4   0x00000002   Code   RO         3704    i.HAL_UARTEx_WakeupCallback  stm32h7xx_hal_uart_ex.o
    0x080068d6   0x080068d6   0x00000002   Code   RO         3291    i.HAL_UART_ErrorCallback  stm32h7xx_hal_uart.o
    0x080068d8   0x080068d8   0x000004b6   Code   RO         3294    i.HAL_UART_IRQHandler  stm32h7xx_hal_uart.o
    0x08006d8e   0x08006d8e   0x00000078   Code   RO         3295    i.HAL_UART_Init     stm32h7xx_hal_uart.o
    0x08006e06   0x08006e06   0x00000002   PAD
    0x08006e08   0x08006e08   0x00000130   Code   RO          376    i.HAL_UART_MspInit  stm32h7xx_hal_msp.o
    0x08006f38   0x08006f38   0x00000002   Code   RO         3302    i.HAL_UART_RxCpltCallback  stm32h7xx_hal_uart.o
    0x08006f3a   0x08006f3a   0x00000002   Code   RO         3303    i.HAL_UART_RxHalfCpltCallback  stm32h7xx_hal_uart.o
    0x08006f3c   0x08006f3c   0x000000c2   Code   RO         3304    i.HAL_UART_Transmit  stm32h7xx_hal_uart.o
    0x08006ffe   0x08006ffe   0x00000002   Code   RO         3307    i.HAL_UART_TxCpltCallback  stm32h7xx_hal_uart.o
    0x08007000   0x08007000   0x00000004   Code   RO          282    i.HardFault_Handler  stm32h7xx_it.o
    0x08007004   0x08007004   0x00000044   Code   RO           15    i.MX_DMA_Init       main.o
    0x08007048   0x08007048   0x00000088   Code   RO           16    i.MX_GPIO_Init      main.o
    0x080070d0   0x080070d0   0x00000064   Code   RO           17    i.MX_SPI1_Init      main.o
    0x08007134   0x08007134   0x0000006c   Code   RO           18    i.MX_USART1_UART_Init  main.o
    0x080071a0   0x080071a0   0x00000004   Code   RO          283    i.MemManage_Handler  stm32h7xx_it.o
    0x080071a4   0x080071a4   0x00000004   Code   RO          284    i.NMI_Handler       stm32h7xx_it.o
    0x080071a8   0x080071a8   0x00000002   Code   RO          285    i.PendSV_Handler    stm32h7xx_it.o
    0x080071aa   0x080071aa   0x00000002   PAD
    0x080071ac   0x080071ac   0x00000164   Code   RO          707    i.RCCEx_PLL2_Config  stm32h7xx_hal_rcc_ex.o
    0x08007310   0x08007310   0x00000164   Code   RO          708    i.RCCEx_PLL3_Config  stm32h7xx_hal_rcc_ex.o
    0x08007474   0x08007474   0x000000d6   Code   RO         2927    i.SPI_CloseTransfer  stm32h7xx_hal_spi.o
    0x0800754a   0x0800754a   0x0000001a   Code   RO         2938    i.SPI_GetPacketSize  stm32h7xx_hal_spi.o
    0x08007564   0x08007564   0x00000042   Code   RO         2945    i.SPI_WaitOnFlagUntilTimeout  stm32h7xx_hal_spi.o
    0x080075a6   0x080075a6   0x00000002   Code   RO          286    i.SVC_Handler       stm32h7xx_it.o
    0x080075a8   0x080075a8   0x00000008   Code   RO          287    i.SysTick_Handler   stm32h7xx_it.o
    0x080075b0   0x080075b0   0x000000d0   Code   RO           19    i.SystemClock_Config  main.o
    0x08007680   0x08007680   0x00000128   Code   RO         3816    i.SystemInit        system_stm32h7xx.o
    0x080077a8   0x080077a8   0x00000058   Code   RO         3705    i.UARTEx_SetNbDataToProcess  stm32h7xx_hal_uart_ex.o
    0x08007800   0x08007800   0x000000f8   Code   RO         3309    i.UART_AdvFeatureConfig  stm32h7xx_hal_uart.o
    0x080078f8   0x080078f8   0x000000ea   Code   RO         3310    i.UART_CheckIdleState  stm32h7xx_hal_uart.o
    0x080079e2   0x080079e2   0x00000014   Code   RO         3311    i.UART_DMAAbortOnError  stm32h7xx_hal_uart.o
    0x080079f6   0x080079f6   0x0000005e   Code   RO         3312    i.UART_DMAError     stm32h7xx_hal_uart.o
    0x08007a54   0x08007a54   0x000000ae   Code   RO         3313    i.UART_DMAReceiveCplt  stm32h7xx_hal_uart.o
    0x08007b02   0x08007b02   0x00000026   Code   RO         3315    i.UART_DMARxHalfCplt  stm32h7xx_hal_uart.o
    0x08007b28   0x08007b28   0x0000006c   Code   RO         3321    i.UART_EndRxTransfer  stm32h7xx_hal_uart.o
    0x08007b94   0x08007b94   0x00000030   Code   RO         3322    i.UART_EndTransmit_IT  stm32h7xx_hal_uart.o
    0x08007bc4   0x08007bc4   0x00000040   Code   RO         3323    i.UART_EndTxTransfer  stm32h7xx_hal_uart.o
    0x08007c04   0x08007c04   0x0000058c   Code   RO         3328    i.UART_SetConfig    stm32h7xx_hal_uart.o
    0x08008190   0x08008190   0x000000c8   Code   RO         3329    i.UART_Start_Receive_DMA  stm32h7xx_hal_uart.o
    0x08008258   0x08008258   0x000000ac   Code   RO         3335    i.UART_WaitOnFlagUntilTimeout  stm32h7xx_hal_uart.o
    0x08008304   0x08008304   0x00000010   Code   RO          288    i.USART1_IRQHandler  stm32h7xx_it.o
    0x08008314   0x08008314   0x00000004   Code   RO          289    i.UsageFault_Handler  stm32h7xx_it.o
    0x08008318   0x08008318   0x00000030   Code   RO         4053    i.__ARM_fpclassify  m_wv.l(fpclassify.o)
    0x08008348   0x08008348   0x00000010   Code   RO          442    i.__NVIC_GetPriorityGrouping  stm32h7xx_hal_cortex.o
    0x08008358   0x08008358   0x00000028   Code   RO          443    i.__NVIC_SetPriority  stm32h7xx_hal_cortex.o
    0x08008380   0x08008380   0x000000b0   Code   RO         3905    i.__hardfp_cos      m_wv.l(cos.o)
    0x08008430   0x08008430   0x000000a0   Code   RO         3929    i.__hardfp_roundf   m_wv.l(roundf.o)
    0x080084d0   0x080084d0   0x000000b0   Code   RO         3917    i.__hardfp_sin      m_wv.l(sin.o)
    0x08008580   0x08008580   0x00000310   Code   RO         3971    i.__ieee754_rem_pio2  m_wv.l(rred.o)
    0x08008890   0x08008890   0x000000e0   Code   RO         3954    i.__kernel_cos      m_wv.l(cos_i.o)
    0x08008970   0x08008970   0x00000070   Code   RO         4055    i.__kernel_poly     m_wv.l(poly.o)
    0x080089e0   0x080089e0   0x000000a8   Code   RO         3976    i.__kernel_sin      m_wv.l(sin_i.o)
    0x08008a88   0x08008a88   0x00000018   Code   RO         3960    i.__mathlib_dbl_invalid  m_wv.l(dunder.o)
    0x08008aa0   0x08008aa0   0x00000018   Code   RO         3963    i.__mathlib_dbl_underflow  m_wv.l(dunder.o)
    0x08008ab8   0x08008ab8   0x0000000e   Code   RO         3880    i._is_digit         c_w.l(__printf_wp.o)
    0x08008ac6   0x08008ac6   0x0000001c   Code   RO           20    i.complex_abs_sq    main.o
    0x08008ae2   0x08008ae2   0x00000032   Code   RO           21    i.complex_add       main.o
    0x08008b14   0x08008b14   0x00000026   Code   RO           22    i.complex_conj      main.o
    0x08008b3a   0x08008b3a   0x00000002   PAD
    0x08008b3c   0x08008b3c   0x00000084   Code   RO           23    i.complex_div       main.o
    0x08008bc0   0x08008bc0   0x00000270   Code   RO           24    i.complex_matrix_invert_gauss_jordan  main.o
    0x08008e30   0x08008e30   0x0000004a   Code   RO           25    i.complex_mul       main.o
    0x08008e7a   0x08008e7a   0x00000032   Code   RO           27    i.complex_sub       main.o
    0x08008eac   0x08008eac   0x000000a4   Code   RO           28    i.decode_uart       main.o
    0x08008f50   0x08008f50   0x00000018   Code   RO         4049    i.fabs              m_wv.l(fabs.o)
    0x08008f68   0x08008f68   0x000003b8   Code   RO           29    i.invfreqs_stm32    main.o
    0x08009320   0x08009320   0x00000c80   Code   RO           30    i.main              main.o
    0x08009fa0   0x08009fa0   0x000001e4   Code   RO           31    i.send_data         main.o
    0x0800a184   0x0800a184   0x00000060   Code   RO           33    i.unwrap_deg        main.o
    0x0800a1e4   0x0800a1e4   0x0000002c   Code   RO         4041    locale$$code        c_w.l(lc_numeric_c.o)
    0x0800a210   0x0800a210   0x0000008c   Code   RO         4043    x$fpl$fnaninf       fz_wv.l(fnaninf.o)
    0x0800a29c   0x0800a29c   0x0000000a   Code   RO         4131    x$fpl$fpinit        fz_wv.l(fpinit.o)
    0x0800a2a6   0x0800a2a6   0x00000002   PAD
    0x0800a2a8   0x0800a2a8   0x00000060   Code   RO         3951    x$fpl$frnd          fz_wv.l(frnd.o)
    0x0800a308   0x0800a308   0x00000004   Code   RO         3903    x$fpl$printf1       fz_wv.l(printf1.o)
    0x0800a30c   0x0800a30c   0x00000000   Code   RO         3953    x$fpl$usenofp       fz_wv.l(usenofp.o)
    0x0800a30c   0x0800a30c   0x00000004   PAD
    0x0800a310   0x0800a310   0x000000a8   Data   RO           35    .constdata          main.o
    0x0800a3b8   0x0800a3b8   0x00000008   Data   RO         1296    .constdata          stm32h7xx_hal_dma.o
    0x0800a3c0   0x0800a3c0   0x00000018   Data   RO         3336    .constdata          stm32h7xx_hal_uart.o
    0x0800a3d8   0x0800a3d8   0x00000010   Data   RO         3707    .constdata          stm32h7xx_hal_uart_ex.o
    0x0800a3e8   0x0800a3e8   0x00000010   Data   RO         3817    .constdata          system_stm32h7xx.o
    0x0800a3f8   0x0800a3f8   0x00000030   Data   RO         3955    .constdata          m_wv.l(cos_i.o)
    0x0800a428   0x0800a428   0x000000c8   Data   RO         3973    .constdata          m_wv.l(rred.o)
    0x0800a4f0   0x0800a4f0   0x00000028   Data   RO         3977    .constdata          m_wv.l(sin_i.o)
    0x0800a518   0x0800a518   0x00000094   Data   RO         4016    .constdata          c_w.l(bigflt0.o)
    0x0800a5ac   0x0800a5ac   0x00000020   Data   RO         4200    Region$$Table       anon$$obj.o
    0x0800a5cc   0x0800a5cc   0x0000001c   Data   RO         4040    locale$$data        c_w.l(lc_numeric_c.o)


    Execution Region RW_IRAM1 (Exec base: 0x20000000, Load base: 0x0800a5e8, Size: 0x00000000, Max: 0x00020000, ABSOLUTE)

    **** No section assigned to this execution region ****


    Execution Region RW_IRAM2 (Exec base: 0x24000000, Load base: 0x0800a5e8, Size: 0x00007978, Max: 0x00080000, ABSOLUTE)

    Exec Addr    Load Addr    Size         Type   Attr      Idx    E Section Name        Object

    0x24000000   0x0800a5e8   0x0000002d   Data   RW           36    .data               main.o
    0x2400002d   0x0800a615   0x00000003   PAD
    0x24000030   0x0800a618   0x00000009   Data   RW         2034    .data               stm32h7xx_hal.o
    0x24000039   0x0800a621   0x00000003   PAD
    0x2400003c   0x0800a624   0x00000008   Data   RW         3818    .data               system_stm32h7xx.o
    0x24000044   0x0800a62c   0x00000004   PAD
    0x24000048        -       0x000072d0   Zero   RW           34    .bss                main.o
    0x24007318        -       0x00000060   Zero   RW         4058    .bss                c_w.l(libspace.o)
    0x24007378        -       0x00000200   Zero   RW            2    HEAP                startup_stm32h750xx.o
    0x24007578        -       0x00000400   Zero   RW            1    STACK               startup_stm32h750xx.o


==============================================================================

Image component sizes


      Code (inc. data)   RO Data    RW Data    ZI Data      Debug   Object Name

      6938        774        168         45      29392    1273383   main.o
        72         30        664          0       1536        844   startup_stm32h750xx.o
       272         52          0          9          0      23448   stm32h7xx_hal.o
       310         22          0          0          0      40039   stm32h7xx_hal_cortex.o
      8662        168          8          0          0      13310   stm32h7xx_hal_dma.o
       520         52          0          0          0       2236   stm32h7xx_hal_gpio.o
       520         42          0          0          0       2711   stm32h7xx_hal_msp.o
        96          6          0          0          0        773   stm32h7xx_hal_pwr_ex.o
      3640        114          0          0          0       7012   stm32h7xx_hal_rcc.o
      5300        108          0          0          0       7389   stm32h7xx_hal_rcc_ex.o
      2266         12          0          0          0       6476   stm32h7xx_hal_spi.o
      4348        160         24          0          0      35928   stm32h7xx_hal_uart.o
       458         10         16          0          0       6461   stm32h7xx_hal_uart_ex.o
        82         18          0          0          0       5706   stm32h7xx_it.o
       332         46         16          8          0       1905   system_stm32h7xx.o

    ----------------------------------------------------------------------
     33828       1614        928         68      30932    1427621   Object Totals
         0          0         32          0          0          0   (incl. Generated)
        12          0          0          6          4          0   (incl. Padding)

    ----------------------------------------------------------------------

      Code (inc. data)   RO Data    RW Data    ZI Data      Debug   Library Member Name

        56          6          0          0          0         88   __2snprintf.o
        44          6          0          0          0         84   __2sprintf.o
         8          0          0          0          0         68   __main.o
       284          0          0          0          0        156   __printf_wp.o
         0          0          0          0          0          0   __rtentry.o
        12          0          0          0          0          0   __rtentry2.o
         6          0          0          0          0          0   __rtentry4.o
        52          8          0          0          0          0   __scatter.o
        26          0          0          0          0          0   __scatter_copy.o
        28          0          0          0          0          0   __scatter_zi.o
        44          0          0          0          0        108   _printf_char.o
        48          6          0          0          0         96   _printf_char_common.o
         6          0          0          0          0          0   _printf_e.o
      1054          0          0          0          0        216   _printf_fp_dec.o
       128         16          0          0          0         84   _printf_fp_infnan.o
         0          0          0          0          0          0   _printf_percent.o
         4          0          0          0          0          0   _printf_percent_end.o
         6          0          0          0          0          0   _printf_s.o
        82          0          0          0          0         80   _printf_str.o
        22          0          0          0          0        100   _rserrno.o
        16          0          0          0          0         68   _snputc.o
        10          0          0          0          0         68   _sputc.o
       228          4        148          0          0         96   bigflt0.o
      1936        128          0          0          0        672   btod.o
        18          0          0          0          0         80   exit.o
         6          0          0          0          0        152   heapauxi.o
         0          0          0          0          0          0   indicate_semi.o
        44         10         28          0          0         76   lc_numeric_c.o
         2          0          0          0          0          0   libinit.o
        22          0          0          0          0          0   libinit2.o
         2          0          0          0          0          0   libshutdown.o
         2          0          0          0          0          0   libshutdown2.o
         8          4          0          0         96         68   libspace.o
       138          0          0          0          0         80   lludiv10.o
       238          0          0          0          0        100   lludivv7m.o
        88          0          0          0          0         76   memcmp.o
         8          4          0          0          0         68   rt_errno_addr_intlibspace.o
         8          4          0          0          0         68   rt_locale_intlibspace.o
        78          0          0          0          0         80   rt_memclr_w.o
       100          0          0          0          0         80   rt_memcpy_w.o
         2          0          0          0          0          0   rtexit.o
        10          0          0          0          0          0   rtexit2.o
       104          0          0          0          0         68   strcmpv7m_pel.o
        12          4          0          0          0         68   sys_exit.o
        74          0          0          0          0         80   sys_stackheap_outer.o
         2          0          0          0          0         68   use_no_semi.o
       140          4          0          0          0        132   fnaninf.o
        10          0          0          0          0        116   fpinit.o
        96          4          0          0          0        124   frnd.o
         4          0          0          0          0        116   printf1.o
         0          0          0          0          0          0   usenofp.o
       176         18          0          0          0        156   cos.o
       224         42         48          0          0        184   cos_i.o
        48         28          0          0          0        232   dunder.o
        24          0          0          0          0        124   fabs.o
        48          0          0          0          0        124   fpclassify.o
       112          0          0          0          0        116   poly.o
       160          6          0          0          0        140   roundf.o
       784        138        200          0          0        172   rred.o
       176         18          0          0          0        160   sin.o
       168         24         40          0          0        196   sin_i.o

    ----------------------------------------------------------------------
      7252        482        464          0         96       5288   Library Totals
        16          0          0          0          0          0   (incl. Padding)

    ----------------------------------------------------------------------

      Code (inc. data)   RO Data    RW Data    ZI Data      Debug   Library Name

      5066        200        176          0         96       3196   c_w.l
       250          8          0          0          0        488   fz_wv.l
      1920        274        288          0          0       1604   m_wv.l

    ----------------------------------------------------------------------
      7252        482        464          0         96       5288   Library Totals

    ----------------------------------------------------------------------

==============================================================================


      Code (inc. data)   RO Data    RW Data    ZI Data      Debug   

     41080       2096       1392         68      31028    1420041   Grand Totals
     41080       2096       1392         68      31028    1420041   ELF Image Totals
     41080       2096       1392         68          0          0   ROM Totals

==============================================================================

    Total RO  Size (Code + RO Data)                42472 (  41.48kB)
    Total RW  Size (RW Data + ZI Data)             31096 (  30.37kB)
    Total ROM Size (Code + RO Data + RW Data)      42540 (  41.54kB)

==============================================================================

